
[1m[30m[46m RUN [49m[39m[22m [36mv4.1.5 [39m[90mC:/Programs/OpenFrontIO[39m

 [32mΓ£ô[39m tests/MapManifestFlags.test.ts[2m > [22mMap manifests: nation flags exist[2m > [22mAll nations' flags reference existing SVG files[32m 135[2mms[22m[39m
 [32mΓ£ô[39m tests/client/graphics/RadialMenuElements.test.ts[2m > [22mRadialMenuElements[2m > [22mattackMenuElement[2m > [22mshould have correct basic properties[32m 7[2mms[22m[39m
 [32mΓ£ô[39m tests/client/graphics/RadialMenuElements.test.ts[2m > [22mRadialMenuElements[2m > [22mattackMenuElement[2m > [22mshould be disabled during spawn phase[32m 1[2mms[22m[39m
 [32mΓ£ô[39m tests/client/graphics/RadialMenuElements.test.ts[2m > [22mRadialMenuElements[2m > [22mattackMenuElement[2m > [22mshould be enabled when not in spawn phase[32m 1[2mms[22m[39m
 [32mΓ£ô[39m tests/client/graphics/RadialMenuElements.test.ts[2m > [22mRadialMenuElements[2m > [22mattackMenuElement[2m > [22mshould return attack submenu with attack units only[32m 3[2mms[22m[39m
 [32mΓ£ô[39m tests/client/graphics/RadialMenuElements.test.ts[2m > [22mRadialMenuElements[2m > [22mattackMenuElement[2m > [22mshould not include construction units in attack menu[32m 1[2mms[22m[39m
 [32mΓ£ô[39m tests/client/graphics/RadialMenuElements.test.ts[2m > [22mRadialMenuElements[2m > [22mattackMenuElement[2m > [22mshould handle undefined params in submenu[32m 1[2mms[22m[39m
 [32mΓ£ô[39m tests/client/graphics/RadialMenuElements.test.ts[2m > [22mRadialMenuElements[2m > [22mbuildMenuElement[2m > [22mshould have correct basic properties[32m 1[2mms[22m[39m
 [32mΓ£ô[39m tests/client/graphics/RadialMenuElements.test.ts[2m > [22mRadialMenuElements[2m > [22mbuildMenuElement[2m > [22mshould be disabled during spawn phase[32m 1[2mms[22m[39m
 [32mΓ£ô[39m tests/client/graphics/RadialMenuElements.test.ts[2m > [22mRadialMenuElements[2m > [22mbuildMenuElement[2m > [22mshould be enabled when not in spawn phase[32m 2[2mms[22m[39m
 [32mΓ£ô[39m tests/client/graphics/RadialMenuElements.test.ts[2m > [22mRadialMenuElements[2m > [22mbuildMenuElement[2m > [22mshould return build submenu with construction units only[32m 1[2mms[22m[39m
 [32mΓ£ô[39m tests/client/graphics/RadialMenuElements.test.ts[2m > [22mRadialMenuElements[2m > [22mbuildMenuElement[2m > [22mshould not include attack units in build menu[32m 1[2mms[22m[39m
 [32mΓ£ô[39m tests/client/graphics/RadialMenuElements.test.ts[2m > [22mRadialMenuElements[2m > [22mbuildMenuElement[2m > [22mshould handle undefined params in submenu[32m 1[2mms[22m[39m
 [32mΓ£ô[39m tests/client/graphics/RadialMenuElements.test.ts[2m > [22mRadialMenuElements[2m > [22mrootMenuElement[2m > [22mshould have correct basic properties[32m 0[2mms[22m[39m
 [32mΓ£ô[39m tests/client/graphics/RadialMenuElements.test.ts[2m > [22mRadialMenuElements[2m > [22mrootMenuElement[2m > [22mshould show build and delete menu on own territory[32m 1[2mms[22m[39m
 [32mΓ£ô[39m tests/client/graphics/RadialMenuElements.test.ts[2m > [22mRadialMenuElements[2m > [22mrootMenuElement[2m > [22mshould show attack and boat menu on enemy territory[32m 1[2mms[22m[39m
 [32mΓ£ô[39m tests/client/graphics/RadialMenuElements.test.ts[2m > [22mRadialMenuElements[2m > [22mrootMenuElement[2m > [22mshould include info menu in both cases[32m 0[2mms[22m[39m
 [32mΓ£ô[39m tests/client/graphics/RadialMenuElements.test.ts[2m > [22mRadialMenuElements[2m > [22mrootMenuElement[2m > [22mshould handle ally menu correctly[32m 0[2mms[22m[39m
 [32mΓ£ô[39m tests/client/graphics/RadialMenuElements.test.ts[2m > [22mRadialMenuElements[2m > [22mrootMenuElement[2m > [22mshould show extend element when inAllianceExtensionWindow is true[32m 1[2mms[22m[39m
 [32mΓ£ô[39m tests/client/graphics/RadialMenuElements.test.ts[2m > [22mRadialMenuElements[2m > [22mrootMenuElement[2m > [22mshould not show extend element when inAllianceExtensionWindow is false[32m 0[2mms[22m[39m
 [32mΓ£ô[39m tests/client/graphics/RadialMenuElements.test.ts[2m > [22mRadialMenuElements[2m > [22mrootMenuElement[2m > [22mshould show extend element as disabled when canExtend is false[32m 1[2mms[22m[39m
 [32mΓ£ô[39m tests/client/graphics/RadialMenuElements.test.ts[2m > [22mRadialMenuElements[2m > [22mrootMenuElement[2m > [22mshould show extend element as enabled when canExtend is true[32m 0[2mms[22m[39m
 [32mΓ£ô[39m tests/client/graphics/RadialMenuElements.test.ts[2m > [22mRadialMenuElements[2m > [22mMenu element actions[2m > [22mshould execute build action correctly[32m 1[2mms[22m[39m
 [32mΓ£ô[39m tests/client/graphics/RadialMenuElements.test.ts[2m > [22mRadialMenuElements[2m > [22mMenu element actions[2m > [22mshould execute attack action correctly[32m 1[2mms[22m[39m
 [32mΓ£ô[39m tests/client/graphics/RadialMenuElements.test.ts[2m > [22mRadialMenuElements[2m > [22mMenu element actions[2m > [22mshould not execute action when buildable unit is not found[32m 1[2mms[22m[39m
 [32mΓ£ô[39m tests/client/graphics/RadialMenuElements.test.ts[2m > [22mRadialMenuElements[2m > [22mMenu element tooltips[2m > [22mshould generate correct tooltip items for build elements[32m 1[2mms[22m[39m
 [32mΓ£ô[39m tests/client/graphics/RadialMenuElements.test.ts[2m > [22mRadialMenuElements[2m > [22mMenu element tooltips[2m > [22mshould generate correct tooltip items for attack elements[32m 1[2mms[22m[39m
 [32mΓ£ô[39m tests/client/graphics/RadialMenuElements.test.ts[2m > [22mRadialMenuElements[2m > [22mMenu element colors[2m > [22mshould use correct colors for build elements[32m 1[2mms[22m[39m
 [32mΓ£ô[39m tests/client/graphics/RadialMenuElements.test.ts[2m > [22mRadialMenuElements[2m > [22mMenu element colors[2m > [22mshould use correct colors for attack elements[32m 0[2mms[22m[39m
 [32mΓ£ô[39m tests/client/graphics/RadialMenuElements.test.ts[2m > [22mRadialMenuElements[2m > [22mMenu element colors[2m > [22mshould use disabled color when element is disabled[32m 0[2mms[22m[39m
 [32mΓ£ô[39m tests/client/graphics/RadialMenuElements.test.ts[2m > [22mRadialMenuElements[2m > [22mTranslation integration[2m > [22mshould use translateText for tooltip items in build menu[32m 6[2mms[22m[39m
 [32mΓ£ô[39m tests/client/graphics/RadialMenuElements.test.ts[2m > [22mRadialMenuElements[2m > [22mTranslation integration[2m > [22mshould use translateText for tooltip items in attack menu[32m 7[2mms[22m[39m
 [31m├ù[39m tests/MapConsistency.test.ts[2m > [22mMap consistency[2m > [22mEvery GameMapType is registered in main.go[32m 8[2mms[22m[39m
[31m   ΓåÆ Maps missing from main.go:
hillbillyhead (folder "hillbillyhead") is missing from main.go
aintnobodyherebutuschickens (folder "aintnobodyherebutuschickens") is missing from main.go[39m
 [32mΓ£ô[39m tests/MapConsistency.test.ts[2m > [22mMap consistency[2m > [22mEvery main.go map has a GameMapType entry[32m 1[2mms[22m[39m
 [31m├ù[39m tests/MapConsistency.test.ts[2m > [22mMap consistency[2m > [22mEvery GameMapType has map-generator assets (image.png + info.json only)[32m 15[2mms[22m[39m
[31m   ΓåÆ Map generator asset violations:
hillbillyhead: directory "hillbillyhead" missing in map-generator/assets/maps/
aintnobodyherebutuschickens: directory "aintnobodyherebutuschickens" missing in map-generator/assets/maps/[39m
 [32mΓ£ô[39m tests/MapConsistency.test.ts[2m > [22mMap consistency[2m > [22mEvery GameMapType is listed in at least one mapCategories group[32m 1[2mms[22m[39m
 [32mΓ£ô[39m tests/MapConsistency.test.ts[2m > [22mMap consistency[2m > [22mEvery GameMapType (except exemptions) has a frequency entry[32m 1[2mms[22m[39m
 [32mΓ£ô[39m tests/MapConsistency.test.ts[2m > [22mMap consistency[2m > [22mNo unknown keys in frequency record[32m 1[2mms[22m[39m
 [32mΓ£ô[39m tests/MapConsistency.test.ts[2m > [22mMap consistency[2m > [22mEvery GameMapType is registered in en.json map translations[32m 2[2mms[22m[39m
 [32mΓ£ô[39m tests/MapConsistency.test.ts[2m > [22mMap consistency[2m > [22mEvery GameMapType has resources/maps/ with thumbnail.webp, bin files, and manifest.json[32m 12[2mms[22m[39m
 [32mΓ£ô[39m tests/MapConsistency.test.ts[2m > [22mMap consistency[2m > [22mNo excess folders in resources/maps/ or map-generator/assets/maps/[32m 2[2mms[22m[39m
 [32mΓ£ô[39m tests/MapConsistency.test.ts[2m > [22mMap consistency[2m > [22mNations in info.json and manifest.json should match[32m 280[2mms[22m[39m
 [32mΓ£ô[39m tests/TranslationSystem.test.ts[2m > [22mTranslation System[2m > [22mmetadata languages point to existing lang json and flag files[32m 8[2mms[22m[39m
 [32mΓ£ô[39m tests/TranslationSystem.test.ts[2m > [22mTranslation System[2m > [22mall translation strings are valid ICU messages[33m 599[2mms[22m[39m
 [32mΓ£ô[39m tests/InputHandler.test.ts[2m > [22mInputHandler AutoUpgrade[2m > [22mMiddle Mouse Button Handling[2m > [22mshould emit AutoUpgradeEvent on middle mouse button press[32m 12[2mms[22m[39m
 [32mΓ£ô[39m tests/InputHandler.test.ts[2m > [22mInputHandler AutoUpgrade[2m > [22mMiddle Mouse Button Handling[2m > [22mshould emit MouseDownEvent on left mouse button press instead of AutoUpgradeEvent[32m 2[2mms[22m[39m
 [32mΓ£ô[39m tests/InputHandler.test.ts[2m > [22mInputHandler AutoUpgrade[2m > [22mMiddle Mouse Button Handling[2m > [22mshould not emit AutoUpgradeEvent on right mouse button press[32m 2[2mms[22m[39m
 [32mΓ£ô[39m tests/InputHandler.test.ts[2m > [22mInputHandler AutoUpgrade[2m > [22mMiddle Mouse Button Handling[2m > [22mshould handle multiple middle mouse button presses[32m 3[2mms[22m[39m
 [32mΓ£ô[39m tests/InputHandler.test.ts[2m > [22mInputHandler AutoUpgrade[2m > [22mMiddle Mouse Button Handling[2m > [22mshould handle middle mouse button press with zero coordinates[32m 2[2mms[22m[39m
 [32mΓ£ô[39m tests/InputHandler.test.ts[2m > [22mInputHandler AutoUpgrade[2m > [22mMiddle Mouse Button Handling[2m > [22mshould handle middle mouse button press with negative coordinates[32m 1[2mms[22m[39m
 [32mΓ£ô[39m tests/InputHandler.test.ts[2m > [22mInputHandler AutoUpgrade[2m > [22mMiddle Mouse Button Handling[2m > [22mshould handle middle mouse button press with decimal coordinates[32m 1[2mms[22m[39m
 [32mΓ£ô[39m tests/InputHandler.test.ts[2m > [22mInputHandler AutoUpgrade[2m > [22mSpawn Phase Handling[2m > [22mshould emit MouseUpEvent and not ContextMenuEvent on left click release during spawn phase[32m 3[2mms[22m[39m
 [32mΓ£ô[39m tests/InputHandler.test.ts[2m > [22mInputHandler AutoUpgrade[2m > [22mSpawn Phase Handling[2m > [22mshould suppress/ignore context menu events during spawn phase[32m 3[2mms[22m[39m
 [32mΓ£ô[39m tests/InputHandler.test.ts[2m > [22mInputHandler AutoUpgrade[2m > [22mPointer Event Handling[2m > [22mshould handle pointer events with different pointer IDs[32m 1[2mms[22m[39m
 [32mΓ£ô[39m tests/InputHandler.test.ts[2m > [22mInputHandler AutoUpgrade[2m > [22mPointer Event Handling[2m > [22mshould handle pointer events with same pointer ID[32m 1[2mms[22m[39m
 [32mΓ£ô[39m tests/InputHandler.test.ts[2m > [22mInputHandler AutoUpgrade[2m > [22mEdge Cases[2m > [22mshould handle very large coordinates[32m 1[2mms[22m[39m
 [32mΓ£ô[39m tests/InputHandler.test.ts[2m > [22mInputHandler AutoUpgrade[2m > [22mEdge Cases[2m > [22mshould handle very small coordinates[32m 1[2mms[22m[39m
 [32mΓ£ô[39m tests/InputHandler.test.ts[2m > [22mInputHandler AutoUpgrade[2m > [22mEdge Cases[2m > [22mshould handle NaN coordinates[32m 1[2mms[22m[39m
 [32mΓ£ô[39m tests/InputHandler.test.ts[2m > [22mInputHandler AutoUpgrade[2m > [22mEdge Cases[2m > [22mshould handle Infinity coordinates[32m 1[2mms[22m[39m
 [32mΓ£ô[39m tests/InputHandler.test.ts[2m > [22mInputHandler AutoUpgrade[2m > [22mIntegration with Event Bus[2m > [22mshould allow event listeners to receive AutoUpgradeEvents[32m 1[2mms[22m[39m
 [32mΓ£ô[39m tests/InputHandler.test.ts[2m > [22mInputHandler AutoUpgrade[2m > [22mIntegration with Event Bus[2m > [22mshould allow multiple listeners for AutoUpgradeEvent[32m 1[2mms[22m[39m
 [32mΓ£ô[39m tests/InputHandler.test.ts[2m > [22mInputHandler AutoUpgrade[2m > [22mIntegration with Event Bus[2m > [22mshould not call unsubscribed listeners[32m 1[2mms[22m[39m
 [32mΓ£ô[39m tests/InputHandler.test.ts[2m > [22mInputHandler AutoUpgrade[2m > [22mKeybinds JSON parsing[2m > [22mparses nested object values and flattens them to strings[32m 3[2mms[22m[39m
 [32mΓ£ô[39m tests/InputHandler.test.ts[2m > [22mInputHandler AutoUpgrade[2m > [22mKeybinds JSON parsing[2m > [22maccepts legacy string values[32m 1[2mms[22m[39m
 [32mΓ£ô[39m tests/InputHandler.test.ts[2m > [22mInputHandler AutoUpgrade[2m > [22mKeybinds JSON parsing[2m > [22mignores non-string values and preserves defaults, removes 'Null' for unbound keys[32m 1[2mms[22m[39m
 [32mΓ£ô[39m tests/InputHandler.test.ts[2m > [22mInputHandler AutoUpgrade[2m > [22mKeybinds JSON parsing[2m > [22mhandles invalid JSON gracefully and warns[32m 1[2mms[22m[39m
 [32mΓ£ô[39m tests/InputHandler.test.ts[2m > [22mInputHandler AutoUpgrade[2m > [22mEnter key confirm ghost structure[2m > [22memits ConfirmGhostStructureEvent on Enter when ghost structure is set[32m 2[2mms[22m[39m
 [32mΓ£ô[39m tests/InputHandler.test.ts[2m > [22mInputHandler AutoUpgrade[2m > [22mEnter key confirm ghost structure[2m > [22memits ConfirmGhostStructureEvent on NumpadEnter when ghost structure is set[32m 2[2mms[22m[39m
 [32mΓ£ô[39m tests/InputHandler.test.ts[2m > [22mInputHandler AutoUpgrade[2m > [22mEnter key confirm ghost structure[2m > [22mdoes not emit ConfirmGhostStructureEvent on Enter when no ghost structure[32m 2[2mms[22m[39m
 [32mΓ£ô[39m tests/InputHandler.test.ts[2m > [22mInputHandler AutoUpgrade[2m > [22mNumpad number keys for build keybinds[2m > [22mNumpad1 sets ghost structure to City when buildCity is Digit1[32m 2[2mms[22m[39m
 [32mΓ£ô[39m tests/InputHandler.test.ts[2m > [22mInputHandler AutoUpgrade[2m > [22mNumpad number keys for build keybinds[2m > [22mNumpad5 sets ghost structure to MissileSilo when buildMissileSilo is Digit5[32m 2[2mms[22m[39m
 [32mΓ£ô[39m tests/InputHandler.test.ts[2m > [22mInputHandler AutoUpgrade[2m > [22mNumpad number keys for build keybinds[2m > [22mNumpad0 sets ghost structure to MIRV when buildMIRV is Digit0[32m 2[2mms[22m[39m
 [32mΓ£ô[39m tests/InputHandler.test.ts[2m > [22mInputHandler AutoUpgrade[2m > [22mNumpad number keys for build keybinds[2m > [22mdoes not set ghost structure when the player is dead[32m 1[2mms[22m[39m
 [32mΓ£ô[39m tests/InputHandler.test.ts[2m > [22mInputHandler AutoUpgrade[2m > [22mBuild keybind two-phase matching (exact code first, then digit/Numpad alias)[2m > [22mexact code match wins: Digit1 sets City when buildCity=Digit1 and buildFactory=Numpad1[32m 2[2mms[22m[39m
 [32mΓ£ô[39m tests/InputHandler.test.ts[2m > [22mInputHandler AutoUpgrade[2m > [22mBuild keybind two-phase matching (exact code first, then digit/Numpad alias)[2m > [22mexact code match wins: Numpad1 sets Factory when buildCity=Digit1 and buildFactory=Numpad1[32m 2[2mms[22m[39m
 [32mΓ£ô[39m tests/InputHandler.test.ts[2m > [22mInputHandler AutoUpgrade[2m > [22mBuild keybind two-phase matching (exact code first, then digit/Numpad alias)[2m > [22mdigit alias used when no exact match: Numpad1 sets City when only buildCity=Digit1[32m 2[2mms[22m[39m
 [32mΓ£ô[39m tests/InputHandler.test.ts[2m > [22mInputHandler AutoUpgrade[2m > [22mShift+ keybind support[2m > [22mShift+Digit1 sets City when buildCity is bound to Shift+Digit1[32m 1[2mms[22m[39m
 [32mΓ£ô[39m tests/InputHandler.test.ts[2m > [22mInputHandler AutoUpgrade[2m > [22mShift+ keybind support[2m > [22mplain Digit1 does NOT trigger buildCity when bound to Shift+Digit1[32m 1[2mms[22m[39m
 [32mΓ£ô[39m tests/InputHandler.test.ts[2m > [22mInputHandler AutoUpgrade[2m > [22mShift+ keybind support[2m > [22mShift+KeyB triggers boatAttack when bound to Shift+KeyB[32m 2[2mms[22m[39m
 [32mΓ£ô[39m tests/InputHandler.test.ts[2m > [22mInputHandler AutoUpgrade[2m > [22mShift+ keybind support[2m > [22mplain KeyB does NOT trigger boatAttack when bound to Shift+KeyB[32m 1[2mms[22m[39m
 [32mΓ£ô[39m tests/InputHandler.test.ts[2m > [22mInputHandler AutoUpgrade[2m > [22mShift+ keybind support[2m > [22mShift+Digit1 and Digit1 can be bound to different actions without conflict[32m 2[2mms[22m[39m
 [32mΓ£ô[39m tests/InputHandler.test.ts[2m > [22mInputHandler AutoUpgrade[2m > [22mShift+ keybind support[2m > [22mNumpad alias works with Shift+Digit keybind[32m 1[2mms[22m[39m
 [32mΓ£ô[39m tests/InputHandler.test.ts[2m > [22mWarship box selection (Shift+drag)[2m > [22mShift keydown sets canvas cursor to crosshair[32m 10[2mms[22m[39m
 [32mΓ£ô[39m tests/InputHandler.test.ts[2m > [22mWarship box selection (Shift+drag)[2m > [22mShiftRight keydown also sets cursor to crosshair[32m 2[2mms[22m[39m
 [32mΓ£ô[39m tests/InputHandler.test.ts[2m > [22mWarship box selection (Shift+drag)[2m > [22mShift keyup resets cursor when no selection box active[32m 2[2mms[22m[39m
 [32mΓ£ô[39m tests/InputHandler.test.ts[2m > [22mWarship box selection (Shift+drag)[2m > [22mShift keydown discards active ghostStructure[32m 2[2mms[22m[39m
 [32mΓ£ô[39m tests/InputHandler.test.ts[2m > [22mWarship box selection (Shift+drag)[2m > [22mShift+drag emits WarshipSelectionBoxUpdateEvent[32m 1[2mms[22m[39m
 [32mΓ£ô[39m tests/InputHandler.test.ts[2m > [22mWarship box selection (Shift+drag)[2m > [22mShift+drag then pointerup emits WarshipSelectionBoxCompleteEvent[32m 1[2mms[22m[39m
 [32mΓ£ô[39m tests/InputHandler.test.ts[2m > [22mWarship box selection (Shift+drag)[2m > [22mEscape cancels active selection box[32m 1[2mms[22m[39m
 [32mΓ£ô[39m tests/InputHandler.test.ts[2m > [22mWarship box selection (Shift+drag)[2m > [22mtiny drag (< 10px) cancels selection box instead of completing it[32m 1[2mms[22m[39m
 [32mΓ£ô[39m tests/InputHandler.test.ts[2m > [22mWarship box selection (Shift+drag)[2m > [22mwindow blur resets cursor[32m 2[2mms[22m[39m
 [32mΓ£ô[39m tests/client/components/FluentSlider.test.ts[2m > [22mFluentSlider[2m > [22mInitialization[2m > [22mshould initialize with default values[32m 55[2mms[22m[39m
 [32mΓ£ô[39m tests/client/components/FluentSlider.test.ts[2m > [22mFluentSlider[2m > [22mInitialization[2m > [22mshould accept custom property values[32m 9[2mms[22m[39m
 [32mΓ£ô[39m tests/client/components/FluentSlider.test.ts[2m > [22mFluentSlider[2m > [22mValue Updates from Range Slider[2m > [22mshould update value when slider input changes[32m 20[2mms[22m[39m
 [32mΓ£ô[39m tests/client/components/FluentSlider.test.ts[2m > [22mFluentSlider[2m > [22mValue Updates from Range Slider[2m > [22mshould update value when slider change event fires[32m 6[2mms[22m[39m
 [32mΓ£ô[39m tests/client/components/FluentSlider.test.ts[2m > [22mFluentSlider[2m > [22mValue-Changed Event - CRITICAL FOR BUG FIX[2m > [22mshould dispatch CustomEvent with detail.value (not event.target.value)[32m 6[2mms[22m[39m
 [32mΓ£ô[39m tests/client/clan/ClanShared.test.ts[2m > [22mfilterMembersBySearch[2m > [22mreturns all members when search is empty[32m 4[2mms[22m[39m
 [32mΓ£ô[39m tests/client/clan/ClanShared.test.ts[2m > [22mfilterMembersBySearch[2m > [22mmatches by publicId (case-insensitive)[32m 2[2mms[22m[39m
 [32mΓ£ô[39m tests/client/clan/ClanShared.test.ts[2m > [22mfilterMembersBySearch[2m > [22mmatches by role[32m 1[2mms[22m[39m
 [32mΓ£ô[39m tests/client/clan/ClanShared.test.ts[2m > [22mfilterMembersBySearch[2m > [22mmatches partial publicId[32m 1[2mms[22m[39m
 [32mΓ£ô[39m tests/client/clan/ClanShared.test.ts[2m > [22mfilterMembersBySearch[2m > [22mreturns empty array when nothing matches[32m 1[2mms[22m[39m
 [32mΓ£ô[39m tests/client/clan/ClanShared.test.ts[2m > [22mfilterMembersBySearch[2m > [22mmatches 'member' role without matching 'leader' or 'officer'[32m 1[2mms[22m[39m
 [32mΓ£ô[39m tests/client/clan/ClanShared.test.ts[2m > [22mrenderMemberStats[2m > [22mrenders nothing when stats is undefined[32m 4[2mms[22m[39m
 [32mΓ£ô[39m tests/client/clan/ClanShared.test.ts[2m > [22mrenderMemberStats[2m > [22mcollapses everything except the total row by default[32m 91[2mms[22m[39m
 [32mΓ£ô[39m tests/client/components/FluentSlider.test.ts[2m > [22mFluentSlider[2m > [22mValue-Changed Event - CRITICAL FOR BUG FIX[2m > [22mshould not dispatch event on input, only on change[32m 6[2mms[22m[39m
 [32mΓ£ô[39m tests/client/components/FluentSlider.test.ts[2m > [22mFluentSlider[2m > [22mValue-Changed Event - CRITICAL FOR BUG FIX[2m > [22mshould work with the handler pattern used in HostLobbyModal[32m 5[2mms[22m[39m
 [32mΓ£ô[39m tests/client/components/FluentSlider.test.ts[2m > [22mFluentSlider[2m > [22mValue-Changed Event - CRITICAL FOR BUG FIX[2m > [22mshould work with the handler pattern used in SinglePlayerModal[32m 5[2mms[22m[39m
 [32mΓ£ô[39m tests/client/components/FluentSlider.test.ts[2m > [22mFluentSlider[2m > [22mValue Validation via Number Input[2m > [22mshould clamp values to min[32m 5[2mms[22m[39m
 [32mΓ£ô[39m tests/client/components/FluentSlider.test.ts[2m > [22mFluentSlider[2m > [22mValue Validation via Number Input[2m > [22mshould clamp values to max[32m 4[2mms[22m[39m
 [32mΓ£ô[39m tests/client/components/FluentSlider.test.ts[2m > [22mFluentSlider[2m > [22mValue Validation via Number Input[2m > [22mshould default to min when NaN[32m 4[2mms[22m[39m
 [32mΓ£ô[39m tests/client/components/FluentSlider.test.ts[2m > [22mFluentSlider[2m > [22mComponent Structure[2m > [22mshould render a range input[32m 3[2mms[22m[39m
 [32mΓ£ô[39m tests/client/components/FluentSlider.test.ts[2m > [22mFluentSlider[2m > [22mComponent Structure[2m > [22mshould have correct range input properties[32m 4[2mms[22m[39m
 [32mΓ£ô[39m tests/client/components/FluentSlider.test.ts[2m > [22mFluentSlider[2m > [22mComponent Structure[2m > [22mshould render a span for the value display with role button[32m 5[2mms[22m[39m
 [32mΓ£ô[39m tests/client/components/FluentSlider.test.ts[2m > [22mFluentSlider[2m > [22mBot Count Scenario - Regression Test[2m > [22mshould correctly update bot count from 0 to 400 and dispatch proper events[32m 11[2mms[22m[39m
 [32mΓ£ô[39m tests/client/components/FluentSlider.test.ts[2m > [22mFluentSlider[2m > [22mEdge Cases[2m > [22mshould handle min equal to max without NaN in style[32m 4[2mms[22m[39m
 [32mΓ£ô[39m tests/client/clan/ClanShared.test.ts[2m > [22mrenderMemberStats[2m > [22mrenders W/L labels inside bar segments and the win-rate per bucket[32m 43[2mms[22m[39m
 [32mΓ£ô[39m tests/client/clan/ClanShared.test.ts[2m > [22mrenderMemberStats[2m > [22mrenders a proportional win-loss bar when there are games[32m 20[2mms[22m[39m
 [32mΓ£ô[39m tests/client/clan/ClanShared.test.ts[2m > [22mrenderMemberStats[2m > [22mincludes the visible top-level translated bucket labels[32m 32[2mms[22m[39m
 [32mΓ£ô[39m tests/TranslationSystem.test.ts[2m > [22mTranslation System[2m > [22men.json keys stay in sync with source usage[33m 1830[2mms[22m[39m
 [32mΓ£ô[39m tests/client/clan/ClanShared.test.ts[2m > [22mrenderMemberStats[2m > [22mreveals team sub-buckets when the team row is expanded[32m 51[2mms[22m[39m
 [32mΓ£ô[39m tests/client/clan/ClanShared.test.ts[2m > [22mrenderMemberStats[2m > [22mdoes not render an expandable button for ranked when no breakdown has games[32m 29[2mms[22m[39m
 [32mΓ£ô[39m tests/client/clan/ClanShared.test.ts[2m > [22mfilterRequestsBySearch[2m > [22mreturns all requests when search is empty[32m 3[2mms[22m[39m
 [32mΓ£ô[39m tests/client/clan/ClanShared.test.ts[2m > [22mfilterRequestsBySearch[2m > [22mmatches by publicId (case-insensitive)[32m 1[2mms[22m[39m
 [32mΓ£ô[39m tests/client/clan/ClanShared.test.ts[2m > [22mfilterRequestsBySearch[2m > [22mmatches partial publicId[32m 0[2mms[22m[39m
 [32mΓ£ô[39m tests/client/clan/ClanShared.test.ts[2m > [22mfilterRequestsBySearch[2m > [22mreturns empty array when nothing matches[32m 0[2mms[22m[39m
 [32mΓ£ô[39m tests/server/PublicAssetManifest.test.ts[2m > [22mPublicAssetManifest[2m > [22mhashes manifest.json from its rewritten content[32m 149[2mms[22m[39m
 [32mΓ£ô[39m tests/server/PublicAssetManifest.test.ts[2m > [22mPublicAssetManifest[2m > [22mrewrites root-relative web manifest icon paths to hashed URLs[32m 42[2mms[22m[39m
 [32mΓ£ô[39m tests/server/PublicAssetManifest.test.ts[2m > [22mPublicAssetManifest[2m > [22mfails when web manifest references a missing local icon[32m 20[2mms[22m[39m
 [32mΓ£ô[39m tests/client/LeaderboardModal.test.ts[2m > [22mLeaderboardModal[2m > [22mTooltip Implementation - Issue #2508[2m > [22mshould render Win Score and Loss Score columns with title attributes[32m 174[2mms[22m[39m
 [32mΓ£ô[39m tests/client/LeaderboardModal.test.ts[2m > [22mLeaderboardModal[2m > [22mTooltip Implementation - Issue #2508[2m > [22mshould use translateText for tooltip internationalization[32m 13[2mms[22m[39m
 [32mΓ£ô[39m tests/client/LeaderboardModal.test.ts[2m > [22mLeaderboardModal[2m > [22mPlayer Data Mapping[2m > [22mshould map ranked leaderboard data and set current user entry[32m 36[2mms[22m[39m
 [32mΓ£ô[39m tests/client/LeaderboardModal.test.ts[2m > [22mLeaderboardModal[2m > [22mModal Functionality[2m > [22mshould initialize with default state[32m 9[2mms[22m[39m
 [32mΓ£ô[39m tests/client/LeaderboardModal.test.ts[2m > [22mLeaderboardModal[2m > [22mModal Functionality[2m > [22mshould be a custom element[32m 8[2mms[22m[39m
 [32mΓ£ô[39m tests/client/LeaderboardModal.test.ts[2m > [22mLeaderboardModal[2m > [22mModal Functionality[2m > [22mshould close on Escape when open[32m 11[2mms[22m[39m
 [32mΓ£ô[39m tests/client/clan/ClanModal.rendering.test.ts[2m > [22mClanModal ΓÇö rendering[2m > [22mrenderClanCard ΓÇö role vs open/invite badge[2m > [22mshows the role badge when a role is provided and hides open/invite badge[32m 86[2mms[22m[39m
 [32mΓ£ô[39m tests/client/LeaderboardModal.test.ts[2m > [22mLeaderboardModal[2m > [22mModal Interaction[2m > [22mshould switch to clans tab and request clan leaderboard data[32m 37[2mms[22m[39m
 [32mΓ£ô[39m tests/client/LeaderboardModal.test.ts[2m > [22mLeaderboardModal[2m > [22mModal Interaction[2m > [22mshould render a no data state for empty clan leaderboard[32m 12[2mms[22m[39m
 [32mΓ£ô[39m tests/client/LeaderboardModal.test.ts[2m > [22mLeaderboardModal[2m > [22mModal Interaction[2m > [22mshould render an error state when clan leaderboard fails[32m 23[2mms[22m[39m
 [32mΓ£ô[39m tests/server/PublicAssetManifest.test.ts[2m > [22mPublicAssetManifest[2m > [22mleaves external and data web manifest icon refs unchanged[32m 40[2mms[22m[39m
 [32mΓ£ô[39m tests/server/PublicAssetManifest.test.ts[2m > [22mPublicAssetManifest[2m > [22mrewrites BMFont XML page filenames to hashed relative paths[32m 59[2mms[22m[39m
 [32mΓ£ô[39m tests/client/clan/ClanModal.handlers.test.ts[2m > [22mClanModal ΓÇö handlers[2m > [22mhandleApprove increments selectedClan.memberCount[2m > [22mincrements memberCount by 1 after successful approveClanRequest[32m 146[2mms[22m[39m
 [32mΓ£ô[39m tests/client/clan/ClanModal.handlers.test.ts[2m > [22mClanModal ΓÇö handlers[2m > [22mhandleApprove increments selectedClan.memberCount[2m > [22mdoes not increment memberCount when approveClanRequest fails[32m 43[2mms[22m[39m
 [32mΓ£ô[39m tests/client/clan/ClanModal.rendering.test.ts[2m > [22mClanModal ΓÇö rendering[2m > [22mrenderClanCard ΓÇö role vs open/invite badge[2m > [22mshows 'clan_modal.open' badge when clan is open and user has no role[32m 27[2mms[22m[39m
 [32mΓ£ô[39m tests/client/clan/ClanModal.rendering.test.ts[2m > [22mClanModal ΓÇö rendering[2m > [22mrenderClanCard ΓÇö role vs open/invite badge[2m > [22mshows 'clan_modal.invite_only' badge when clan is closed and user has no role[32m 31[2mms[22m[39m
 [32mΓ£ô[39m tests/client/clan/ClanModal.rendering.test.ts[2m > [22mClanModal ΓÇö rendering[2m > [22mrenderClanCard ΓÇö role vs open/invite badge[2m > [22mshows amber role badge class for leader[32m 16[2mms[22m[39m
 [32mΓ£ô[39m tests/client/clan/ClanModal.rendering.test.ts[2m > [22mClanModal ΓÇö rendering[2m > [22mrenderClanCard ΓÇö role vs open/invite badge[2m > [22mshows blue role badge class for officer/member[32m 8[2mms[22m[39m
 [32mΓ£ô[39m tests/client/clan/ClanModal.rendering.test.ts[2m > [22mClanModal ΓÇö rendering[2m > [22mMy Clans tab passes role from myClanRoles map[2m > [22mrenders the user's role badge on a my-clan card[32m 11[2mms[22m[39m
 [32mΓ£ô[39m tests/server/PublicAssetManifest.test.ts[2m > [22mPublicAssetManifest[2m > [22mBMFont XML hash changes when a referenced page image changes[32m 84[2mms[22m[39m
 [32mΓ£ô[39m tests/server/PublicAssetManifest.test.ts[2m > [22mPublicAssetManifest[2m > [22mfails when BMFont XML references a missing page image[32m 42[2mms[22m[39m
 [32mΓ£ô[39m tests/client/clan/ClanModal.rendering.test.ts[2m > [22mClanModal ΓÇö rendering[2m > [22mMy Clans tab passes role from myClanRoles map[2m > [22mdoes NOT show a role badge when myClanRoles has no entry for the clan[32m 41[2mms[22m[39m
 [32mΓ£ô[39m tests/client/clan/ClanModal.rendering.test.ts[2m > [22mClanModal ΓÇö rendering[2m > [22mmemberCount fallback[2m > [22mshows 0 members in the clan card when memberCount is undefined[32m 11[2mms[22m[39m
 [32mΓ£ô[39m tests/client/clan/ClanModal.rendering.test.ts[2m > [22mClanModal ΓÇö rendering[2m > [22mmemberCount fallback[2m > [22mshows 0 in the stats row of the detail view when memberCount is undefined[32m 25[2mms[22m[39m
 [32mΓ£ô[39m tests/client/clan/ClanModal.rendering.test.ts[2m > [22mClanModal ΓÇö rendering[2m > [22mmemberCount fallback[2m > [22mshows 0 in the manage members header when memberCount is undefined[32m 63[2mms[22m[39m
 [32mΓ£ô[39m tests/client/clan/ClanModal.handlers.test.ts[2m > [22mClanModal ΓÇö handlers[2m > [22mhandleApprove increments selectedClan.memberCount[2m > [22mtreats undefined memberCount as 0 and increments to 1[32m 31[2mms[22m[39m
 [32mΓ£ô[39m tests/client/clan/ClanModal.handlers.test.ts[2m > [22mClanModal ΓÇö handlers[2m > [22mBan feature ΓÇö manage view[2m > [22mrenders a Ban button for non-leader members in manage view[32m 70[2mms[22m[39m
 [32mΓ£ô[39m tests/server/PublicAssetManifest.test.ts[2m > [22mPublicAssetManifest[2m > [22mrewrites nested BMFont page references to the correct relative hashed path[32m 139[2mms[22m[39m
 [32mΓ£ô[39m tests/client/clan/ClanModal.rendering.test.ts[2m > [22mClanModal ΓÇö rendering[2m > [22mOpen/Closed toggle ARIA attributes in manage view[2m > [22mtoggle button has role='switch'[32m 30[2mms[22m[39m
 [32mΓ£ô[39m tests/client/clan/ClanModal.rendering.test.ts[2m > [22mClanModal ΓÇö rendering[2m > [22mOpen/Closed toggle ARIA attributes in manage view[2m > [22mtoggle button has aria-checked='true' when manageIsOpen is true[32m 28[2mms[22m[39m
 [32mΓ£ô[39m tests/client/clan/ClanModal.rendering.test.ts[2m > [22mClanModal ΓÇö rendering[2m > [22mOpen/Closed toggle ARIA attributes in manage view[2m > [22mtoggle button has aria-checked='false' when manageIsOpen is false[32m 34[2mms[22m[39m
 [32mΓ£ô[39m tests/client/clan/ClanModal.handlers.test.ts[2m > [22mClanModal ΓÇö handlers[2m > [22mBan feature ΓÇö manage view[2m > [22mhandleBan calls banClanMember after confirm-dialog confirm[32m 61[2mms[22m[39m
 [32mΓ£ô[39m tests/client/clan/ClanModal.handlers.test.ts[2m > [22mClanModal ΓÇö handlers[2m > [22mBan feature ΓÇö manage view[2m > [22mhandleBan aborts when confirm-dialog cancel is clicked[32m 45[2mms[22m[39m
 [32mΓ£ô[39m tests/client/clan/ClanModal.handlers.test.ts[2m > [22mClanModal ΓÇö handlers[2m > [22mBan feature ΓÇö manage view[2m > [22mhandleBan sends undefined reason when confirm text is empty[32m 47[2mms[22m[39m
 [32mΓ£ô[39m tests/client/clan/ClanModal.handlers.test.ts[2m > [22mClanModal ΓÇö handlers[2m > [22mBan feature ΓÇö manage view[2m > [22mhandleBan syncs memberCount via clan-updated event on success[32m 52[2mms[22m[39m
 [32mΓ£ô[39m tests/client/clan/ClanModal.rendering.test.ts[2m > [22mClanModal ΓÇö rendering[2m > [22mOpen/Closed toggle ARIA attributes in manage view[2m > [22mtoggle button has an aria-label[32m 19[2mms[22m[39m
 [32mΓ£ô[39m tests/client/clan/ClanModal.rendering.test.ts[2m > [22mClanModal ΓÇö rendering[2m > [22mOpen/Closed toggle ARIA attributes in manage view[2m > [22mclicking the toggle flips manageIsOpen[32m 23[2mms[22m[39m
 [32mΓ£ô[39m tests/client/clan/ClanModal.rendering.test.ts[2m > [22mClanModal ΓÇö rendering[2m > [22mOpen/Closed toggle ARIA attributes in manage view[2m > [22maria-checked reflects toggled state after click[32m 33[2mms[22m[39m
 [32mΓ£ô[39m tests/client/clan/ClanModal.rendering.test.ts[2m > [22mClanModal ΓÇö rendering[2m > [22mBan feature ΓÇö bans view[2m > [22mrenders Banned Players button in manage view[32m 28[2mms[22m[39m
 [32mΓ£ô[39m tests/client/clan/ClanModal.rendering.test.ts[2m > [22mClanModal ΓÇö rendering[2m > [22mBan feature ΓÇö bans view[2m > [22mrenders ban list with unban button in bans view[32m 42[2mms[22m[39m
 [32mΓ£ô[39m tests/client/clan/ClanModal.rendering.test.ts[2m > [22mClanModal ΓÇö rendering[2m > [22mBan feature ΓÇö bans view[2m > [22mrenders empty state when no bans[32m 19[2mms[22m[39m
 [32mΓ£ô[39m tests/client/clan/ClanModal.rendering.test.ts[2m > [22mClanModal ΓÇö rendering[2m > [22mComponent basics[2m > [22mis registered as a custom element[32m 4[2mms[22m[39m
 [32mΓ£ô[39m tests/client/clan/ClanModal.rendering.test.ts[2m > [22mClanModal ΓÇö rendering[2m > [22mComponent basics[2m > [22mrenders without shadow DOM (createRenderRoot returns this)[32m 3[2mms[22m[39m
 [32mΓ£ô[39m tests/client/clan/ClanModal.rendering.test.ts[2m > [22mClanModal ΓÇö rendering[2m > [22mComponent basics[2m > [22mopens and closes via public API[32m 7[2mms[22m[39m
 [32mΓ£ô[39m tests/client/clan/ClanModal.handlers.test.ts[2m > [22mClanModal ΓÇö handlers[2m > [22mhandleUnban[2m > [22mremoves ban from list and decrements total on success[32m 44[2mms[22m[39m
 [32mΓ£ô[39m tests/client/clan/ClanModal.handlers.test.ts[2m > [22mClanModal ΓÇö handlers[2m > [22mhandleKick[2m > [22mcalls kickMember and syncs memberCount on success[32m 46[2mms[22m[39m
 [32mΓ£ô[39m tests/client/clan/ClanModal.handlers.test.ts[2m > [22mClanModal ΓÇö handlers[2m > [22mhandleKick[2m > [22mdoes not mutate state when kickMember fails[32m 62[2mms[22m[39m
 [32mΓ£ô[39m tests/client/clan/ClanModal.handlers.test.ts[2m > [22mClanModal ΓÇö handlers[2m > [22mhandleDisband[2m > [22mcalls disbandClan, clears selection, and returns to list on success[32m 46[2mms[22m[39m
 [32mΓ£ô[39m tests/client/clan/ClanModal.handlers.test.ts[2m > [22mClanModal ΓÇö handlers[2m > [22mhandleDisband[2m > [22mpreserves selection when disbandClan fails[32m 44[2mms[22m[39m
 [32mΓ£ô[39m tests/client/clan/ClanModal.handlers.test.ts[2m > [22mClanModal ΓÇö handlers[2m > [22mhandleDeny[2m > [22mremoves the request and decrements totals on success[32m 34[2mms[22m[39m
 [32mΓ£ô[39m tests/client/clan/ClanModal.handlers.test.ts[2m > [22mClanModal ΓÇö handlers[2m > [22mhandleDeny[2m > [22mdoes not mutate state when denyClanRequest fails[32m 33[2mms[22m[39m
[90mstdout[2m | tests/ShellRandom.test.ts[2m > [22m[2mShell Random Damage[2m > [22m[2mShell damage varies randomly between 200-300 base damage
[22m[39m[GameImpl] Constructor total: 1ms

[90mstdout[2m | tests/AiAttackBehavior.test.ts[2m > [22m[2mAi Attack Behavior[2m > [22m[2mbot cannot attack allied player
[22m[39m[GameImpl] Constructor total: 0ms

[90mstdout[2m | tests/core/executions/WinCheckExecution.test.ts[2m > [22m[2mWinCheckExecution[2m > [22m[2mshould call checkWinnerFFA in FFA mode
[22m[39m[GameImpl] Constructor total: 1ms

[90mstdout[2m | tests/core/execution/SpawnExecution.test.ts[2m > [22m[2mSpawn execution[2m > [22m[2mSpawn location is found for all players in big_plains map with 49 players
[22m[39m[GameImpl] Constructor total: 2ms

[90mstdout[2m | tests/core/executions/WinCheckExecution.test.ts[2m > [22m[2mWinCheckExecution[2m > [22m[2mshould call checkWinnerTeam in non-FFA mode
[22m[39m[GameImpl] Constructor total: 0ms

[90mstdout[2m | tests/core/executions/WinCheckExecution.test.ts[2m > [22m[2mWinCheckExecution[2m > [22m[2mshould set winner in FFA if percentage is reached
[22m[39m[GameImpl] Constructor total: 0ms

[90mstdout[2m | tests/core/executions/WinCheckExecution.test.ts[2m > [22m[2mWinCheckExecution[2m > [22m[2mshould set winner in FFA if percentage is reached
[22m[39mP1 has won the game

[90mstdout[2m | tests/core/executions/WinCheckExecution.test.ts[2m > [22m[2mWinCheckExecution[2m > [22m[2mshould set winner in FFA if timer is 0
[22m[39m[GameImpl] Constructor total: 0ms

[90mstdout[2m | tests/ShellRandom.test.ts[2m > [22m[2mShell Random Damage[2m > [22m[2mWarship shell attacks have random damage
[22m[39m[GameImpl] Constructor total: 0ms

 [32mΓ£ô[39m tests/client/clan/ClanModal.handlers.test.ts[2m > [22mClanModal ΓÇö handlers[2m > [22mhandleJoin[2m > [22mswitches detail view into member mode immediately after open-clan join[32m 67[2mms[22m[39m
 [32mΓ£ô[39m tests/client/clan/ClanModal.handlers.test.ts[2m > [22mClanModal ΓÇö handlers[2m > [22mhandleLeave[2m > [22mcalls leaveClan, removes role, and returns to list on success[32m 37[2mms[22m[39m
 [32mΓ£ô[39m tests/client/clan/ClanModal.handlers.test.ts[2m > [22mClanModal ΓÇö handlers[2m > [22mhandleLeave[2m > [22mpreserves selection when leaveClan fails[32m 48[2mms[22m[39m
[90mstdout[2m | tests/core/executions/WinCheckExecution.test.ts[2m > [22m[2mWinCheckExecution[2m > [22m[2mshould set winner in FFA if timer is 0
[22m[39mP1 has won the game

[90mstdout[2m | tests/ShellRandom.test.ts[2m > [22m[2mShell Random Damage[2m > [22m[2mDefense post shell attacks have random damage
[22m[39m[GameImpl] Constructor total: 0ms

[90mstdout[2m | tests/core/executions/WinCheckExecution.test.ts[2m > [22m[2mWinCheckExecution[2m > [22m[2mshould not set winner if no players
[22m[39m[GameImpl] Constructor total: 0ms

[90mstdout[2m | tests/core/executions/WinCheckExecution.test.ts[2m > [22m[2mWinCheckExecution[2m > [22m[2mshould return false for activeDuringSpawnPhase
[22m[39m[GameImpl] Constructor total: 0ms

[90mstdout[2m | tests/core/executions/WinCheckExecution.test.ts[2m > [22m[2mWinCheckExecution - Nation Winners[2m > [22m[2mshould set Nation as winner when reaching 80% territory
[22m[39m[GameImpl] Constructor total: 0ms

[90mstdout[2m | tests/ShellRandom.test.ts[2m > [22m[2mShell Random Damage[2m > [22m[2mShell damage distribution follows expected pattern
[22m[39m[GameImpl] Constructor total: 0ms

[90mstdout[2m | tests/AiAttackBehavior.test.ts[2m > [22m[2mAi Attack Behavior[2m > [22m[2mnation cannot attack allied player
[22m[39m[GameImpl] Constructor total: 0ms

[90mstdout[2m | tests/Stats.test.ts[2m > [22m[2mStats[2m > [22m[2mattack
[22m[39m[GameImpl] Constructor total: 1ms

 [32mΓ£ô[39m tests/client/clan/ClanModal.handlers.test.ts[2m > [22mClanModal ΓÇö handlers[2m > [22mTransfer leadership ΓÇö confirm flow[2m > [22mclears confirmAction and removes the dialog after confirming[32m 79[2mms[22m[39m
 [32mΓ£ô[39m tests/client/clan/ClanModal.handlers.test.ts[2m > [22mClanModal ΓÇö handlers[2m > [22mTransfer leadership ΓÇö confirm flow[2m > [22mclears confirmAction when cancel is clicked, without calling the API[32m 19[2mms[22m[39m
 [32mΓ£ô[39m tests/core/execution/SpawnExecution.test.ts[2m > [22mSpawn execution[2m > [22mSpawn location is found for all players in big_plains map with 49 players[32m 103[2mms[22m[39m
[90mstdout[2m | tests/Stats.test.ts[2m > [22m[2mStats[2m > [22m[2mattackCancel
[22m[39m[GameImpl] Constructor total: 0ms

[90mstdout[2m | tests/core/execution/SpawnExecution.test.ts[2m > [22m[2mSpawn execution[2m > [22m[2mSpawn location is found for all players in half_land_half_ocean map with 1 players
[22m[39m[GameImpl] Constructor total: 0ms

 [32mΓ£ô[39m tests/ShellRandom.test.ts[2m > [22mShell Random Damage[2m > [22mShell damage varies randomly between 200-300 base damage[32m 29[2mms[22m[39m
 [32mΓ£ô[39m tests/ShellRandom.test.ts[2m > [22mShell Random Damage[2m > [22mWarship shell attacks have random damage[32m 26[2mms[22m[39m
 [32mΓ£ô[39m tests/ShellRandom.test.ts[2m > [22mShell Random Damage[2m > [22mDefense post shell attacks have random damage[32m 12[2mms[22m[39m
 [32mΓ£ô[39m tests/ShellRandom.test.ts[2m > [22mShell Random Damage[2m > [22mShell damage distribution follows expected pattern[32m 41[2mms[22m[39m
[90mstdout[2m | tests/core/executions/WinCheckExecution.test.ts[2m > [22m[2mWinCheckExecution - Nation Winners[2m > [22m[2mshould set Nation as winner when reaching 80% territory
[22m[39mTestNation has won the game

 [32mΓ£ô[39m tests/AiAttackBehavior.test.ts[2m > [22mAi Attack Behavior[2m > [22mbot cannot attack allied player[32m 87[2mms[22m[39m
[90mstdout[2m | tests/Stats.test.ts[2m > [22m[2mStats[2m > [22m[2mbetray
[22m[39m[GameImpl] Constructor total: 0ms

[90mstdout[2m | tests/core/execution/SpawnExecution.test.ts[2m > [22m[2mSpawn execution[2m > [22m[2mSpawn location is found for all players in ocean_and_land map with 1 players
[22m[39m[GameImpl] Constructor total: 0ms

[90mstdout[2m | tests/ShellRandom.test.ts[2m > [22m[2mShell Random Damage[2m > [22m[2mShell damage is consistent with same random seed
[22m[39m[GameImpl] Constructor total: 0ms

 [32mΓ£ô[39m tests/core/executions/WinCheckExecution.test.ts[2m > [22mWinCheckExecution[2m > [22mshould call checkWinnerFFA in FFA mode[32m 15[2mms[22m[39m
 [32mΓ£ô[39m tests/core/executions/WinCheckExecution.test.ts[2m > [22mWinCheckExecution[2m > [22mshould call checkWinnerTeam in non-FFA mode[32m 3[2mms[22m[39m
 [32mΓ£ô[39m tests/core/executions/WinCheckExecution.test.ts[2m > [22mWinCheckExecution[2m > [22mshould set winner in FFA if percentage is reached[32m 7[2mms[22m[39m
 [32mΓ£ô[39m tests/core/executions/WinCheckExecution.test.ts[2m > [22mWinCheckExecution[2m > [22mshould set winner in FFA if timer is 0[32m 28[2mms[22m[39m
 [32mΓ£ô[39m tests/core/executions/WinCheckExecution.test.ts[2m > [22mWinCheckExecution[2m > [22mshould not set winner if no players[32m 4[2mms[22m[39m
 [32mΓ£ô[39m tests/core/executions/WinCheckExecution.test.ts[2m > [22mWinCheckExecution[2m > [22mshould return false for activeDuringSpawnPhase[32m 4[2mms[22m[39m
 [32mΓ£ô[39m tests/core/executions/WinCheckExecution.test.ts[2m > [22mWinCheckExecution - Nation Winners[2m > [22mshould set Nation as winner when reaching 80% territory[32m 55[2mms[22m[39m
[90mstdout[2m | tests/Stats.test.ts[2m > [22m[2mStats[2m > [22m[2mboatSendTrade
[22m[39m[GameImpl] Constructor total: 0ms

[90mstdout[2m | tests/core/execution/SpawnExecution.test.ts[2m > [22m[2mSpawn execution[2m > [22m[2mSpawn location is found for all players in plains map with 9 players
[22m[39m[GameImpl] Constructor total: 0ms

[90mstdout[2m | tests/core/executions/WinCheckExecution.test.ts[2m > [22m[2mWinCheckExecution - Nation Winners[2m > [22m[2mshould set Nation as winner when timer expires with most territory
[22m[39m[GameImpl] Constructor total: 0ms

[90mstdout[2m | tests/Stats.test.ts[2m > [22m[2mStats[2m > [22m[2mboatArriveTrade
[22m[39m[GameImpl] Constructor total: 0ms

[90mstdout[2m | tests/core/execution/SpawnExecution.test.ts[2m > [22m[2mSpawn execution[2m > [22m[2mHandles spawn failure when map is too crowded
[22m[39m[GameImpl] Constructor total: 1ms

[90mstdout[2m | tests/Stats.test.ts[2m > [22m[2mStats[2m > [22m[2mboatCapturedTrade
[22m[39m[GameImpl] Constructor total: 0ms

 [32mΓ£ô[39m tests/AiAttackBehavior.test.ts[2m > [22mAi Attack Behavior[2m > [22mnation cannot attack allied player[32m 38[2mms[22m[39m
 [32mΓ£ô[39m tests/ShellRandom.test.ts[2m > [22mShell Random Damage[2m > [22mShell damage is consistent with same random seed[32m 4[2mms[22m[39m
[90mstdout[2m | tests/Stats.test.ts[2m > [22m[2mStats[2m > [22m[2mboatDestroyTrade
[22m[39m[GameImpl] Constructor total: 0ms

[90mstdout[2m | tests/Stats.test.ts[2m > [22m[2mStats[2m > [22m[2mboatSendTroops
[22m[39m[GameImpl] Constructor total: 0ms

[90mstdout[2m | tests/core/execution/SpawnExecution.test.ts[2m > [22m[2mSpawn execution[2m > [22m[2mSpawn on specific tile
[22m[39m[GameImpl] Constructor total: 0ms

[90mstdout[2m | tests/Stats.test.ts[2m > [22m[2mStats[2m > [22m[2mboatArriveTroops
[22m[39m[GameImpl] Constructor total: 0ms

[90mstdout[2m | tests/Stats.test.ts[2m > [22m[2mStats[2m > [22m[2mboatDestroyTroops
[22m[39m[GameImpl] Constructor total: 0ms

[90mstdout[2m | tests/Stats.test.ts[2m > [22m[2mStats[2m > [22m[2mbombLaunch
[22m[39m[GameImpl] Constructor total: 0ms

 [32mΓ£ô[39m tests/core/execution/SpawnExecution.test.ts[2m > [22mSpawn execution[2m > [22mSpawn location is found for all players in half_land_half_ocean map with 1 players[32m 3[2mms[22m[39m
 [32mΓ£ô[39m tests/core/execution/SpawnExecution.test.ts[2m > [22mSpawn execution[2m > [22mSpawn location is found for all players in ocean_and_land map with 1 players[32m 2[2mms[22m[39m
 [32mΓ£ô[39m tests/core/execution/SpawnExecution.test.ts[2m > [22mSpawn execution[2m > [22mSpawn location is found for all players in plains map with 9 players[32m 6[2mms[22m[39m
 [32mΓ£ô[39m tests/core/execution/SpawnExecution.test.ts[2m > [22mSpawn execution[2m > [22mHandles spawn failure when map is too crowded[32m 19[2mms[22m[39m
 [32mΓ£ô[39m tests/core/execution/SpawnExecution.test.ts[2m > [22mSpawn execution[2m > [22mSpawn on specific tile[32m 3[2mms[22m[39m
[90mstdout[2m | tests/Stats.test.ts[2m > [22m[2mStats[2m > [22m[2mbombLand
[22m[39m[GameImpl] Constructor total: 0ms

[90mstdout[2m | tests/Stats.test.ts[2m > [22m[2mStats[2m > [22m[2mbombIntercept
[22m[39m[GameImpl] Constructor total: 0ms

[90mstdout[2m | tests/Stats.test.ts[2m > [22m[2mStats[2m > [22m[2mgoldWar
[22m[39m[GameImpl] Constructor total: 0ms

[90mstdout[2m | tests/core/executions/SAMLauncherExecution.test.ts[2m > [22m[2mSAM[2m > [22m[2mone sam should take down one nuke
[22m[39m[GameImpl] Constructor total: 1ms

[90mstdout[2m | tests/Stats.test.ts[2m > [22m[2mStats[2m > [22m[2mgoldWork
[22m[39m[GameImpl] Constructor total: 0ms

[90mstdout[2m | tests/Stats.test.ts[2m > [22m[2mStats[2m > [22m[2mtrain trade gold
[22m[39m[GameImpl] Constructor total: 0ms

[90mstdout[2m | tests/Stats.test.ts[2m > [22m[2mStats[2m > [22m[2munitBuild
[22m[39m[GameImpl] Constructor total: 0ms

[90mstdout[2m | tests/Stats.test.ts[2m > [22m[2mStats[2m > [22m[2munitCapture
[22m[39m[GameImpl] Constructor total: 0ms

[90mstdout[2m | tests/Stats.test.ts[2m > [22m[2mStats[2m > [22m[2munitDestroy
[22m[39m[GameImpl] Constructor total: 0ms

[90mstdout[2m | tests/Stats.test.ts[2m > [22m[2mStats[2m > [22m[2munitLose
[22m[39m[GameImpl] Constructor total: 0ms

[90mstdout[2m | tests/Stats.test.ts[2m > [22m[2mStats[2m > [22m[2mplayerKilled
[22m[39m[GameImpl] Constructor total: 0ms

[90mstdout[2m | tests/Stats.test.ts[2m > [22m[2mStats[2m > [22m[2mstringify
[22m[39m[GameImpl] Constructor total: 0ms

 [32mΓ£ô[39m tests/Stats.test.ts[2m > [22mStats[2m > [22mattack[32m 18[2mms[22m[39m
 [32mΓ£ô[39m tests/Stats.test.ts[2m > [22mStats[2m > [22mattackCancel[32m 9[2mms[22m[39m
 [32mΓ£ô[39m tests/Stats.test.ts[2m > [22mStats[2m > [22mbetray[32m 5[2mms[22m[39m
 [32mΓ£ô[39m tests/Stats.test.ts[2m > [22mStats[2m > [22mboatSendTrade[32m 4[2mms[22m[39m
 [32mΓ£ô[39m tests/Stats.test.ts[2m > [22mStats[2m > [22mboatArriveTrade[32m 4[2mms[22m[39m
 [32mΓ£ô[39m tests/Stats.test.ts[2m > [22mStats[2m > [22mboatCapturedTrade[32m 3[2mms[22m[39m
 [32mΓ£ô[39m tests/Stats.test.ts[2m > [22mStats[2m > [22mboatDestroyTrade[32m 3[2mms[22m[39m
 [32mΓ£ô[39m tests/Stats.test.ts[2m > [22mStats[2m > [22mboatSendTroops[32m 3[2mms[22m[39m
 [32mΓ£ô[39m tests/Stats.test.ts[2m > [22mStats[2m > [22mboatArriveTroops[32m 6[2mms[22m[39m
 [32mΓ£ô[39m tests/Stats.test.ts[2m > [22mStats[2m > [22mboatDestroyTroops[32m 3[2mms[22m[39m
 [32mΓ£ô[39m tests/Stats.test.ts[2m > [22mStats[2m > [22mbombLaunch[32m 2[2mms[22m[39m
 [32mΓ£ô[39m tests/Stats.test.ts[2m > [22mStats[2m > [22mbombLand[32m 2[2mms[22m[39m
 [32mΓ£ô[39m tests/Stats.test.ts[2m > [22mStats[2m > [22mbombIntercept[32m 2[2mms[22m[39m
 [32mΓ£ô[39m tests/Stats.test.ts[2m > [22mStats[2m > [22mgoldWar[32m 3[2mms[22m[39m
 [32mΓ£ô[39m tests/Stats.test.ts[2m > [22mStats[2m > [22mgoldWork[32m 3[2mms[22m[39m
 [32mΓ£ô[39m tests/Stats.test.ts[2m > [22mStats[2m > [22mtrain trade gold[32m 2[2mms[22m[39m
 [32mΓ£ô[39m tests/Stats.test.ts[2m > [22mStats[2m > [22munitBuild[32m 2[2mms[22m[39m
 [32mΓ£ô[39m tests/Stats.test.ts[2m > [22mStats[2m > [22munitCapture[32m 2[2mms[22m[39m
 [32mΓ£ô[39m tests/Stats.test.ts[2m > [22mStats[2m > [22munitDestroy[32m 2[2mms[22m[39m
 [32mΓ£ô[39m tests/Stats.test.ts[2m > [22mStats[2m > [22munitLose[32m 2[2mms[22m[39m
 [32mΓ£ô[39m tests/Stats.test.ts[2m > [22mStats[2m > [22mplayerKilled[32m 8[2mms[22m[39m
 [32mΓ£ô[39m tests/Stats.test.ts[2m > [22mStats[2m > [22mstringify[32m 2[2mms[22m[39m
[90mstdout[2m | tests/Warship.test.ts[2m > [22m[2mWarship[2m > [22m[2mWarship heals only if player has port
[22m[39m[GameImpl] Constructor total: 1ms

[90mstdout[2m | tests/Attack.test.ts[2m > [22m[2mAttack[2m > [22m[2mNuke reduce attacking troop counts
[22m[39m[GameImpl] Constructor total: 0ms

[90mstdout[2m | tests/Disconnected.test.ts[2m > [22m[2mDisconnected[2m > [22m[2mPlayer disconnected state[2m > [22m[2mshould initialize players as not disconnected
[22m[39m[GameImpl] Constructor total: 0ms

[90mstdout[2m | tests/core/executions/SAMLauncherExecution.test.ts[2m > [22m[2mSAM[2m > [22m[2msam should only get one nuke at a time
[22m[39m[GameImpl] Constructor total: 0ms

[90mstdout[2m | tests/core/executions/MIRVExecution.test.ts[2m > [22m[2mMIRVExecution[2m > [22m[2mMIRV should launch successfully
[22m[39m[GameImpl] Constructor total: 1ms

[90mstdout[2m | tests/core/executions/WinCheckExecution.test.ts[2m > [22m[2mWinCheckExecution - Nation Winners[2m > [22m[2mshould set Nation as winner when timer expires with most territory
[22m[39mTestNation has won the game

[90mstdout[2m | tests/Disconnected.test.ts[2m > [22m[2mDisconnected[2m > [22m[2mPlayer disconnected state[2m > [22m[2mshould mark player as disconnected and not disconnected
[22m[39m[GameImpl] Constructor total: 0ms

[90mstdout[2m | tests/Warship.test.ts[2m > [22m[2mWarship[2m > [22m[2mWarship captures trade if player has port
[22m[39m[GameImpl] Constructor total: 0ms

[90mstdout[2m | tests/core/executions/WinCheckExecution.test.ts[2m > [22m[2mWinCheckExecution - Nation Winners[2m > [22m[2mshould set correct Nation as winner among multiple Nations
[22m[39m[GameImpl] Constructor total: 0ms

[90mstdout[2m | tests/Disconnected.test.ts[2m > [22m[2mDisconnected[2m > [22m[2mPlayer disconnected state[2m > [22m[2mshould include disconnected state in player update
[22m[39m[GameImpl] Constructor total: 0ms

[90mstdout[2m | tests/Warship.test.ts[2m > [22m[2mWarship[2m > [22m[2mWarship do not capture trade if player has no port
[22m[39m[GameImpl] Constructor total: 0ms

[90mstdout[2m | tests/Warship.test.ts[2m > [22m[2mWarship[2m > [22m[2mWarship does not target trade ships that are safe from pirates
[22m[39m[GameImpl] Constructor total: 0ms

[90mstdout[2m | tests/Disconnected.test.ts[2m > [22m[2mDisconnected[2m > [22m[2mPlayer view[2m > [22m[2mshould reflect disconnected state in player view
[22m[39m[GameImpl] Constructor total: 0ms

[90mstdout[2m | tests/Disconnected.test.ts[2m > [22m[2mDisconnected[2m > [22m[2mPlayer view[2m > [22m[2mshould maintain disconnected state in view across game ticks
[22m[39m[GameImpl] Constructor total: 0ms

[90mstdout[2m | tests/core/executions/SAMLauncherExecution.test.ts[2m > [22m[2mSAM[2m > [22m[2msam should cooldown as long as configured
[22m[39m[GameImpl] Constructor total: 0ms

[90mstdout[2m | tests/Warship.test.ts[2m > [22m[2mWarship[2m > [22m[2mWarship moves to new patrol tile
[22m[39m[GameImpl] Constructor total: 0ms

[90mstdout[2m | tests/core/executions/MIRVExecution.test.ts[2m > [22m[2mMIRVExecution[2m > [22m[2mMIRV should break alliances on launch
[22m[39m[GameImpl] Constructor total: 0ms

[90mstdout[2m | tests/Disconnected.test.ts[2m > [22m[2mDisconnected[2m > [22m[2mMarkDisconnectedExecution[2m > [22m[2mshould mark player as disconnected when executed
[22m[39m[GameImpl] Constructor total: 0ms

[90mstdout[2m | tests/core/executions/WinCheckExecution.test.ts[2m > [22m[2mWinCheckExecution - Nation Winners[2m > [22m[2mshould set correct Nation as winner among multiple Nations
[22m[39mNation1 has won the game

[90mstdout[2m | tests/Warship.test.ts[2m > [22m[2mWarship[2m > [22m[2mWarship does not not target trade ships outside of patrol range
[22m[39m[GameImpl] Constructor total: 0ms

[90mstdout[2m | tests/Disconnected.test.ts[2m > [22m[2mDisconnected[2m > [22m[2mMarkDisconnectedExecution[2m > [22m[2mshould handle multiple players with different disconnected states
[22m[39m[GameImpl] Constructor total: 0ms

 [32mΓ£ô[39m tests/core/executions/WinCheckExecution.test.ts[2m > [22mWinCheckExecution - Nation Winners[2m > [22mshould set Nation as winner when timer expires with most territory[32m 99[2mms[22m[39m
 [32mΓ£ô[39m tests/core/executions/WinCheckExecution.test.ts[2m > [22mWinCheckExecution - Nation Winners[2m > [22mshould set correct Nation as winner among multiple Nations[32m 34[2mms[22m[39m
[90mstdout[2m | tests/Disconnected.test.ts[2m > [22m[2mDisconnected[2m > [22m[2mMarkDisconnectedExecution[2m > [22m[2mshould not be active during spawn phase
[22m[39m[GameImpl] Constructor total: 0ms

[90mstdout[2m | tests/Warship.test.ts[2m > [22m[2mWarship[2m > [22m[2mWarship prioritizes transport ships over warships
[22m[39m[GameImpl] Constructor total: 0ms

[90mstdout[2m | tests/Disconnected.test.ts[2m > [22m[2mDisconnected[2m > [22m[2mMarkDisconnectedExecution[2m > [22m[2mshould handle multiple executions for same player in same tick
[22m[39m[GameImpl] Constructor total: 0ms

[90mstdout[2m | tests/core/executions/WinCheckExecution.test.ts[2m > [22m[2mWinCheckExecution - Nation Winners[2m > [22m[2mshould not set winner for bot team in Team mode
[22m[39m[GameImpl] Constructor total: 1ms

[90mstdout[2m | tests/Warship.test.ts[2m > [22m[2mWarship[2m > [22m[2mWarship does not target trade ships in different water components
[22m[39m[GameImpl] Constructor total: 0ms

[90mstdout[2m | tests/Attack.test.ts[2m > [22m[2mAttack[2m > [22m[2mNuke reduce attacking boat troop count
[22m[39m[GameImpl] Constructor total: 0ms

[90mstdout[2m | tests/Disconnected.test.ts[2m > [22m[2mDisconnected[2m > [22m[2mDisconnected state persistence[2m > [22m[2mshould maintain disconnected state across game ticks
[22m[39m[GameImpl] Constructor total: 0ms

[90mstdout[2m | tests/Disconnected.test.ts[2m > [22m[2mDisconnected[2m > [22m[2mDisconnected state persistence[2m > [22m[2mshould maintain disconnected state in player updates across ticks
[22m[39m[GameImpl] Constructor total: 0ms

[90mstdout[2m | tests/core/executions/MIRVExecution.test.ts[2m > [22m[2mMIRVExecution[2m > [22m[2mMIRV should separate into warheads
[22m[39m[GameImpl] Constructor total: 0ms

[90mstdout[2m | tests/Disconnected.test.ts[2m > [22m[2mDisconnected[2m > [22m[2mEdge cases[2m > [22m[2mshould handle marking same disconnected state multiple times
[22m[39m[GameImpl] Constructor total: 0ms

[90mstdout[2m | tests/Disconnected.test.ts[2m > [22m[2mDisconnected[2m > [22m[2mEdge cases[2m > [22m[2mshould handle execution with same disconnected state
[22m[39m[GameImpl] Constructor total: 0ms

[90mstdout[2m | tests/core/executions/SAMLauncherExecution.test.ts[2m > [22m[2mSAM[2m > [22m[2mtwo sams should not target twice same nuke
[22m[39m[GameImpl] Constructor total: 0ms

[90mstdout[2m | tests/Disconnected.test.ts[2m > [22m[2mDisconnected[2m > [22m[2mDisconnected team member interactions[2m > [22m[2mTeam Warships should not attack disconnected team mate ships
[22m[39m[GameImpl] Constructor total: 0ms

 [32mΓ£ô[39m tests/core/executions/SAMLauncherExecution.test.ts[2m > [22mSAM[2m > [22mone sam should take down one nuke[32m 32[2mms[22m[39m
 [32mΓ£ô[39m tests/core/executions/SAMLauncherExecution.test.ts[2m > [22mSAM[2m > [22msam should only get one nuke at a time[32m 26[2mms[22m[39m
 [32mΓ£ô[39m tests/core/executions/SAMLauncherExecution.test.ts[2m > [22mSAM[2m > [22msam should cooldown as long as configured[32m 36[2mms[22m[39m
[90mstdout[2m | tests/core/executions/SAMLauncherExecution.test.ts[2m > [22m[2mSAM[2m > [22m[2mSAMs should target close to launch site
[22m[39m[GameImpl] Constructor total: 0ms

[90mstdout[2m | tests/Disconnected.test.ts[2m > [22m[2mDisconnected[2m > [22m[2mDisconnected team member interactions[2m > [22m[2mTeam Warships should not attack disconnected team mate ships
[22m[39m[GameImpl] Constructor total: 1ms

[90mstdout[2m | tests/core/executions/SAMLauncherExecution.test.ts[2m > [22m[2mSAM[2m > [22m[2mSAMs should target only nukes aimed at nearby targets if not close to launch site
[22m[39m[GameImpl] Constructor total: 0ms

[90mstdout[2m | tests/Attack.test.ts[2m > [22m[2mAttack[2m > [22m[2mBoat penalty on retreat Transport Ship arrival
[22m[39m[GameImpl] Constructor total: 0ms

[90mstdout[2m | tests/core/executions/WinCheckExecution.test.ts[2m > [22m[2mWinCheckExecution - 1v1 Ranked Mode[2m > [22m[2mshould set winner when only one human remains connected
[22m[39m[GameImpl] Constructor total: 0ms

 [32mΓ£ô[39m tests/Attack.test.ts[2m > [22mAttack[2m > [22mNuke reduce attacking troop counts[32m 58[2mms[22m[39m
 [32mΓ£ô[39m tests/Attack.test.ts[2m > [22mAttack[2m > [22mNuke reduce attacking boat troop count[32m 33[2mms[22m[39m
[90mstdout[2m | tests/core/executions/WinCheckExecution.test.ts[2m > [22m[2mWinCheckExecution - 1v1 Ranked Mode[2m > [22m[2mshould set winner when only one human remains connected
[22m[39mPlayer1 has won the game

 [32mΓ£ô[39m tests/Disconnected.test.ts[2m > [22mDisconnected[2m > [22mPlayer disconnected state[2m > [22mshould initialize players as not disconnected[32m 17[2mms[22m[39m
 [32mΓ£ô[39m tests/Disconnected.test.ts[2m > [22mDisconnected[2m > [22mPlayer disconnected state[2m > [22mshould mark player as disconnected and not disconnected[32m 5[2mms[22m[39m
 [32mΓ£ô[39m tests/Disconnected.test.ts[2m > [22mDisconnected[2m > [22mPlayer disconnected state[2m > [22mshould include disconnected state in player update[32m 10[2mms[22m[39m
 [32mΓ£ô[39m tests/Disconnected.test.ts[2m > [22mDisconnected[2m > [22mPlayer view[2m > [22mshould reflect disconnected state in player view[32m 4[2mms[22m[39m
 [32mΓ£ô[39m tests/Disconnected.test.ts[2m > [22mDisconnected[2m > [22mPlayer view[2m > [22mshould maintain disconnected state in view across game ticks[32m 6[2mms[22m[39m
 [32mΓ£ô[39m tests/Disconnected.test.ts[2m > [22mDisconnected[2m > [22mMarkDisconnectedExecution[2m > [22mshould mark player as disconnected when executed[32m 4[2mms[22m[39m
 [32mΓ£ô[39m tests/Disconnected.test.ts[2m > [22mDisconnected[2m > [22mMarkDisconnectedExecution[2m > [22mshould handle multiple players with different disconnected states[32m 3[2mms[22m[39m
 [32mΓ£ô[39m tests/Disconnected.test.ts[2m > [22mDisconnected[2m > [22mMarkDisconnectedExecution[2m > [22mshould not be active during spawn phase[32m 4[2mms[22m[39m
 [32mΓ£ô[39m tests/Disconnected.test.ts[2m > [22mDisconnected[2m > [22mMarkDisconnectedExecution[2m > [22mshould handle multiple executions for same player in same tick[32m 4[2mms[22m[39m
 [32mΓ£ô[39m tests/Disconnected.test.ts[2m > [22mDisconnected[2m > [22mDisconnected state persistence[2m > [22mshould maintain disconnected state across game ticks[32m 4[2mms[22m[39m
 [32mΓ£ô[39m tests/Disconnected.test.ts[2m > [22mDisconnected[2m > [22mDisconnected state persistence[2m > [22mshould maintain disconnected state in player updates across ticks[32m 3[2mms[22m[39m
 [32mΓ£ô[39m tests/Disconnected.test.ts[2m > [22mDisconnected[2m > [22mEdge cases[2m > [22mshould handle marking same disconnected state multiple times[32m 3[2mms[22m[39m
 [32mΓ£ô[39m tests/Disconnected.test.ts[2m > [22mDisconnected[2m > [22mEdge cases[2m > [22mshould handle execution with same disconnected state[32m 4[2mms[22m[39m
 [32mΓ£ô[39m tests/Disconnected.test.ts[2m > [22mDisconnected[2m > [22mDisconnected team member interactions[2m > [22mTeam Warships should not attack disconnected team mate ships[32m 29[2mms[22m[39m
[90mstdout[2m | tests/Disconnected.test.ts[2m > [22m[2mDisconnected[2m > [22m[2mDisconnected team member interactions[2m > [22m[2mDisconnected player Warship should not attack team members' ships
[22m[39m[GameImpl] Constructor total: 0ms

[90mstdout[2m | tests/core/executions/WinCheckExecution.test.ts[2m > [22m[2mWinCheckExecution - 1v1 Ranked Mode[2m > [22m[2mshould not set winner when multiple humans are still connected
[22m[39m[GameImpl] Constructor total: 0ms

[90mstdout[2m | tests/core/executions/SAMLauncherExecution.test.ts[2m > [22m[2mSAM[2m > [22m[2mSAM should have increased level after upgrade
[22m[39m[GameImpl] Constructor total: 0ms

[90mstdout[2m | tests/Attack.test.ts[2m > [22m[2mAttack race condition with alliance requests[2m > [22m[2mShould not mark attacker as traitor when alliance is formed after attack starts
[22m[39m[GameImpl] Constructor total: 0ms

[90mstdout[2m | tests/core/executions/WinCheckExecution.test.ts[2m > [22m[2mWinCheckExecution - 1v1 Ranked Mode[2m > [22m[2mshould not set winner when no humans remain connected
[22m[39m[GameImpl] Constructor total: 0ms

 [32mΓ£ô[39m tests/core/executions/MIRVExecution.test.ts[2m > [22mMIRVExecution[2m > [22mMIRV should launch successfully[32m 43[2mms[22m[39m
 [32mΓ£ô[39m tests/core/executions/MIRVExecution.test.ts[2m > [22mMIRVExecution[2m > [22mMIRV should break alliances on launch[32m 10[2mms[22m[39m
 [32mΓ£ô[39m tests/core/executions/MIRVExecution.test.ts[2m > [22mMIRVExecution[2m > [22mMIRV should separate into warheads[32m 62[2mms[22m[39m
[90mstdout[2m | tests/Disconnected.test.ts[2m > [22m[2mDisconnected[2m > [22m[2mDisconnected team member interactions[2m > [22m[2mDisconnected player Warship should not attack team members' ships
[22m[39m[GameImpl] Constructor total: 0ms

[90mstdout[2m | tests/core/executions/SAMLauncherExecution.test.ts[2m > [22m[2mSAM[2m > [22m[2mSAM should reload expired missile timers even when not in cooldown
[22m[39m[GameImpl] Constructor total: 0ms

[90mstdout[2m | tests/core/executions/WinCheckExecution.test.ts[2m > [22m[2mWinCheckExecution - 1v1 Ranked Mode[2m > [22m[2mshould ignore bots and nations in 1v1 ranked mode
[22m[39m[GameImpl] Constructor total: 0ms

[90mstdout[2m | tests/core/executions/MIRVExecution.test.ts[2m > [22m[2mMIRVExecution[2m > [22m[2mMIRV warheads should only target tiles owned by target player
[22m[39m[GameImpl] Constructor total: 0ms

[90mstdout[2m | tests/Disconnected.test.ts[2m > [22m[2mDisconnected[2m > [22m[2mDisconnected team member interactions[2m > [22m[2mPlayer can attack disconnected team mate without troop loss
[22m[39m[GameImpl] Constructor total: 0ms

[90mstdout[2m | tests/Attack.test.ts[2m > [22m[2mAttack race condition with alliance requests[2m > [22m[2mShould prevent player from attacking allied player
[22m[39m[GameImpl] Constructor total: 0ms

[90mstdout[2m | tests/core/executions/WinCheckExecution.test.ts[2m > [22m[2mWinCheckExecution - 1v1 Ranked Mode[2m > [22m[2mshould ignore bots and nations in 1v1 ranked mode
[22m[39mHumanPlayer has won the game

[90mstdout[2m | tests/Disconnected.test.ts[2m > [22m[2mDisconnected[2m > [22m[2mDisconnected team member interactions[2m > [22m[2mPlayer can attack disconnected team mate without troop loss
[22m[39m[GameImpl] Constructor total: 0ms

[90mstdout[2m | tests/Attack.test.ts[2m > [22m[2mAttack race condition with alliance requests[2m > [22m[2mShould cancel alliance requests if the recipient attacks
[22m[39m[GameImpl] Constructor total: 0ms

[90mstdout[2m | tests/Disconnected.test.ts[2m > [22m[2mDisconnected[2m > [22m[2mDisconnected team member interactions[2m > [22m[2mConqueror gets conquered disconnected team member's transport- and warships
[22m[39m[GameImpl] Constructor total: 0ms

[90mstdout[2m | tests/Attack.test.ts[2m > [22m[2mAttack race condition with alliance requests[2m > [22m[2mShould cancel the proper alliance request among many
[22m[39m[GameImpl] Constructor total: 0ms

[90mstdout[2m | tests/Attack.test.ts[2m > [22m[2mTransport ship alliance rejection[2m > [22m[2mShould cancel alliance requests if the recipient sends a transport ship
[22m[39m[GameImpl] Constructor total: 0ms

 [32mΓ£ô[39m tests/core/executions/WinCheckExecution.test.ts[2m > [22mWinCheckExecution - Nation Winners[2m > [22mshould not set winner for bot team in Team mode[32m 44[2mms[22m[39m
 [32mΓ£ô[39m tests/core/executions/WinCheckExecution.test.ts[2m > [22mWinCheckExecution - 1v1 Ranked Mode[2m > [22mshould set winner when only one human remains connected[32m 6[2mms[22m[39m
 [32mΓ£ô[39m tests/core/executions/WinCheckExecution.test.ts[2m > [22mWinCheckExecution - 1v1 Ranked Mode[2m > [22mshould not set winner when multiple humans are still connected[32m 5[2mms[22m[39m
 [32mΓ£ô[39m tests/core/executions/WinCheckExecution.test.ts[2m > [22mWinCheckExecution - 1v1 Ranked Mode[2m > [22mshould not set winner when no humans remain connected[32m 3[2mms[22m[39m
 [32mΓ£ô[39m tests/core/executions/WinCheckExecution.test.ts[2m > [22mWinCheckExecution - 1v1 Ranked Mode[2m > [22mshould ignore bots and nations in 1v1 ranked mode[32m 6[2mms[22m[39m
[90mstdout[2m | tests/Disconnected.test.ts[2m > [22m[2mDisconnected[2m > [22m[2mDisconnected team member interactions[2m > [22m[2mConqueror gets conquered disconnected team member's transport- and warships
[22m[39m[GameImpl] Constructor total: 0ms

[90mstdout[2m | tests/Disconnected.test.ts[2m > [22m[2mDisconnected[2m > [22m[2mDisconnected team member interactions[2m > [22m[2mCaptured transport ship landing attack should be in name of new owner
[22m[39m[GameImpl] Constructor total: 0ms

[90mstdout[2m | tests/Disconnected.test.ts[2m > [22m[2mDisconnected[2m > [22m[2mDisconnected team member interactions[2m > [22m[2mCaptured transport ship landing attack should be in name of new owner
[22m[39m[GameImpl] Constructor total: 0ms

[90mstdout[2m | tests/Attack.test.ts[2m > [22m[2mAttack immunity[2m > [22m[2mShould not be able to attack during immunity phase
[22m[39m[GameImpl] Constructor total: 0ms

[90mstdout[2m | tests/Disconnected.test.ts[2m > [22m[2mDisconnected[2m > [22m[2mDisconnected team member interactions[2m > [22m[2mCaptured transport ship should retreat to closest owner shore tile
[22m[39m[GameImpl] Constructor total: 0ms

[90mstdout[2m | tests/Attack.test.ts[2m > [22m[2mAttack immunity[2m > [22m[2mShould be able to attack after immunity phase
[22m[39m[GameImpl] Constructor total: 0ms

[90mstdout[2m | tests/Attack.test.ts[2m > [22m[2mAttack immunity[2m > [22m[2mEnsure a player can't attack during all the immunity phase
[22m[39m[GameImpl] Constructor total: 0ms

[90mstdout[2m | tests/Disconnected.test.ts[2m > [22m[2mDisconnected[2m > [22m[2mDisconnected team member interactions[2m > [22m[2mCaptured transport ship should retreat to closest owner shore tile
[22m[39m[GameImpl] Constructor total: 0ms

[90mstdout[2m | tests/Attack.test.ts[2m > [22m[2mAttack immunity[2m > [22m[2mShould not be able to send a boat during immunity phase
[22m[39m[GameImpl] Constructor total: 0ms

[90mstdout[2m | tests/Attack.test.ts[2m > [22m[2mAttack immunity[2m > [22m[2mShould be able to send a boat after immunity phase
[22m[39m[GameImpl] Constructor total: 0ms

 [32mΓ£ô[39m tests/core/executions/SAMLauncherExecution.test.ts[2m > [22mSAM[2m > [22mtwo sams should not target twice same nuke[32m 9[2mms[22m[39m
 [32mΓ£ô[39m tests/core/executions/SAMLauncherExecution.test.ts[2m > [22mSAM[2m > [22mSAMs should target close to launch site[32m 11[2mms[22m[39m
 [32mΓ£ô[39m tests/core/executions/SAMLauncherExecution.test.ts[2m > [22mSAM[2m > [22mSAMs should target only nukes aimed at nearby targets if not close to launch site[32m 17[2mms[22m[39m
 [32mΓ£ô[39m tests/core/executions/SAMLauncherExecution.test.ts[2m > [22mSAM[2m > [22mSAM should have increased level after upgrade[32m 15[2mms[22m[39m
 [32mΓ£ô[39m tests/core/executions/SAMLauncherExecution.test.ts[2m > [22mSAM[2m > [22mSAM should reload expired missile timers even when not in cooldown[32m 27[2mms[22m[39m
[90mstdout[2m | tests/Attack.test.ts[2m > [22m[2mAttack immunity[2m > [22m[2mShould not be able to attack nations during nation immunity phase
[22m[39m[GameImpl] Constructor total: 0ms

[90mstdout[2m | tests/Attack.test.ts[2m > [22m[2mAttack immunity[2m > [22m[2mShould be able to attack nations after nation immunity phase
[22m[39m[GameImpl] Constructor total: 0ms

[90mstdout[2m | tests/Disconnected.test.ts[2m > [22m[2mDisconnected[2m > [22m[2mDisconnected team member interactions[2m > [22m[2mRetreating transport ship is deleted if new owner has no shore tiles
[22m[39m[GameImpl] Constructor total: 0ms

[90mstdout[2m | tests/Attack.test.ts[2m > [22m[2mAttack immunity[2m > [22m[2mShould be able to attack bots during immunity phase
[22m[39m[GameImpl] Constructor total: 0ms

[90mstdout[2m | tests/core/executions/MIRVExecution.test.ts[2m > [22m[2mMIRVExecution[2m > [22m[2mMIRV warheads should be distributed with minimum spacing
[22m[39m[GameImpl] Constructor total: 0ms

[90mstdout[2m | tests/Attack.test.ts[2m > [22m[2mAttack immunity[2m > [22m[2mCan't send nuke during immunity phase
[22m[39m[GameImpl] Constructor total: 0ms

[90mstdout[2m | tests/Disconnected.test.ts[2m > [22m[2mDisconnected[2m > [22m[2mDisconnected team member interactions[2m > [22m[2mRetreating transport ship is deleted if new owner has no shore tiles
[22m[39m[GameImpl] Constructor total: 0ms

 [32mΓ£ô[39m tests/Disconnected.test.ts[2m > [22mDisconnected[2m > [22mDisconnected team member interactions[2m > [22mDisconnected player Warship should not attack team members' ships[32m 6[2mms[22m[39m
 [32mΓ£ô[39m tests/Disconnected.test.ts[2m > [22mDisconnected[2m > [22mDisconnected team member interactions[2m > [22mPlayer can attack disconnected team mate without troop loss[32m 9[2mms[22m[39m
 [32mΓ£ô[39m tests/Disconnected.test.ts[2m > [22mDisconnected[2m > [22mDisconnected team member interactions[2m > [22mConqueror gets conquered disconnected team member's transport- and warships[32m 6[2mms[22m[39m
 [32mΓ£ô[39m tests/Disconnected.test.ts[2m > [22mDisconnected[2m > [22mDisconnected team member interactions[2m > [22mCaptured transport ship landing attack should be in name of new owner[32m 22[2mms[22m[39m
 [32mΓ£ô[39m tests/Disconnected.test.ts[2m > [22mDisconnected[2m > [22mDisconnected team member interactions[2m > [22mCaptured transport ship should retreat to closest owner shore tile[32m 12[2mms[22m[39m
 [32mΓ£ô[39m tests/Disconnected.test.ts[2m > [22mDisconnected[2m > [22mDisconnected team member interactions[2m > [22mRetreating transport ship is deleted if new owner has no shore tiles[32m 13[2mms[22m[39m
 [32mΓ£ô[39m tests/Attack.test.ts[2m > [22mAttack[2m > [22mBoat penalty on retreat Transport Ship arrival[32m 14[2mms[22m[39m
 [32mΓ£ô[39m tests/Attack.test.ts[2m > [22mAttack race condition with alliance requests[2m > [22mShould not mark attacker as traitor when alliance is formed after attack starts[32m 6[2mms[22m[39m
 [32mΓ£ô[39m tests/Attack.test.ts[2m > [22mAttack race condition with alliance requests[2m > [22mShould prevent player from attacking allied player[32m 6[2mms[22m[39m
 [32mΓ£ô[39m tests/Attack.test.ts[2m > [22mAttack race condition with alliance requests[2m > [22mShould cancel alliance requests if the recipient attacks[32m 5[2mms[22m[39m
 [32mΓ£ô[39m tests/Attack.test.ts[2m > [22mAttack race condition with alliance requests[2m > [22mShould cancel the proper alliance request among many[32m 5[2mms[22m[39m
 [32mΓ£ô[39m tests/Attack.test.ts[2m > [22mTransport ship alliance rejection[2m > [22mShould cancel alliance requests if the recipient sends a transport ship[32m 6[2mms[22m[39m
 [32mΓ£ô[39m tests/Attack.test.ts[2m > [22mAttack immunity[2m > [22mShould not be able to attack during immunity phase[32m 4[2mms[22m[39m
 [32mΓ£ô[39m tests/Attack.test.ts[2m > [22mAttack immunity[2m > [22mShould be able to attack after immunity phase[32m 4[2mms[22m[39m
 [32mΓ£ô[39m tests/Attack.test.ts[2m > [22mAttack immunity[2m > [22mEnsure a player can't attack during all the immunity phase[32m 4[2mms[22m[39m
 [32mΓ£ô[39m tests/Attack.test.ts[2m > [22mAttack immunity[2m > [22mShould not be able to send a boat during immunity phase[32m 3[2mms[22m[39m
 [32mΓ£ô[39m tests/Attack.test.ts[2m > [22mAttack immunity[2m > [22mShould be able to send a boat after immunity phase[32m 4[2mms[22m[39m
 [32mΓ£ô[39m tests/Attack.test.ts[2m > [22mAttack immunity[2m > [22mShould not be able to attack nations during nation immunity phase[32m 3[2mms[22m[39m
 [32mΓ£ô[39m tests/Attack.test.ts[2m > [22mAttack immunity[2m > [22mShould be able to attack nations after nation immunity phase[32m 3[2mms[22m[39m
 [32mΓ£ô[39m tests/Attack.test.ts[2m > [22mAttack immunity[2m > [22mShould be able to attack bots during immunity phase[32m 3[2mms[22m[39m
 [32mΓ£ô[39m tests/Attack.test.ts[2m > [22mAttack immunity[2m > [22mCan't send nuke during immunity phase[32m 4[2mms[22m[39m
 [32mΓ£ô[39m tests/core/executions/MIRVExecution.test.ts[2m > [22mMIRVExecution[2m > [22mMIRV warheads should only target tiles owned by target player[32m 58[2mms[22m[39m
 [32mΓ£ô[39m tests/core/executions/MIRVExecution.test.ts[2m > [22mMIRVExecution[2m > [22mMIRV warheads should be distributed with minimum spacing[32m 44[2mms[22m[39m
[90mstdout[2m | tests/core/executions/MIRVExecution.test.ts[2m > [22m[2mMIRVExecution[2m > [22m[2mMIRV should display warning message on launch
[22m[39m[GameImpl] Constructor total: 0ms

[90mstdout[2m | tests/core/executions/MIRVExecution.test.ts[2m > [22m[2mMIRVExecution[2m > [22m[2mMIRV should not launch if player cannot build it
[22m[39m[GameImpl] Constructor total: 0ms

[90mstdout[2m | tests/core/executions/MIRVExecution.test.ts[2m > [22m[2mMIRVExecution[2m > [22m[2mMIRV should not launch when targeting terra nullius
[22m[39m[GameImpl] Constructor total: 0ms

[90mstdout[2m | tests/core/executions/MIRVExecution.test.ts[2m > [22m[2mMIRVExecution[2m > [22m[2mMIRV should launch when targeting own territory without breaking alliances
[22m[39m[GameImpl] Constructor total: 0ms

 [32mΓ£ô[39m tests/core/executions/MIRVExecution.test.ts[2m > [22mMIRVExecution[2m > [22mMIRV should display warning message on launch[32m 6[2mms[22m[39m
 [32mΓ£ô[39m tests/core/executions/MIRVExecution.test.ts[2m > [22mMIRVExecution[2m > [22mMIRV should not launch if player cannot build it[32m 6[2mms[22m[39m
 [32mΓ£ô[39m tests/core/executions/MIRVExecution.test.ts[2m > [22mMIRVExecution[2m > [22mMIRV should not launch when targeting terra nullius[32m 9[2mms[22m[39m
 [32mΓ£ô[39m tests/core/executions/MIRVExecution.test.ts[2m > [22mMIRVExecution[2m > [22mMIRV should launch when targeting own territory without breaking alliances[32m 5[2mms[22m[39m
[90mstdout[2m | tests/nukes/WaterNukes.test.ts[2m > [22m[2mWater Nukes[2m > [22m[2mwhen waterNukes is enabled[2m > [22m[2mnuke converts land tiles to water instead of fallout
[22m[39m[GameImpl] Constructor total: 1ms

[90mstdout[2m | tests/core/pathfinding/PathFinding.Water.test.ts[2m > [22m[2mPathFinding.Water
[22m[39m[GameImpl] Constructor total: 0ms

[90mstdout[2m | tests/nukes/WaterNukes.test.ts[2m > [22m[2mWater Nukes[2m > [22m[2mwhen waterNukes is enabled[2m > [22m[2mconverted tiles get shoreline bits updated
[22m[39m[GameImpl] Constructor total: 0ms

[90mstdout[2m | tests/nukes/WaterNukes.test.ts[2m > [22m[2mWater Nukes[2m > [22m[2mwhen waterNukes is enabled[2m > [22m[2mqueueWaterConversion skips tiles conquered before flush
[22m[39m[GameImpl] Constructor total: 0ms

[90mstdout[2m | tests/nukes/WaterNukes.test.ts[2m > [22m[2mWater Nukes[2m > [22m[2mwhen waterNukes is enabled[2m > [22m[2mwaterGraphVersion increments after water conversion
[22m[39m[GameImpl] Constructor total: 0ms

[90mstdout[2m | tests/nukes/WaterNukes.test.ts[2m > [22m[2mWater Nukes[2m > [22m[2mwhen waterNukes is enabled[2m > [22m[2mwaterGraphVersion increments after water conversion
[22m[39m[GameImpl] Constructor total: 3ms

[90mstdout[2m | tests/nukes/WaterNukes.test.ts[2m > [22m[2mWater Nukes[2m > [22m[2mwhen waterNukes is disabled (default)[2m > [22m[2mnuke applies fallout instead of converting to water
[22m[39m[GameImpl] Constructor total: 0ms

[90mstdout[2m | tests/nukes/WaterNukes.test.ts[2m > [22m[2mWater Nukes[2m > [22m[2mwhen waterNukes is disabled (default)[2m > [22m[2mwaterGraphVersion does not change
[22m[39m[GameImpl] Constructor total: 0ms

[90mstdout[2m | tests/nukes/WaterNukes.test.ts[2m > [22m[2mWater Nukes[2m > [22m[2mupdateTile terrain byte round-trip[2m > [22m[2mterrain byte is packed and unpacked correctly
[22m[39m[GameImpl] Constructor total: 0ms

 [32mΓ£ô[39m tests/nukes/WaterNukes.test.ts[2m > [22mWater Nukes[2m > [22mwhen waterNukes is enabled[2m > [22mnuke converts land tiles to water instead of fallout[32m 31[2mms[22m[39m
 [32mΓ£ô[39m tests/nukes/WaterNukes.test.ts[2m > [22mWater Nukes[2m > [22mwhen waterNukes is enabled[2m > [22mconverted tiles get shoreline bits updated[32m 13[2mms[22m[39m
 [32mΓ£ô[39m tests/nukes/WaterNukes.test.ts[2m > [22mWater Nukes[2m > [22mwhen waterNukes is enabled[2m > [22mqueueWaterConversion skips tiles conquered before flush[32m 8[2mms[22m[39m
 [32mΓ£ô[39m tests/nukes/WaterNukes.test.ts[2m > [22mWater Nukes[2m > [22mwhen waterNukes is enabled[2m > [22mwaterGraphVersion increments after water conversion[32m 15[2mms[22m[39m
 [32mΓ£ô[39m tests/nukes/WaterNukes.test.ts[2m > [22mWater Nukes[2m > [22mwhen waterNukes is disabled (default)[2m > [22mnuke applies fallout instead of converting to water[32m 5[2mms[22m[39m
 [32mΓ£ô[39m tests/nukes/WaterNukes.test.ts[2m > [22mWater Nukes[2m > [22mwhen waterNukes is disabled (default)[2m > [22mwaterGraphVersion does not change[32m 7[2mms[22m[39m
 [32mΓ£ô[39m tests/nukes/WaterNukes.test.ts[2m > [22mWater Nukes[2m > [22mupdateTile terrain byte round-trip[2m > [22mterrain byte is packed and unpacked correctly[32m 6[2mms[22m[39m
 [32mΓ£ô[39m tests/Warship.test.ts[2m > [22mWarship[2m > [22mWarship heals only if player has port[32m 20[2mms[22m[39m
 [32mΓ£ô[39m tests/Warship.test.ts[2m > [22mWarship[2m > [22mWarship captures trade if player has port[32m 7[2mms[22m[39m
 [32mΓ£ô[39m tests/Warship.test.ts[2m > [22mWarship[2m > [22mWarship do not capture trade if player has no port[32m 5[2mms[22m[39m
 [32mΓ£ô[39m tests/Warship.test.ts[2m > [22mWarship[2m > [22mWarship does not target trade ships that are safe from pirates[32m 11[2mms[22m[39m
 [32mΓ£ô[39m tests/Warship.test.ts[2m > [22mWarship[2m > [22mWarship moves to new patrol tile[32m 4[2mms[22m[39m
 [32mΓ£ô[39m tests/Warship.test.ts[2m > [22mWarship[2m > [22mWarship does not not target trade ships outside of patrol range[32m 5[2mms[22m[39m
 [32mΓ£ô[39m tests/Warship.test.ts[2m > [22mWarship[2m > [22mWarship prioritizes transport ships over warships[32m 5[2mms[22m[39m
 [32mΓ£ô[39m tests/Warship.test.ts[2m > [22mWarship[2m > [22mWarship does not target trade ships in different water components[33m 308[2mms[22m[39m
[90mstdout[2m | tests/Warship.test.ts[2m > [22m[2mWarship[2m > [22m[2mMoveWarshipExecution fails if player is not the owner
[22m[39m[GameImpl] Constructor total: 0ms

[90mstdout[2m | tests/NationMIRV.test.ts[2m > [22m[2mNation MIRV Retaliation[2m > [22m[2mnation retaliates with MIRV when attacked by MIRV
[22m[39m[GameImpl] Constructor total: 0ms

[90mstdout[2m | tests/Warship.test.ts[2m > [22m[2mWarship[2m > [22m[2mMoveWarshipExecution fails if warship is not active
[22m[39m[GameImpl] Constructor total: 0ms

[90mstdout[2m | tests/Warship.test.ts[2m > [22m[2mWarship[2m > [22m[2mMoveWarshipExecution fails gracefully if warship not found
[22m[39m[GameImpl] Constructor total: 0ms

[90mstdout[2m | tests/Warship.test.ts[2m > [22m[2mWarship[2m > [22m[2mWarship retreats when pre-heal health is below threshold
[22m[39m[GameImpl] Constructor total: 0ms

[90mstdout[2m | tests/Warship.test.ts[2m > [22m[2mWarship[2m > [22m[2mWarship gets active healing when docked at a friendly port
[22m[39m[GameImpl] Constructor total: 0ms

[90mstdout[2m | tests/Warship.test.ts[2m > [22m[2mWarship[2m > [22m[2mWarship waits at port when capacity is full
[22m[39m[GameImpl] Constructor total: 0ms

[90mstdout[2m | tests/Warship.test.ts[2m > [22m[2mWarship[2m > [22m[2mWarship cancels docking if its retreat port is destroyed
[22m[39m[GameImpl] Constructor total: 0ms

[90mstdout[2m | tests/Warship.test.ts[2m > [22m[2mWarship[2m > [22m[2mWarship drops a stale target after patrol movement changes range
[22m[39m[GameImpl] Constructor total: 0ms

[90mstdout[2m | tests/Warship.test.ts[2m > [22m[2mWarship[2m > [22m[2mWarship cancels retreat if no friendly port is reachable by water
[22m[39m[GameImpl] Constructor total: 0ms

[90mstdout[2m | tests/NationMIRV.test.ts[2m > [22m[2mNation MIRV Retaliation[2m > [22m[2mnation launches MIRV to prevent victory when player approaches win condition
[22m[39m[GameImpl] Constructor total: 0ms

 [32mΓ£ô[39m tests/Warship.test.ts[2m > [22mWarship[2m > [22mMoveWarshipExecution fails if player is not the owner[32m 4[2mms[22m[39m
 [32mΓ£ô[39m tests/Warship.test.ts[2m > [22mWarship[2m > [22mMoveWarshipExecution fails if warship is not active[32m 4[2mms[22m[39m
 [32mΓ£ô[39m tests/Warship.test.ts[2m > [22mWarship[2m > [22mMoveWarshipExecution fails gracefully if warship not found[32m 3[2mms[22m[39m
 [32mΓ£ô[39m tests/Warship.test.ts[2m > [22mWarship[2m > [22mWarship retreats when pre-heal health is below threshold[32m 6[2mms[22m[39m
 [32mΓ£ô[39m tests/Warship.test.ts[2m > [22mWarship[2m > [22mWarship gets active healing when docked at a friendly port[32m 4[2mms[22m[39m
 [32mΓ£ô[39m tests/Warship.test.ts[2m > [22mWarship[2m > [22mWarship waits at port when capacity is full[32m 4[2mms[22m[39m
 [32mΓ£ô[39m tests/Warship.test.ts[2m > [22mWarship[2m > [22mWarship cancels docking if its retreat port is destroyed[32m 4[2mms[22m[39m
 [32mΓ£ô[39m tests/Warship.test.ts[2m > [22mWarship[2m > [22mWarship drops a stale target after patrol movement changes range[32m 6[2mms[22m[39m
 [32mΓ£ô[39m tests/Warship.test.ts[2m > [22mWarship[2m > [22mWarship cancels retreat if no friendly port is reachable by water[32m 75[2mms[22m[39m
[90mstdout[2m | tests/Warship.test.ts[2m > [22m[2mWarship[2m > [22m[2mLow-health warship retreats AND fires at nearby enemy warship
[22m[39m[GameImpl] Constructor total: 0ms

[90mstdout[2m | tests/Warship.test.ts[2m > [22m[2mWarship[2m > [22m[2mRetreating warship aggroes nearby enemy transport before continuing retreat
[22m[39m[GameImpl] Constructor total: 0ms

[90mstdout[2m | tests/Warship.test.ts[2m > [22m[2mWarship[2m > [22m[2mManual MoveWarshipExecution cancels retreat and keeps manual order
[22m[39m[GameImpl] Constructor total: 0ms

[90mstdout[2m | tests/Warship.test.ts[2m > [22m[2mWarship[2m > [22m[2mManual MoveWarshipExecution suppresses auto-retreat for 5 seconds before retreat starts
[22m[39m[GameImpl] Constructor total: 0ms

[90mstdout[2m | tests/Warship.test.ts[2m > [22m[2mWarship[2m > [22m[2mWarship isInCombat becomes true when hit by a shell from an enemy
[22m[39m[GameImpl] Constructor total: 0ms

[90mstdout[2m | tests/Warship.test.ts[2m > [22m[2mWarship[2m > [22m[2mWarship isInCombat becomes true when firing at an enemy
[22m[39m[GameImpl] Constructor total: 0ms

[90mstdout[2m | tests/Warship.test.ts[2m > [22m[2mWarship[2m > [22m[2mDocked warship is not targeted by enemy warship
[22m[39m[GameImpl] Constructor total: 0ms

[90mstdout[2m | tests/Warship.test.ts[2m > [22m[2mWarship[2m > [22m[2mRetreating warship continues moving to port after firing back
[22m[39m[GameImpl] Constructor total: 0ms

[90mstdout[2m | tests/Warship.test.ts[2m > [22m[2mWarship[2m > [22m[2mWarship captures trade ship immediately when already within capture range
[22m[39m[GameImpl] Constructor total: 0ms

[90mstdout[2m | tests/Warship.test.ts[2m > [22m[2mWarship[2m > [22m[2mWarship uses greedy pursuit to capture trade ship within 20 tiles
[22m[39m[GameImpl] Constructor total: 0ms

 [32mΓ£ô[39m tests/NationMIRV.test.ts[2m > [22mNation MIRV Retaliation[2m > [22mnation retaliates with MIRV when attacked by MIRV[32m 74[2mms[22m[39m
 [32mΓ£ô[39m tests/NationMIRV.test.ts[2m > [22mNation MIRV Retaliation[2m > [22mnation launches MIRV to prevent victory when player approaches win condition[32m 82[2mms[22m[39m
[90mstdout[2m | tests/NationMIRV.test.ts[2m > [22m[2mNation MIRV Retaliation[2m > [22m[2mnation launches MIRV to stop steamrolling player with excessive cities
[22m[39m[GameImpl] Constructor total: 0ms

 [32mΓ£ô[39m tests/Warship.test.ts[2m > [22mWarship[2m > [22mLow-health warship retreats AND fires at nearby enemy warship[32m 4[2mms[22m[39m
 [32mΓ£ô[39m tests/Warship.test.ts[2m > [22mWarship[2m > [22mRetreating warship aggroes nearby enemy transport before continuing retreat[32m 3[2mms[22m[39m
 [32mΓ£ô[39m tests/Warship.test.ts[2m > [22mWarship[2m > [22mManual MoveWarshipExecution cancels retreat and keeps manual order[32m 4[2mms[22m[39m
 [32mΓ£ô[39m tests/Warship.test.ts[2m > [22mWarship[2m > [22mManual MoveWarshipExecution suppresses auto-retreat for 5 seconds before retreat starts[32m 5[2mms[22m[39m
 [32mΓ£ô[39m tests/Warship.test.ts[2m > [22mWarship[2m > [22mWarship isInCombat becomes true when hit by a shell from an enemy[32m 3[2mms[22m[39m
 [32mΓ£ô[39m tests/Warship.test.ts[2m > [22mWarship[2m > [22mWarship isInCombat becomes true when firing at an enemy[32m 3[2mms[22m[39m
 [32mΓ£ô[39m tests/Warship.test.ts[2m > [22mWarship[2m > [22mDocked warship is not targeted by enemy warship[32m 6[2mms[22m[39m
 [32mΓ£ô[39m tests/Warship.test.ts[2m > [22mWarship[2m > [22mRetreating warship continues moving to port after firing back[32m 3[2mms[22m[39m
 [32mΓ£ô[39m tests/Warship.test.ts[2m > [22mWarship[2m > [22mWarship captures trade ship immediately when already within capture range[32m 3[2mms[22m[39m
 [32mΓ£ô[39m tests/Warship.test.ts[2m > [22mWarship[2m > [22mWarship uses greedy pursuit to capture trade ship within 20 tiles[32m 4[2mms[22m[39m
[90mstdout[2m | tests/NationMIRV.test.ts[2m > [22m[2mNation MIRV Retaliation[2m > [22m[2mnation does not launch MIRV for steamroll when leader has <= 10 cities
[22m[39m[GameImpl] Constructor total: 0ms

[90mstdout[2m | tests/core/pathfinding/PathFinding.Water.test.ts[2m > [22m[2mPathFinding.Water
[22m[39m[GameImpl] Constructor total: 231ms

[90mstdout[2m | tests/core/pathfinding/PathFinding.Water.test.ts[2m > [22m[2mPathFinding.Water[2m > [22m[2mKnown bugs[2m > [22m[2mpath can cross 1-tile land barrier
[22m[39m[GameImpl] Constructor total: 1ms

[90mstdout[2m | tests/core/pathfinding/PathFinding.Water.test.ts[2m > [22m[2mPathFinding.Water[2m > [22m[2mKnown bugs[2m > [22m[2mpath can cross diagonal land barrier
[22m[39m[GameImpl] Constructor total: 1ms

 [32mΓ£ô[39m tests/core/pathfinding/PathFinding.Water.test.ts[2m > [22mPathFinding.Water[2m > [22mfindPath[2m > [22mfinds path between adjacent water tiles[32m 5[2mms[22m[39m
 [32mΓ£ô[39m tests/core/pathfinding/PathFinding.Water.test.ts[2m > [22mPathFinding.Water[2m > [22mfindPath[2m > [22mreturns null for land tiles[32m 1[2mms[22m[39m
 [32mΓ£ô[39m tests/core/pathfinding/PathFinding.Water.test.ts[2m > [22mPathFinding.Water[2m > [22mfindPath[2m > [22mreturns single-tile path when from equals to[32m 1[2mms[22m[39m
 [32mΓ£ô[39m tests/core/pathfinding/PathFinding.Water.test.ts[2m > [22mPathFinding.Water[2m > [22mfindPath[2m > [22msupports multiple start tiles[32m 2[2mms[22m[39m
 [32mΓ£ô[39m tests/core/pathfinding/PathFinding.Water.test.ts[2m > [22mPathFinding.Water[2m > [22mpath validity[2m > [22mall consecutive tiles in path are connected[32m 3[2mms[22m[39m
 [32mΓ£ô[39m tests/core/pathfinding/PathFinding.Water.test.ts[2m > [22mPathFinding.Water[2m > [22mshore handling[2m > [22mpath from shore to shore starts and ends on shore[32m 1[2mms[22m[39m
 [32mΓ£ô[39m tests/core/pathfinding/PathFinding.Water.test.ts[2m > [22mPathFinding.Water[2m > [22mdeterminism[2m > [22msame inputs produce identical paths[32m 1[2mms[22m[39m
 [32mΓ£ô[39m tests/core/pathfinding/PathFinding.Water.test.ts[2m > [22mPathFinding.Water[2m > [22mWorld map routes[2m > [22mSpain to France (Mediterranean)[32m 4[2mms[22m[39m
 [32mΓ£ô[39m tests/core/pathfinding/PathFinding.Water.test.ts[2m > [22mPathFinding.Water[2m > [22mWorld map routes[2m > [22mMiami to Rio (Atlantic)[32m 7[2mms[22m[39m
 [32mΓ£ô[39m tests/core/pathfinding/PathFinding.Water.test.ts[2m > [22mPathFinding.Water[2m > [22mWorld map routes[2m > [22mFrance to Poland (around Europe)[32m 5[2mms[22m[39m
 [32mΓ£ô[39m tests/core/pathfinding/PathFinding.Water.test.ts[2m > [22mPathFinding.Water[2m > [22mWorld map routes[2m > [22mMiami to Spain (transatlantic)[32m 3[2mms[22m[39m
 [32mΓ£ô[39m tests/core/pathfinding/PathFinding.Water.test.ts[2m > [22mPathFinding.Water[2m > [22mWorld map routes[2m > [22mRio to Poland (South Atlantic to Baltic)[32m 3[2mms[22m[39m
 [32mΓ£ô[39m tests/core/pathfinding/PathFinding.Water.test.ts[2m > [22mPathFinding.Water[2m > [22mError handling[2m > [22mreturns NOT_FOUND for null source[32m 1[2mms[22m[39m
 [32mΓ£ô[39m tests/core/pathfinding/PathFinding.Water.test.ts[2m > [22mPathFinding.Water[2m > [22mError handling[2m > [22mreturns NOT_FOUND for null destination[32m 0[2mms[22m[39m
 [32mΓ£ô[39m tests/core/pathfinding/PathFinding.Water.test.ts[2m > [22mPathFinding.Water[2m > [22mKnown bugs[2m > [22mpath can cross 1-tile land barrier[32m 3[2mms[22m[39m
 [32mΓ£ô[39m tests/core/pathfinding/PathFinding.Water.test.ts[2m > [22mPathFinding.Water[2m > [22mKnown bugs[2m > [22mpath can cross diagonal land barrier[32m 2[2mms[22m[39m
 [32mΓ£ô[39m tests/NationMIRV.test.ts[2m > [22mNation MIRV Retaliation[2m > [22mnation launches MIRV to stop steamrolling player with excessive cities[32m 16[2mms[22m[39m
 [32mΓ£ô[39m tests/NationMIRV.test.ts[2m > [22mNation MIRV Retaliation[2m > [22mnation does not launch MIRV for steamroll when leader has <= 10 cities[33m 444[2mms[22m[39m
[90mstdout[2m | tests/NationMIRV.test.ts[2m > [22m[2mNation MIRV Retaliation[2m > [22m[2mnation launches MIRV to prevent team victory when team approaches victory denial threshold (targets biggest team member)
[22m[39m[GameImpl] Constructor total: 1ms

 [32mΓ£ô[39m tests/NationMIRV.test.ts[2m > [22mNation MIRV Retaliation[2m > [22mnation launches MIRV to prevent team victory when team approaches victory denial threshold (targets biggest team member)[32m 53[2mms[22m[39m
[90mstdout[2m | tests/AttackStats.test.ts[2m > [22m[2mAttackStats[2m > [22m[2mshould increase war gold stat when a player is eliminated
[22m[39m[GameImpl] Constructor total: 1ms

[90mstdout[2m | tests/AttackStats.test.ts[2m > [22m[2mAttackStats[2m > [22m[2mshould NOT increase war gold stat when a inactive player is eliminated
[22m[39m[GameImpl] Constructor total: 0ms

[90mstdout[2m | tests/AttackStats.test.ts[2m > [22m[2mAttackStats[2m > [22m[2mshould increase war gold stat when elimination occurs via territory annexation
[22m[39m[GameImpl] Constructor total: 0ms

[90mstdout[2m | tests/DeleteUnitExecution.test.ts[2m > [22m[2mDeleteUnitExecution Security Tests[2m > [22m[2mSecurity Validations[2m > [22m[2mshould prevent deleting units not owned by player
[22m[39m[GameImpl] Constructor total: 0ms

 [32mΓ£ô[39m tests/AttackStats.test.ts[2m > [22mAttackStats[2m > [22mshould increase war gold stat when a player is eliminated[32m 22[2mms[22m[39m
 [32mΓ£ô[39m tests/AttackStats.test.ts[2m > [22mAttackStats[2m > [22mshould NOT increase war gold stat when a inactive player is eliminated[32m 6[2mms[22m[39m
 [32mΓ£ô[39m tests/AttackStats.test.ts[2m > [22mAttackStats[2m > [22mshould increase war gold stat when elimination occurs via territory annexation[32m 38[2mms[22m[39m
[90mstdout[2m | tests/DeleteUnitExecution.test.ts[2m > [22m[2mDeleteUnitExecution Security Tests[2m > [22m[2mSecurity Validations[2m > [22m[2mshould prevent deleting units on enemy territory
[22m[39m[GameImpl] Constructor total: 0ms

[90mstdout[2m | tests/DeleteUnitExecution.test.ts[2m > [22m[2mDeleteUnitExecution Security Tests[2m > [22m[2mSecurity Validations[2m > [22m[2mshould prevent deleting units during spawn phase
[22m[39m[GameImpl] Constructor total: 0ms

[90mstdout[2m | tests/DeleteUnitExecution.test.ts[2m > [22m[2mDeleteUnitExecution Security Tests[2m > [22m[2mSecurity Validations[2m > [22m[2mshould allow deleting units when all conditions are met
[22m[39m[GameImpl] Constructor total: 0ms

[90mstdout[2m | tests/DeleteUnitExecution.test.ts[2m > [22m[2mDeleteUnitExecution Security Tests[2m > [22m[2mSecurity Validations[2m > [22m[2mshould delete after deletion delay
[22m[39m[GameImpl] Constructor total: 0ms

[90mstdout[2m | tests/DeleteUnitExecution.test.ts[2m > [22m[2mDeleteUnitExecution Security Tests[2m > [22m[2mSecurity Validations[2m > [22m[2mshould reset deletion if captured
[22m[39m[GameImpl] Constructor total: 0ms

 [32mΓ£ô[39m tests/DeleteUnitExecution.test.ts[2m > [22mDeleteUnitExecution Security Tests[2m > [22mSecurity Validations[2m > [22mshould prevent deleting units not owned by player[32m 49[2mms[22m[39m
 [32mΓ£ô[39m tests/DeleteUnitExecution.test.ts[2m > [22mDeleteUnitExecution Security Tests[2m > [22mSecurity Validations[2m > [22mshould prevent deleting units on enemy territory[32m 9[2mms[22m[39m
 [32mΓ£ô[39m tests/DeleteUnitExecution.test.ts[2m > [22mDeleteUnitExecution Security Tests[2m > [22mSecurity Validations[2m > [22mshould prevent deleting units during spawn phase[32m 8[2mms[22m[39m
 [32mΓ£ô[39m tests/DeleteUnitExecution.test.ts[2m > [22mDeleteUnitExecution Security Tests[2m > [22mSecurity Validations[2m > [22mshould allow deleting units when all conditions are met[32m 8[2mms[22m[39m
 [32mΓ£ô[39m tests/DeleteUnitExecution.test.ts[2m > [22mDeleteUnitExecution Security Tests[2m > [22mSecurity Validations[2m > [22mshould delete after deletion delay[32m 13[2mms[22m[39m
 [32mΓ£ô[39m tests/DeleteUnitExecution.test.ts[2m > [22mDeleteUnitExecution Security Tests[2m > [22mSecurity Validations[2m > [22mshould reset deletion if captured[32m 12[2mms[22m[39m
[90mstdout[2m | tests/core/pathfinding/SpatialQuery.test.ts[2m > [22m[2mSpatialQuery[2m > [22m[2mclosestShore[2m > [22m[2mfinds shore tile owned by player
[22m[39m[GameImpl] Constructor total: 3ms

[90mstdout[2m | tests/core/pathfinding/SpatialQuery.test.ts[2m > [22m[2mSpatialQuery[2m > [22m[2mclosestShore[2m > [22m[2mreturns null when no shore within maxDist
[22m[39m[GameImpl] Constructor total: 1ms

[90mstdout[2m | tests/core/pathfinding/SpatialQuery.test.ts[2m > [22m[2mSpatialQuery[2m > [22m[2mclosestShore[2m > [22m[2mfinds shore on player's island (two separate islands)
[22m[39m[GameImpl] Constructor total: 1ms

[90mstdout[2m | tests/core/pathfinding/SpatialQuery.test.ts[2m > [22m[2mSpatialQuery[2m > [22m[2mclosestShore[2m > [22m[2mfinds shore even if no land path exists (two separate islands)
[22m[39m[GameImpl] Constructor total: 1ms

[90mstdout[2m | tests/core/pathfinding/SpatialQuery.test.ts[2m > [22m[2mSpatialQuery[2m > [22m[2mclosestShore[2m > [22m[2mfinds shore for terra nullius when land is unclaimed
[22m[39m[GameImpl] Constructor total: 1ms

[90mstdout[2m | tests/core/pathfinding/SpatialQuery.test.ts[2m > [22m[2mSpatialQuery[2m > [22m[2mclosestShoreByWater[2m > [22m[2mreturns null for terra nullius
[22m[39m[GameImpl] Constructor total: 1ms

[90mstdout[2m | tests/core/pathfinding/SpatialQuery.test.ts[2m > [22m[2mSpatialQuery[2m > [22m[2mclosestShoreByWater[2m > [22m[2mreturns null when target is on land
[22m[39m[GameImpl] Constructor total: 1ms

[90mstdout[2m | tests/core/pathfinding/SpatialQuery.test.ts[2m > [22m[2mSpatialQuery[2m > [22m[2mclosestShoreByWater[2m > [22m[2mreturns null when target is in disconnected water body
[22m[39m[GameImpl] Constructor total: 2ms

[90mstdout[2m | tests/core/pathfinding/SpatialQuery.test.ts[2m > [22m[2mSpatialQuery[2m > [22m[2mclosestShoreByWater[2m > [22m[2mfinds shore via long water path around island
[22m[39m[GameImpl] Constructor total: 2ms

 [32mΓ£ô[39m tests/core/pathfinding/SpatialQuery.test.ts[2m > [22mSpatialQuery[2m > [22mclosestShore[2m > [22mfinds shore tile owned by player[32m 26[2mms[22m[39m
 [32mΓ£ô[39m tests/core/pathfinding/SpatialQuery.test.ts[2m > [22mSpatialQuery[2m > [22mclosestShore[2m > [22mreturns null when no shore within maxDist[32m 5[2mms[22m[39m
 [32mΓ£ô[39m tests/core/pathfinding/SpatialQuery.test.ts[2m > [22mSpatialQuery[2m > [22mclosestShore[2m > [22mfinds shore on player's island (two separate islands)[32m 5[2mms[22m[39m
 [32mΓ£ô[39m tests/core/pathfinding/SpatialQuery.test.ts[2m > [22mSpatialQuery[2m > [22mclosestShore[2m > [22mfinds shore even if no land path exists (two separate islands)[32m 4[2mms[22m[39m
 [32mΓ£ô[39m tests/core/pathfinding/SpatialQuery.test.ts[2m > [22mSpatialQuery[2m > [22mclosestShore[2m > [22mfinds shore for terra nullius when land is unclaimed[32m 2[2mms[22m[39m
 [32mΓ£ô[39m tests/core/pathfinding/SpatialQuery.test.ts[2m > [22mSpatialQuery[2m > [22mclosestShoreByWater[2m > [22mreturns null for terra nullius[32m 2[2mms[22m[39m
 [32mΓ£ô[39m tests/core/pathfinding/SpatialQuery.test.ts[2m > [22mSpatialQuery[2m > [22mclosestShoreByWater[2m > [22mreturns null when target is on land[32m 3[2mms[22m[39m
 [32mΓ£ô[39m tests/core/pathfinding/SpatialQuery.test.ts[2m > [22mSpatialQuery[2m > [22mclosestShoreByWater[2m > [22mreturns null when target is in disconnected water body[32m 14[2mms[22m[39m
 [32mΓ£ô[39m tests/core/pathfinding/SpatialQuery.test.ts[2m > [22mSpatialQuery[2m > [22mclosestShoreByWater[2m > [22mfinds shore via long water path around island[32m 16[2mms[22m[39m
 [32mΓ£ô[39m tests/client/clan/ClanApiMutations.test.ts[2m > [22mjoinClan[2m > [22mreturns { status: 'joined' } on success[32m 6[2mms[22m[39m
 [32mΓ£ô[39m tests/client/clan/ClanApiMutations.test.ts[2m > [22mjoinClan[2m > [22mreturns { status: 'requested' } for open-request clans[32m 1[2mms[22m[39m
 [32mΓ£ô[39m tests/client/clan/ClanApiMutations.test.ts[2m > [22mjoinClan[2m > [22mreturns error key on 409 (already member)[32m 1[2mms[22m[39m
 [32mΓ£ô[39m tests/client/clan/ClanApiMutations.test.ts[2m > [22mjoinClan[2m > [22mreturns request pending error on 409 when message contains 'request'[32m 1[2mms[22m[39m
 [32mΓ£ô[39m tests/client/clan/ClanApiMutations.test.ts[2m > [22mjoinClan[2m > [22mreturns rate limited error on 429[32m 1[2mms[22m[39m
 [32mΓ£ô[39m tests/client/clan/ClanApiMutations.test.ts[2m > [22mjoinClan[2m > [22mreturns generic error on other non-ok response[32m 1[2mms[22m[39m
 [32mΓ£ô[39m tests/client/clan/ClanApiMutations.test.ts[2m > [22mjoinClan[2m > [22mreturns network error on fetch failure[32m 1[2mms[22m[39m
 [32mΓ£ô[39m tests/client/clan/ClanApiMutations.test.ts[2m > [22mjoinClan[2m > [22mreturns banned error with reason on 403 BANNED with reason[32m 1[2mms[22m[39m
 [32mΓ£ô[39m tests/client/clan/ClanApiMutations.test.ts[2m > [22mjoinClan[2m > [22mreturns banned error without reason on 403 BANNED with null reason[32m 1[2mms[22m[39m
 [32mΓ£ô[39m tests/client/clan/ClanApiMutations.test.ts[2m > [22mjoinClan[2m > [22mreturns generic 403 error when code is not BANNED[32m 1[2mms[22m[39m
 [32mΓ£ô[39m tests/client/clan/ClanApiMutations.test.ts[2m > [22mjoinClan[2m > [22mreturns fallback error when 403 body has no code or message[32m 1[2mms[22m[39m
 [32mΓ£ô[39m tests/client/clan/ClanApiMutations.test.ts[2m > [22mleaveClan[2m > [22mreturns true on success[32m 1[2mms[22m[39m
 [32mΓ£ô[39m tests/client/clan/ClanApiMutations.test.ts[2m > [22mleaveClan[2m > [22mreturns error object on failure[32m 1[2mms[22m[39m
 [32mΓ£ô[39m tests/client/clan/ClanApiMutations.test.ts[2m > [22mleaveClan[2m > [22mreturns generic error when no message in failure body[32m 1[2mms[22m[39m
 [32mΓ£ô[39m tests/client/clan/ClanApiMutations.test.ts[2m > [22mleaveClan[2m > [22mreturns network error on fetch failure[32m 0[2mms[22m[39m
 [32mΓ£ô[39m tests/client/clan/ClanApiMutations.test.ts[2m > [22mkickMember[2m > [22mreturns true on success[32m 0[2mms[22m[39m
 [32mΓ£ô[39m tests/client/clan/ClanApiMutations.test.ts[2m > [22mkickMember[2m > [22mreturns error object on failure[32m 0[2mms[22m[39m
 [32mΓ£ô[39m tests/client/clan/ClanApiMutations.test.ts[2m > [22mkickMember[2m > [22mreturns network error on fetch failure[32m 0[2mms[22m[39m
 [32mΓ£ô[39m tests/client/clan/ClanApiMutations.test.ts[2m > [22mpromoteMember[2m > [22mreturns true on success[32m 0[2mms[22m[39m
 [32mΓ£ô[39m tests/client/clan/ClanApiMutations.test.ts[2m > [22mpromoteMember[2m > [22mreturns error object on failure[32m 0[2mms[22m[39m
 [32mΓ£ô[39m tests/client/clan/ClanApiMutations.test.ts[2m > [22mpromoteMember[2m > [22mreturns network error on fetch failure[32m 0[2mms[22m[39m
 [32mΓ£ô[39m tests/client/clan/ClanApiMutations.test.ts[2m > [22mdemoteMember[2m > [22mreturns true on success[32m 0[2mms[22m[39m
 [32mΓ£ô[39m tests/client/clan/ClanApiMutations.test.ts[2m > [22mdemoteMember[2m > [22mreturns error object on failure[32m 0[2mms[22m[39m
 [32mΓ£ô[39m tests/client/clan/ClanApiMutations.test.ts[2m > [22mdemoteMember[2m > [22mreturns network error on fetch failure[32m 1[2mms[22m[39m
 [32mΓ£ô[39m tests/client/clan/ClanApiMutations.test.ts[2m > [22mtransferLeadership[2m > [22mreturns true on success and POSTs to /transfer with the target[32m 1[2mms[22m[39m
 [32mΓ£ô[39m tests/client/clan/ClanApiMutations.test.ts[2m > [22mtransferLeadership[2m > [22mreturns error object on failure[32m 0[2mms[22m[39m
 [32mΓ£ô[39m tests/client/clan/ClanApiMutations.test.ts[2m > [22mtransferLeadership[2m > [22mreturns network error on fetch failure[32m 0[2mms[22m[39m
 [32mΓ£ô[39m tests/client/clan/ClanApiMutations.test.ts[2m > [22mdisbandClan[2m > [22mreturns true on success and uses DELETE[32m 1[2mms[22m[39m
 [32mΓ£ô[39m tests/client/clan/ClanApiMutations.test.ts[2m > [22mdisbandClan[2m > [22mreturns error object on failure[32m 1[2mms[22m[39m
 [32mΓ£ô[39m tests/client/clan/ClanApiMutations.test.ts[2m > [22mdisbandClan[2m > [22mreturns network error on fetch failure[32m 0[2mms[22m[39m
 [32mΓ£ô[39m tests/client/clan/ClanApiMutations.test.ts[2m > [22mdisbandClan[2m > [22mencodes the tag in the URL path[32m 0[2mms[22m[39m
 [32mΓ£ô[39m tests/client/clan/ClanApiMutations.test.ts[2m > [22mwithdrawClanRequest[2m > [22mreturns true on success and POSTs to /requests/withdraw[32m 1[2mms[22m[39m
 [32mΓ£ô[39m tests/client/clan/ClanApiMutations.test.ts[2m > [22mwithdrawClanRequest[2m > [22mreturns error object on failure[32m 1[2mms[22m[39m
 [32mΓ£ô[39m tests/client/clan/ClanApiMutations.test.ts[2m > [22mwithdrawClanRequest[2m > [22mreturns network error on fetch failure[32m 1[2mms[22m[39m
 [32mΓ£ô[39m tests/client/clan/ClanApiMutations.test.ts[2m > [22mapproveClanRequest[2m > [22mreturns true on success and POSTs to /requests/approve with the target[32m 1[2mms[22m[39m
 [32mΓ£ô[39m tests/client/clan/ClanApiMutations.test.ts[2m > [22mapproveClanRequest[2m > [22mreturns error object on failure[32m 0[2mms[22m[39m
 [32mΓ£ô[39m tests/client/clan/ClanApiMutations.test.ts[2m > [22mapproveClanRequest[2m > [22mreturns network error on fetch failure[32m 0[2mms[22m[39m
 [32mΓ£ô[39m tests/client/clan/ClanApiMutations.test.ts[2m > [22mdenyClanRequest[2m > [22mreturns true on success and POSTs to /requests/deny with the target[32m 1[2mms[22m[39m
 [32mΓ£ô[39m tests/client/clan/ClanApiMutations.test.ts[2m > [22mdenyClanRequest[2m > [22mreturns error object on failure[32m 0[2mms[22m[39m
 [32mΓ£ô[39m tests/client/clan/ClanApiMutations.test.ts[2m > [22mdenyClanRequest[2m > [22mreturns network error on fetch failure[32m 0[2mms[22m[39m
 [32mΓ£ô[39m tests/client/clan/ClanApiMutations.test.ts[2m > [22mupdateClan[2m > [22mreturns parsed ClanInfo on success and uses PATCH[32m 2[2mms[22m[39m
 [32mΓ£ô[39m tests/client/clan/ClanApiMutations.test.ts[2m > [22mupdateClan[2m > [22mreturns error object on non-ok response[32m 0[2mms[22m[39m
 [32mΓ£ô[39m tests/client/clan/ClanApiMutations.test.ts[2m > [22mupdateClan[2m > [22mreturns error object when Zod validation fails on 200 body[32m 17[2mms[22m[39m
 [32mΓ£ô[39m tests/client/clan/ClanApiMutations.test.ts[2m > [22mupdateClan[2m > [22mreturns network error on fetch failure[32m 1[2mms[22m[39m
 [32mΓ£ô[39m tests/Privilege.test.ts[2m > [22mUsernameCensor[2m > [22misProfane (via matcher.hasMatch)[2m > [22mdetects exact banned words[32m 10[2mms[22m[39m
 [32mΓ£ô[39m tests/Privilege.test.ts[2m > [22mUsernameCensor[2m > [22misProfane (via matcher.hasMatch)[2m > [22mdetects banned words case-insensitively[32m 1[2mms[22m[39m
 [32mΓ£ô[39m tests/Privilege.test.ts[2m > [22mUsernameCensor[2m > [22misProfane (via matcher.hasMatch)[2m > [22mdetects banned words with leet speak[32m 1[2mms[22m[39m
 [32mΓ£ô[39m tests/Privilege.test.ts[2m > [22mUsernameCensor[2m > [22misProfane (via matcher.hasMatch)[2m > [22mdetects banned words with duplicated characters[32m 1[2mms[22m[39m
 [32mΓ£ô[39m tests/Privilege.test.ts[2m > [22mUsernameCensor[2m > [22misProfane (via matcher.hasMatch)[2m > [22mdetects banned words with accented/confusable characters[32m 0[2mms[22m[39m
 [32mΓ£ô[39m tests/Privilege.test.ts[2m > [22mUsernameCensor[2m > [22misProfane (via matcher.hasMatch)[2m > [22mdetects banned words as substrings[32m 1[2mms[22m[39m
 [32mΓ£ô[39m tests/Privilege.test.ts[2m > [22mUsernameCensor[2m > [22misProfane (via matcher.hasMatch)[2m > [22mdetects banned words with non-alphabetic characters mixed in[32m 1[2mms[22m[39m
 [32mΓ£ô[39m tests/Privilege.test.ts[2m > [22mUsernameCensor[2m > [22misProfane (via matcher.hasMatch)[2m > [22mallows clean usernames[32m 2[2mms[22m[39m
 [32mΓ£ô[39m tests/Privilege.test.ts[2m > [22mUsernameCensor[2m > [22misProfane (via matcher.hasMatch)[2m > [22mdoes not false-positive on words containing banned substrings legitimately[32m 1[2mms[22m[39m
 [32mΓ£ô[39m tests/Privilege.test.ts[2m > [22mUsernameCensor[2m > [22misProfane (via matcher.hasMatch)[2m > [22mcatches kkk as substring[32m 1[2mms[22m[39m
 [32mΓ£ô[39m tests/Privilege.test.ts[2m > [22mUsernameCensor[2m > [22misProfane (via matcher.hasMatch)[2m > [22mcatches slurs separated by periods (bypass attempt)[32m 1[2mms[22m[39m
 [32mΓ£ô[39m tests/Privilege.test.ts[2m > [22mUsernameCensor[2m > [22misProfane (via matcher.hasMatch)[2m > [22mcensor replaces period-separated slur usernames[32m 2[2mms[22m[39m
 [32mΓ£ô[39m tests/Privilege.test.ts[2m > [22mUsernameCensor[2m > [22mcensor[2m > [22mreturns clean usernames unchanged[32m 1[2mms[22m[39m
 [32mΓ£ô[39m tests/Privilege.test.ts[2m > [22mUsernameCensor[2m > [22mcensor[2m > [22mreplaces profane usernames with a shadow name[32m 0[2mms[22m[39m
 [32mΓ£ô[39m tests/Privilege.test.ts[2m > [22mUsernameCensor[2m > [22mcensor[2m > [22mreplaces leet speak profane usernames with a shadow name[32m 0[2mms[22m[39m
 [32mΓ£ô[39m tests/Privilege.test.ts[2m > [22mUsernameCensor[2m > [22mcensor[2m > [22mpreserves clean clan tag when username is profane[32m 1[2mms[22m[39m
 [32mΓ£ô[39m tests/Privilege.test.ts[2m > [22mUsernameCensor[2m > [22mcensor[2m > [22mclan tag censoring[2m > [22mremoves profane clan tag, keeps clean username[32m 2[2mms[22m[39m
 [32mΓ£ô[39m tests/Privilege.test.ts[2m > [22mUsernameCensor[2m > [22mcensor[2m > [22mclan tag censoring[2m > [22mremoves clan tag that is a slur abbreviation[32m 1[2mms[22m[39m
 [32mΓ£ô[39m tests/Privilege.test.ts[2m > [22mUsernameCensor[2m > [22mcensor[2m > [22mclan tag censoring[2m > [22mremoves clan tag containing full slur (Γëñ5 chars)[32m 2[2mms[22m[39m
 [32mΓ£ô[39m tests/Privilege.test.ts[2m > [22mUsernameCensor[2m > [22mcensor[2m > [22mclan tag censoring[2m > [22mremoves clan tag with leet speak profanity (Γëñ5 chars)[32m 1[2mms[22m[39m
 [32mΓ£ô[39m tests/Privilege.test.ts[2m > [22mUsernameCensor[2m > [22mcensor[2m > [22mclan tag censoring[2m > [22mremoves clan tag containing banned word as substring (Γëñ5 chars)[32m 1[2mms[22m[39m
 [32mΓ£ô[39m tests/Privilege.test.ts[2m > [22mUsernameCensor[2m > [22mcensor[2m > [22mclan tag censoring[2m > [22mremoves [SS] clan tag[32m 1[2mms[22m[39m
 [32mΓ£ô[39m tests/Privilege.test.ts[2m > [22mUsernameCensor[2m > [22mcensor[2m > [22mclan tag censoring[2m > [22mremoves [KKK] clan tag[32m 1[2mms[22m[39m
 [32mΓ£ô[39m tests/Privilege.test.ts[2m > [22mUsernameCensor[2m > [22mcensor[2m > [22mclan tag censoring[2m > [22mkeeps clean clan tag when username is clean[32m 40[2mms[22m[39m
 [32mΓ£ô[39m tests/Privilege.test.ts[2m > [22mUsernameCensor[2m > [22mcensor[2m > [22mclan tag censoring[2m > [22mkeeps clean clan tag, censors profane username[32m 1[2mms[22m[39m
 [32mΓ£ô[39m tests/Privilege.test.ts[2m > [22mUsernameCensor[2m > [22mcensor[2m > [22mclan tag censoring[2m > [22mremoves profane clan tag and censors profane username[32m 1[2mms[22m[39m
 [32mΓ£ô[39m tests/Privilege.test.ts[2m > [22mUsernameCensor[2m > [22mcensor[2m > [22mclan tag censoring[2m > [22mremoves profane clan tag and censors leet speak username[32m 1[2mms[22m[39m
 [32mΓ£ô[39m tests/Privilege.test.ts[2m > [22mUsernameCensor[2m > [22mcensor[2m > [22mclan tag censoring[2m > [22mremoves profane clan tag with slur, censors profane username[32m 1[2mms[22m[39m
 [32mΓ£ô[39m tests/Privilege.test.ts[2m > [22mUsernameCensor[2m > [22mcensor[2m > [22mclan tag censoring[2m > [22mclan tag + username combined forms a slur[2m > [22mcensors when clan+name combined forms hitler[32m 1[2mms[22m[39m
 [32mΓ£ô[39m tests/Privilege.test.ts[2m > [22mUsernameCensor[2m > [22mcensor[2m > [22mclan tag censoring[2m > [22mclan tag + username combined forms a slur[2m > [22mcensors when clan+name combined forms hitler (split differently)[32m 1[2mms[22m[39m
 [32mΓ£ô[39m tests/Privilege.test.ts[2m > [22mUsernameCensor[2m > [22mcensor[2m > [22mclan tag censoring[2m > [22mclan tag + username combined forms a slur[2m > [22mcensors when clan+name combined forms adolf[32m 1[2mms[22m[39m
 [32mΓ£ô[39m tests/Privilege.test.ts[2m > [22mUsernameCensor[2m > [22mcensor[2m > [22mclan tag censoring[2m > [22mclan tag + username combined forms a slur[2m > [22mcensors when clan+name combined forms nigger[32m 1[2mms[22m[39m
 [32mΓ£ô[39m tests/Privilege.test.ts[2m > [22mUsernameCensor[2m > [22mcensor[2m > [22mclan tag censoring[2m > [22mclan tag + username combined forms a slur[2m > [22mcensors when clan+name combined forms nigger (clean parts)[32m 1[2mms[22m[39m
 [32mΓ£ô[39m tests/Privilege.test.ts[2m > [22mUsernameCensor[2m > [22mcensor[2m > [22mclan tag censoring[2m > [22mclan tag + username combined forms a slur[2m > [22mcensors leet speak combined across clan and name[32m 1[2mms[22m[39m
 [32mΓ£ô[39m tests/Privilege.test.ts[2m > [22mUsernameCensor[2m > [22mcensor[2m > [22mreturns deterministic shadow name for same input[32m 0[2mms[22m[39m
 [32mΓ£ô[39m tests/Privilege.test.ts[2m > [22mUsernameCensor[2m > [22mcensor[2m > [22mhandles username with no clan tag[32m 0[2mms[22m[39m
 [32mΓ£ô[39m tests/Privilege.test.ts[2m > [22mUsernameCensor[2m > [22mcensor[2m > [22mempty banned words list still catches englishDataset profanity[32m 1[2mms[22m[39m
 [32mΓ£ô[39m tests/Privilege.test.ts[2m > [22mFlag validation in isAllowed[2m > [22mallows valid country flag and resolves to SVG path[32m 0[2mms[22m[39m
 [32mΓ£ô[39m tests/Privilege.test.ts[2m > [22mFlag validation in isAllowed[2m > [22mrejects invalid country code[32m 0[2mms[22m[39m
 [32mΓ£ô[39m tests/Privilege.test.ts[2m > [22mFlag validation in isAllowed[2m > [22mrejects flag with no prefix[32m 0[2mms[22m[39m
 [32mΓ£ô[39m tests/Privilege.test.ts[2m > [22mFlag validation in isAllowed[2m > [22mallows cosmetic flag when user has wildcard flare[32m 0[2mms[22m[39m
 [32mΓ£ô[39m tests/Privilege.test.ts[2m > [22mFlag validation in isAllowed[2m > [22mallows cosmetic flag when user has specific flare[32m 0[2mms[22m[39m
 [32mΓ£ô[39m tests/Privilege.test.ts[2m > [22mFlag validation in isAllowed[2m > [22mrejects cosmetic flag when user lacks flare[32m 0[2mms[22m[39m
 [32mΓ£ô[39m tests/Privilege.test.ts[2m > [22mFlag validation in isAllowed[2m > [22mrejects cosmetic flag that does not exist[32m 0[2mms[22m[39m
 [32mΓ£ô[39m tests/Privilege.test.ts[2m > [22mFlag validation in isAllowed[2m > [22mallows no flag[32m 0[2mms[22m[39m
[90mstdout[2m | tests/nukes/HydrogenAndMirv.test.ts[2m > [22m[2mHydrogen Bomb and MIRV flows[2m > [22m[2mHydrogen bomb launches when silo exists and cannot use silo under construction
[22m[39m[GameImpl] Constructor total: 0ms

[90mstdout[2m | tests/nukes/HydrogenAndMirv.test.ts[2m > [22m[2mHydrogen Bomb and MIRV flows[2m > [22m[2mHydrogen bomb launch fails when silo is under construction and succeeds after completion
[22m[39m[GameImpl] Constructor total: 0ms

[90mstdout[2m | tests/nukes/HydrogenAndMirv.test.ts[2m > [22m[2mHydrogen Bomb and MIRV flows[2m > [22m[2mHydrogen bomb launch fails when silo is under construction and succeeds after completion
[22m[39m[GameImpl] Constructor total: 0ms

[90mstdout[2m | tests/nukes/HydrogenAndMirv.test.ts[2m > [22m[2mHydrogen Bomb and MIRV flows[2m > [22m[2mMIRV launches when silo exists and targets player-owned tiles
[22m[39m[GameImpl] Constructor total: 0ms

 [32mΓ£ô[39m tests/nukes/HydrogenAndMirv.test.ts[2m > [22mHydrogen Bomb and MIRV flows[2m > [22mHydrogen bomb launches when silo exists and cannot use silo under construction[32m 25[2mms[22m[39m
 [32mΓ£ô[39m tests/nukes/HydrogenAndMirv.test.ts[2m > [22mHydrogen Bomb and MIRV flows[2m > [22mHydrogen bomb launch fails when silo is under construction and succeeds after completion[32m 22[2mms[22m[39m
 [32mΓ£ô[39m tests/nukes/HydrogenAndMirv.test.ts[2m > [22mHydrogen Bomb and MIRV flows[2m > [22mMIRV launches when silo exists and targets player-owned tiles[32m 4[2mms[22m[39m
 [32mΓ£ô[39m tests/client/clan/ClanApiQueries.test.ts[2m > [22mfetchClanLeaderboard[2m > [22mreturns parsed data on success[32m 10[2mms[22m[39m
 [32mΓ£ô[39m tests/client/clan/ClanApiQueries.test.ts[2m > [22mfetchClanLeaderboard[2m > [22mreturns false on non-ok response[32m 5[2mms[22m[39m
 [32mΓ£ô[39m tests/client/clan/ClanApiQueries.test.ts[2m > [22mfetchClanLeaderboard[2m > [22mreturns false on network error[32m 12[2mms[22m[39m
 [32mΓ£ô[39m tests/client/clan/ClanApiQueries.test.ts[2m > [22mfetchClanLeaderboard[2m > [22mreturns false when Zod validation fails[32m 2[2mms[22m[39m
 [32mΓ£ô[39m tests/client/clan/ClanApiQueries.test.ts[2m > [22mfetchClanStats[2m > [22mreturns parsed data from json.clan on success[32m 5[2mms[22m[39m
 [32mΓ£ô[39m tests/client/clan/ClanApiQueries.test.ts[2m > [22mfetchClanStats[2m > [22mreturns false when json.clan is missing[32m 2[2mms[22m[39m
 [32mΓ£ô[39m tests/client/clan/ClanApiQueries.test.ts[2m > [22mfetchClanStats[2m > [22mreturns false on non-ok response[32m 0[2mms[22m[39m
 [32mΓ£ô[39m tests/client/clan/ClanApiQueries.test.ts[2m > [22mfetchClanStats[2m > [22mreturns false on network error[32m 1[2mms[22m[39m
 [32mΓ£ô[39m tests/client/clan/ClanApiQueries.test.ts[2m > [22mfetchClanDetail[2m > [22mreturns parsed data on success[32m 2[2mms[22m[39m
 [32mΓ£ô[39m tests/client/clan/ClanApiQueries.test.ts[2m > [22mfetchClanDetail[2m > [22mreturns false on 404[32m 1[2mms[22m[39m
 [32mΓ£ô[39m tests/client/clan/ClanApiQueries.test.ts[2m > [22mfetchClanDetail[2m > [22mreturns false on network error[32m 1[2mms[22m[39m
 [32mΓ£ô[39m tests/client/clan/ClanApiQueries.test.ts[2m > [22mfetchClanDetail[2m > [22mreturns false when Zod validation fails[32m 1[2mms[22m[39m
 [32mΓ£ô[39m tests/client/clan/ClanApiQueries.test.ts[2m > [22mfetchClans[2m > [22mpasses page and limit as query params[32m 1[2mms[22m[39m
 [32mΓ£ô[39m tests/client/clan/ClanApiQueries.test.ts[2m > [22mfetchClans[2m > [22mpasses search param when provided and long enough[32m 1[2mms[22m[39m
 [32mΓ£ô[39m tests/client/clan/ClanApiQueries.test.ts[2m > [22mfetchClans[2m > [22momits search param when too short and non-alphanumeric[32m 0[2mms[22m[39m
 [32mΓ£ô[39m tests/client/clan/ClanApiQueries.test.ts[2m > [22mfetchClans[2m > [22mreturns false on failure[32m 0[2mms[22m[39m
 [32mΓ£ô[39m tests/client/clan/ClanApiQueries.test.ts[2m > [22mfetchClans[2m > [22mreturns false when Zod validation fails[32m 1[2mms[22m[39m
 [32mΓ£ô[39m tests/client/clan/ClanApiQueries.test.ts[2m > [22mfetchClans[2m > [22mreturns false on network error[32m 1[2mms[22m[39m
 [32mΓ£ô[39m tests/client/clan/ClanApiQueries.test.ts[2m > [22mfetchClanMembers[2m > [22mreturns parsed data on success[32m 1[2mms[22m[39m
 [32mΓ£ô[39m tests/client/clan/ClanApiQueries.test.ts[2m > [22mfetchClanMembers[2m > [22mpasses page and limit as query params[32m 0[2mms[22m[39m
 [32mΓ£ô[39m tests/client/clan/ClanApiQueries.test.ts[2m > [22mfetchClanMembers[2m > [22mincludes the optional pendingRequests field[32m 1[2mms[22m[39m
 [32mΓ£ô[39m tests/client/clan/ClanApiQueries.test.ts[2m > [22mfetchClanMembers[2m > [22mreturns false on non-ok response[32m 0[2mms[22m[39m
 [32mΓ£ô[39m tests/client/clan/ClanApiQueries.test.ts[2m > [22mfetchClanMembers[2m > [22mreturns false when Zod validation fails[32m 1[2mms[22m[39m
 [32mΓ£ô[39m tests/client/clan/ClanApiQueries.test.ts[2m > [22mfetchClanMembers[2m > [22mreturns false on network error[32m 0[2mms[22m[39m
 [32mΓ£ô[39m tests/client/clan/ClanApiQueries.test.ts[2m > [22mfetchClanMembers[2m > [22msends Authorization header[32m 0[2mms[22m[39m
 [32mΓ£ô[39m tests/client/clan/ClanApiQueries.test.ts[2m > [22mfetchClanRequests[2m > [22mreturns parsed data on success[32m 1[2mms[22m[39m
 [32mΓ£ô[39m tests/client/clan/ClanApiQueries.test.ts[2m > [22mfetchClanRequests[2m > [22mpasses page and limit as query params[32m 1[2mms[22m[39m
 [32mΓ£ô[39m tests/client/clan/ClanApiQueries.test.ts[2m > [22mfetchClanRequests[2m > [22mreturns false on non-ok response[32m 0[2mms[22m[39m
 [32mΓ£ô[39m tests/client/clan/ClanApiQueries.test.ts[2m > [22mfetchClanRequests[2m > [22mreturns false when Zod validation fails[32m 2[2mms[22m[39m
 [32mΓ£ô[39m tests/client/clan/ClanApiQueries.test.ts[2m > [22mfetchClanRequests[2m > [22mreturns false on network error[32m 16[2mms[22m[39m
 [32mΓ£ô[39m tests/client/clan/ClanApiQueries.test.ts[2m > [22mfetchClanRequests[2m > [22msends Authorization header[32m 1[2mms[22m[39m
[90mstdout[2m | tests/MissileSilo.test.ts[2m > [22m[2mMissileSilo[2m > [22m[2mmissilesilo should launch nuke
[22m[39m[GameImpl] Constructor total: 0ms

[90mstdout[2m | tests/MissileSilo.test.ts[2m > [22m[2mMissileSilo[2m > [22m[2mmissilesilo should only launch one nuke at a time
[22m[39m[GameImpl] Constructor total: 0ms

[90mstdout[2m | tests/MissileSilo.test.ts[2m > [22m[2mMissileSilo[2m > [22m[2mmissilesilo should cooldown as long as configured
[22m[39m[GameImpl] Constructor total: 0ms

[90mstdout[2m | tests/MissileSilo.test.ts[2m > [22m[2mMissileSilo[2m > [22m[2mmissilesilo should have increased level after upgrade
[22m[39m[GameImpl] Constructor total: 0ms

 [32mΓ£ô[39m tests/MissileSilo.test.ts[2m > [22mMissileSilo[2m > [22mmissilesilo should launch nuke[32m 29[2mms[22m[39m
 [32mΓ£ô[39m tests/MissileSilo.test.ts[2m > [22mMissileSilo[2m > [22mmissilesilo should only launch one nuke at a time[32m 12[2mms[22m[39m
 [32mΓ£ô[39m tests/MissileSilo.test.ts[2m > [22mMissileSilo[2m > [22mmissilesilo should cooldown as long as configured[32m 24[2mms[22m[39m
 [32mΓ£ô[39m tests/MissileSilo.test.ts[2m > [22mMissileSilo[2m > [22mmissilesilo should have increased level after upgrade[32m 5[2mms[22m[39m
[90mstdout[2m | tests/NationNukeSamOverwhelm.test.ts[2m > [22m[2mNationNukeBehavior - maybeDestroyEnemySam[2m > [22m[2mnation overwhelms enemy SAM with atom bomb salvo on Impossible difficulty
[22m[39m[GameImpl] Constructor total: 0ms

[90mstdout[2m | tests/AllianceRequestExecution.test.ts[2m > [22m[2mAllianceRequestExecution[2m > [22m[2mCan create alliance by counter-request
[22m[39m[GameImpl] Constructor total: 1ms

[90mstdout[2m | tests/core/executions/PlayerExecution.test.ts[2m > [22m[2mPlayerExecution[2m > [22m[2mDefensePost lv. 1 is destroyed when tile owner changes
[22m[39m[GameImpl] Constructor total: 1ms

[90mstdout[2m | tests/AllianceRequestExecution.test.ts[2m > [22m[2mAllianceRequestExecution[2m > [22m[2mCan reject alliance request
[22m[39m[GameImpl] Constructor total: 0ms

[90mstdout[2m | tests/core/executions/PlayerExecution.test.ts[2m > [22m[2mPlayerExecution[2m > [22m[2mDefensePost lv. 2+ is downgraded when tile owner changes
[22m[39m[GameImpl] Constructor total: 0ms

[90mstdout[2m | tests/AllianceRequestExecution.test.ts[2m > [22m[2mAllianceRequestExecution[2m > [22m[2mAlliance request expires
[22m[39m[GameImpl] Constructor total: 0ms

[90mstdout[2m | tests/core/executions/PlayerExecution.test.ts[2m > [22m[2mPlayerExecution[2m > [22m[2mNon-DefensePost structures are transferred (not downgraded) when tile owner changes
[22m[39m[GameImpl] Constructor total: 0ms

[90mstdout[2m | tests/AllianceRequestExecution.test.ts[2m > [22m[2mAllianceRequestExecution[2m > [22m[2malliance request is revoked immediately if requester launches a nuke
[22m[39m[GameImpl] Constructor total: 0ms

 [32mΓ£ô[39m tests/core/executions/PlayerExecution.test.ts[2m > [22mPlayerExecution[2m > [22mDefensePost lv. 1 is destroyed when tile owner changes[32m 23[2mms[22m[39m
 [32mΓ£ô[39m tests/core/executions/PlayerExecution.test.ts[2m > [22mPlayerExecution[2m > [22mDefensePost lv. 2+ is downgraded when tile owner changes[32m 7[2mms[22m[39m
 [32mΓ£ô[39m tests/core/executions/PlayerExecution.test.ts[2m > [22mPlayerExecution[2m > [22mNon-DefensePost structures are transferred (not downgraded) when tile owner changes[32m 5[2mms[22m[39m
 [32mΓ£ô[39m tests/AllianceRequestExecution.test.ts[2m > [22mAllianceRequestExecution[2m > [22mCan create alliance by counter-request[32m 15[2mms[22m[39m
 [32mΓ£ô[39m tests/AllianceRequestExecution.test.ts[2m > [22mAllianceRequestExecution[2m > [22mCan reject alliance request[32m 5[2mms[22m[39m
 [32mΓ£ô[39m tests/AllianceRequestExecution.test.ts[2m > [22mAllianceRequestExecution[2m > [22mAlliance request expires[32m 5[2mms[22m[39m
 [32mΓ£ô[39m tests/AllianceRequestExecution.test.ts[2m > [22mAllianceRequestExecution[2m > [22malliance request is revoked immediately if requester launches a nuke[32m 28[2mms[22m[39m
[90mstdout[2m | tests/Donate.test.ts[2m > [22m[2mDonate troops to an ally[2m > [22m[2mTroops should be successfully donated
[22m[39m[GameImpl] Constructor total: 0ms

 [32mΓ£ô[39m tests/NationNukeSamOverwhelm.test.ts[2m > [22mNationNukeBehavior - maybeDestroyEnemySam[2m > [22mnation overwhelms enemy SAM with atom bomb salvo on Impossible difficulty[32m 75[2mms[22m[39m
[90mstdout[2m | tests/Donate.test.ts[2m > [22m[2mDonate gold to an ally[2m > [22m[2mGold should be successfully donated
[22m[39m[GameImpl] Constructor total: 0ms

[90mstdout[2m | tests/Donate.test.ts[2m > [22m[2mDonate troops to a non ally[2m > [22m[2mTroops should not be donated
[22m[39m[GameImpl] Constructor total: 0ms

[90mstdout[2m | tests/Donate.test.ts[2m > [22m[2mDonate Gold to a non ally[2m > [22m[2mGold should not be donated
[22m[39m[GameImpl] Constructor total: 1ms

 [32mΓ£ô[39m tests/Donate.test.ts[2m > [22mDonate troops to an ally[2m > [22mTroops should be successfully donated[32m 21[2mms[22m[39m
 [32mΓ£ô[39m tests/Donate.test.ts[2m > [22mDonate gold to an ally[2m > [22mGold should be successfully donated[32m 6[2mms[22m[39m
 [32mΓ£ô[39m tests/Donate.test.ts[2m > [22mDonate troops to a non ally[2m > [22mTroops should not be donated[32m 6[2mms[22m[39m
 [32mΓ£ô[39m tests/Donate.test.ts[2m > [22mDonate Gold to a non ally[2m > [22mGold should not be donated[32m 6[2mms[22m[39m
 [32mΓ£ô[39m tests/server/RenderHtml.test.ts[2m > [22mRenderHtml[2m > [22mreuses cached app shell content[32m 28[2mms[22m[39m
 [32mΓ£ô[39m tests/server/RenderHtml.test.ts[2m > [22mRenderHtml[2m > [22msets shared-cache headers for the app shell[32m 1[2mms[22m[39m
[90mstdout[2m | tests/PlayerImpl.test.ts[2m > [22m[2mPlayerImpl[2m > [22m[2mCity can be upgraded
[22m[39m[GameImpl] Constructor total: 1ms

[90mstdout[2m | tests/PlayerImpl.test.ts[2m > [22m[2mPlayerImpl[2m > [22m[2mDefensePost cannot be upgraded
[22m[39m[GameImpl] Constructor total: 0ms

[90mstdout[2m | tests/PlayerImpl.test.ts[2m > [22m[2mPlayerImpl[2m > [22m[2mCity can be upgraded from another city
[22m[39m[GameImpl] Constructor total: 0ms

[90mstdout[2m | tests/PlayerImpl.test.ts[2m > [22m[2mPlayerImpl[2m > [22m[2mCity cannot be upgraded when too far away
[22m[39m[GameImpl] Constructor total: 0ms

[90mstdout[2m | tests/PlayerImpl.test.ts[2m > [22m[2mPlayerImpl[2m > [22m[2mUnit cannot be upgraded when not enough gold
[22m[39m[GameImpl] Constructor total: 0ms

[90mstdout[2m | tests/PlayerImpl.test.ts[2m > [22m[2mPlayerImpl[2m > [22m[2mCan't send alliance requests when dead
[22m[39m[GameImpl] Constructor total: 0ms

 [32mΓ£ô[39m tests/PlayerImpl.test.ts[2m > [22mPlayerImpl[2m > [22mCity can be upgraded[32m 21[2mms[22m[39m
 [32mΓ£ô[39m tests/PlayerImpl.test.ts[2m > [22mPlayerImpl[2m > [22mDefensePost cannot be upgraded[32m 6[2mms[22m[39m
 [32mΓ£ô[39m tests/PlayerImpl.test.ts[2m > [22mPlayerImpl[2m > [22mCity can be upgraded from another city[32m 4[2mms[22m[39m
 [32mΓ£ô[39m tests/PlayerImpl.test.ts[2m > [22mPlayerImpl[2m > [22mCity cannot be upgraded when too far away[32m 4[2mms[22m[39m
 [32mΓ£ô[39m tests/PlayerImpl.test.ts[2m > [22mPlayerImpl[2m > [22mUnit cannot be upgraded when not enough gold[32m 4[2mms[22m[39m
 [32mΓ£ô[39m tests/PlayerImpl.test.ts[2m > [22mPlayerImpl[2m > [22mCan't send alliance requests when dead[32m 9[2mms[22m[39m
[90mstdout[2m | tests/UnitGrid.test.ts[2m > [22m[2mUnit Grid range tests[2m > [22m[2mIs unit in range[2m > [22m[2mon %p map, look if unit at position %p with a range of %p is in range of %p position, returns %p
[22m[39m[GameImpl] Constructor total: 0ms

[90mstdout[2m | tests/UnitGrid.test.ts[2m > [22m[2mUnit Grid range tests[2m > [22m[2mIs unit in range[2m > [22m[2mon %p map, look if unit at position %p with a range of %p is in range of %p position, returns %p
[22m[39m[GameImpl] Constructor total: 0ms

[90mstdout[2m | tests/UnitGrid.test.ts[2m > [22m[2mUnit Grid range tests[2m > [22m[2mIs unit in range[2m > [22m[2mon %p map, look if unit at position %p with a range of %p is in range of %p position, returns %p
[22m[39m[GameImpl] Constructor total: 0ms

[90mstdout[2m | tests/UnitGrid.test.ts[2m > [22m[2mUnit Grid range tests[2m > [22m[2mIs unit in range[2m > [22m[2mon %p map, look if unit at position %p with a range of %p is in range of %p position, returns %p
[22m[39m[GameImpl] Constructor total: 0ms

[90mstdout[2m | tests/UnitGrid.test.ts[2m > [22m[2mUnit Grid range tests[2m > [22m[2mIs unit in range[2m > [22m[2mon %p map, look if unit at position %p with a range of %p is in range of %p position, returns %p
[22m[39m[GameImpl] Constructor total: 0ms

[90mstdout[2m | tests/UnitGrid.test.ts[2m > [22m[2mUnit Grid range tests[2m > [22m[2mRetrieve all units in range[2m > [22m[2mon %p map, look if unit at position %p with a range of %p is in range of %p position, returns %p
[22m[39m[GameImpl] Constructor total: 0ms

[90mstdout[2m | tests/UnitGrid.test.ts[2m > [22m[2mUnit Grid range tests[2m > [22m[2mRetrieve all units in range[2m > [22m[2mon %p map, look if unit at position %p with a range of %p is in range of %p position, returns %p
[22m[39m[GameImpl] Constructor total: 0ms

[90mstdout[2m | tests/UnitGrid.test.ts[2m > [22m[2mUnit Grid range tests[2m > [22m[2mRetrieve all units in range[2m > [22m[2mon %p map, look if unit at position %p with a range of %p is in range of %p position, returns %p
[22m[39m[GameImpl] Constructor total: 0ms

[90mstdout[2m | tests/NationCounterWarshipInfestation.test.ts[2m > [22m[2mCounter Warship Infestation[2m > [22m[2mrich nation sends counter-warship in FFA when enemy has too many warships
[22m[39m[GameImpl] Constructor total: 0ms

[90mstdout[2m | tests/UnitGrid.test.ts[2m > [22m[2mUnit Grid range tests[2m > [22m[2mRetrieve all units in range[2m > [22m[2mon %p map, look if unit at position %p with a range of %p is in range of %p position, returns %p
[22m[39m[GameImpl] Constructor total: 0ms

 [32mΓ£ô[39m tests/UnitGrid.test.ts[2m > [22mUnit Grid range tests[2m > [22mIs unit in range[2m > [22mon %p map, look if unit at position %p with a range of %p is in range of %p position, returns %p[32m 46[2mms[22m[39m
 [32mΓ£ô[39m tests/UnitGrid.test.ts[2m > [22mUnit Grid range tests[2m > [22mIs unit in range[2m > [22mon %p map, look if unit at position %p with a range of %p is in range of %p position, returns %p[32m 4[2mms[22m[39m
 [32mΓ£ô[39m tests/UnitGrid.test.ts[2m > [22mUnit Grid range tests[2m > [22mIs unit in range[2m > [22mon %p map, look if unit at position %p with a range of %p is in range of %p position, returns %p[32m 2[2mms[22m[39m
 [32mΓ£ô[39m tests/UnitGrid.test.ts[2m > [22mUnit Grid range tests[2m > [22mIs unit in range[2m > [22mon %p map, look if unit at position %p with a range of %p is in range of %p position, returns %p[32m 2[2mms[22m[39m
 [32mΓ£ô[39m tests/UnitGrid.test.ts[2m > [22mUnit Grid range tests[2m > [22mIs unit in range[2m > [22mon %p map, look if unit at position %p with a range of %p is in range of %p position, returns %p[32m 9[2mms[22m[39m
 [32mΓ£ô[39m tests/UnitGrid.test.ts[2m > [22mUnit Grid range tests[2m > [22mRetrieve all units in range[2m > [22mon %p map, look if unit at position %p with a range of %p is in range of %p position, returns %p[32m 9[2mms[22m[39m
 [32mΓ£ô[39m tests/UnitGrid.test.ts[2m > [22mUnit Grid range tests[2m > [22mRetrieve all units in range[2m > [22mon %p map, look if unit at position %p with a range of %p is in range of %p position, returns %p[32m 3[2mms[22m[39m
 [32mΓ£ô[39m tests/UnitGrid.test.ts[2m > [22mUnit Grid range tests[2m > [22mRetrieve all units in range[2m > [22mon %p map, look if unit at position %p with a range of %p is in range of %p position, returns %p[32m 4[2mms[22m[39m
 [32mΓ£ô[39m tests/UnitGrid.test.ts[2m > [22mUnit Grid range tests[2m > [22mRetrieve all units in range[2m > [22mon %p map, look if unit at position %p with a range of %p is in range of %p position, returns %p[32m 253[2mms[22m[39m
[90mstdout[2m | tests/UnitGrid.test.ts[2m > [22m[2mUnit Grid range tests[2m > [22m[2mRetrieve all units in range[2m > [22m[2mon %p map, look if unit at position %p with a range of %p is in range of %p position, returns %p
[22m[39m[GameImpl] Constructor total: 0ms

[90mstdout[2m | tests/UnitGrid.test.ts[2m > [22m[2mUnit Grid range tests[2m > [22m[2mRetrieve all units in range[2m > [22m[2mon %p map, look if unit at position %p with a range of %p is in range of %p position, returns %p
[22m[39m[GameImpl] Constructor total: 0ms

[90mstdout[2m | tests/UnitGrid.test.ts[2m > [22m[2mUnit Grid range tests[2m > [22m[2mRetrieve all units in range[2m > [22m[2mon %p map, look if unit at position %p with a range of %p is in range of %p position, returns %p
[22m[39m[GameImpl] Constructor total: 0ms

[90mstdout[2m | tests/UnitGrid.test.ts[2m > [22m[2mUnit Grid range tests[2m > [22m[2mRetrieve all units in range[2m > [22m[2mWrong unit type in range
[22m[39m[GameImpl] Constructor total: 0ms

[90mstdout[2m | tests/UnitGrid.test.ts[2m > [22m[2mUnit Grid range tests[2m > [22m[2mRetrieve all units in range[2m > [22m[2mOne inside, one outside of range
[22m[39m[GameImpl] Constructor total: 0ms

 [32mΓ£ô[39m tests/UnitGrid.test.ts[2m > [22mUnit Grid range tests[2m > [22mRetrieve all units in range[2m > [22mon %p map, look if unit at position %p with a range of %p is in range of %p position, returns %p[32m 2[2mms[22m[39m
 [32mΓ£ô[39m tests/UnitGrid.test.ts[2m > [22mUnit Grid range tests[2m > [22mRetrieve all units in range[2m > [22mon %p map, look if unit at position %p with a range of %p is in range of %p position, returns %p[32m 2[2mms[22m[39m
 [32mΓ£ô[39m tests/UnitGrid.test.ts[2m > [22mUnit Grid range tests[2m > [22mRetrieve all units in range[2m > [22mon %p map, look if unit at position %p with a range of %p is in range of %p position, returns %p[32m 2[2mms[22m[39m
 [32mΓ£ô[39m tests/UnitGrid.test.ts[2m > [22mUnit Grid range tests[2m > [22mRetrieve all units in range[2m > [22mWrong unit type in range[32m 3[2mms[22m[39m
 [32mΓ£ô[39m tests/UnitGrid.test.ts[2m > [22mUnit Grid range tests[2m > [22mRetrieve all units in range[2m > [22mOne inside, one outside of range[32m 2[2mms[22m[39m
[90mstdout[2m | tests/AllianceAcceptNukes.test.ts[2m > [22m[2mAlliance acceptance immediately destroys in-flight nukes[2m > [22m[2maccepting alliance destroys in-flight nukes between the newly allied players
[22m[39m[GameImpl] Constructor total: 1ms

 [32mΓ£ô[39m tests/NationCounterWarshipInfestation.test.ts[2m > [22mCounter Warship Infestation[2m > [22mrich nation sends counter-warship in FFA when enemy has too many warships[32m 264[2mms[22m[39m
[90mstdout[2m | tests/AllianceAcceptNukes.test.ts[2m > [22m[2mAlliance acceptance immediately destroys in-flight nukes[2m > [22m[2maccepting alliance destroys only nukes between allied players
[22m[39m[GameImpl] Constructor total: 0ms

[90mstdout[2m | tests/NationCounterWarshipInfestation.test.ts[2m > [22m[2mCounter Warship Infestation[2m > [22m[2mrich nation sends counter-warship in Team game when enemy team has too many warships
[22m[39m[GameImpl] Constructor total: 1ms

 [32mΓ£ô[39m tests/NationCounterWarshipInfestation.test.ts[2m > [22mCounter Warship Infestation[2m > [22mrich nation sends counter-warship in Team game when enemy team has too many warships[32m 10[2mms[22m[39m
[90mstdout[2m | tests/AllianceAcceptNukes.test.ts[2m > [22m[2mAlliance acceptance immediately destroys in-flight nukes[2m > [22m[2maccepting alliance displays a nuke-cancellation display message
[22m[39m[GameImpl] Constructor total: 1ms

 [32mΓ£ô[39m tests/AllianceAcceptNukes.test.ts[2m > [22mAlliance acceptance immediately destroys in-flight nukes[2m > [22maccepting alliance destroys in-flight nukes between the newly allied players[32m 25[2mms[22m[39m
 [32mΓ£ô[39m tests/AllianceAcceptNukes.test.ts[2m > [22mAlliance acceptance immediately destroys in-flight nukes[2m > [22maccepting alliance destroys only nukes between allied players[32m 24[2mms[22m[39m
 [32mΓ£ô[39m tests/AllianceAcceptNukes.test.ts[2m > [22mAlliance acceptance immediately destroys in-flight nukes[2m > [22maccepting alliance displays a nuke-cancellation display message[32m 16[2mms[22m[39m
[90mstdout[2m | tests/core/executions/NoInverseAnnexation.test.ts[2m > [22m[2mPlayerExecution Annexation Bug[2m > [22m[2mA large player is not reverse-annexed by surrounded smaller player
[22m[39m[GameImpl] Constructor total: 2ms

 [32mΓ£ô[39m tests/core/executions/NoInverseAnnexation.test.ts[2m > [22mPlayerExecution Annexation Bug[2m > [22mA large player is not reverse-annexed by surrounded smaller player[32m 83[2mms[22m[39m
[90mstdout[2m | tests/NationAllianceBehavior.test.ts[2m > [22m[2mAllianceBehavior.handleAllianceRequests[2m > [22m[2mshould reject alliance created on first post-spawn tick
[22m[39m[GameImpl] Constructor total: 1ms

[90mstdout[2m | tests/NationAllianceBehavior.test.ts[2m > [22m[2mAllianceBehavior.handleAllianceRequests[2m > [22m[2mshould accept alliance when all conditions are met
[22m[39m[GameImpl] Constructor total: 0ms

[90mstdout[2m | tests/NationAllianceBehavior.test.ts[2m > [22m[2mAllianceBehavior.handleAllianceRequests[2m > [22m[2mshould reject alliance if requestor is a traitor
[22m[39m[GameImpl] Constructor total: 0ms

[90mstdout[2m | tests/NationAllianceBehavior.test.ts[2m > [22m[2mAllianceBehavior.handleAllianceRequests[2m > [22m[2mshould reject alliance if relation is hostile
[22m[39m[GameImpl] Constructor total: 0ms

[90mstdout[2m | tests/NationAllianceBehavior.test.ts[2m > [22m[2mAllianceBehavior.handleAllianceRequests[2m > [22m[2mshould accept alliance if requestor is much larger (> 3 times size of recipient)
[22m[39m[GameImpl] Constructor total: 0ms

[90mstdout[2m | tests/NationAllianceBehavior.test.ts[2m > [22m[2mAllianceBehavior.handleAllianceRequests[2m > [22m[2mshould reject alliance if player has too many alliances
[22m[39m[GameImpl] Constructor total: 0ms

 [32mΓ£ô[39m tests/NationAllianceBehavior.test.ts[2m > [22mAllianceBehavior.handleAllianceRequests[2m > [22mshould reject alliance created on first post-spawn tick[32m 22[2mms[22m[39m
 [32mΓ£ô[39m tests/NationAllianceBehavior.test.ts[2m > [22mAllianceBehavior.handleAllianceRequests[2m > [22mshould accept alliance when all conditions are met[32m 7[2mms[22m[39m
 [32mΓ£ô[39m tests/NationAllianceBehavior.test.ts[2m > [22mAllianceBehavior.handleAllianceRequests[2m > [22mshould reject alliance if requestor is a traitor[32m 5[2mms[22m[39m
 [32mΓ£ô[39m tests/NationAllianceBehavior.test.ts[2m > [22mAllianceBehavior.handleAllianceRequests[2m > [22mshould reject alliance if relation is hostile[32m 5[2mms[22m[39m
 [32mΓ£ô[39m tests/NationAllianceBehavior.test.ts[2m > [22mAllianceBehavior.handleAllianceRequests[2m > [22mshould accept alliance if requestor is much larger (> 3 times size of recipient)[32m 9[2mms[22m[39m
 [32mΓ£ô[39m tests/NationAllianceBehavior.test.ts[2m > [22mAllianceBehavior.handleAllianceRequests[2m > [22mshould reject alliance if player has too many alliances[32m 4[2mms[22m[39m
 [32mΓ£ô[39m tests/NationAllianceBehavior.test.ts[2m > [22mAllianceBehavior.handleAllianceExtensionRequests[2m > [22mshould NOT request extension if onlyOneAgreedToExtend is false (no expiration yet or both already agreed)[32m 1[2mms[22m[39m
[90mstdout[2m | tests/WarshipMultiSelection.test.ts[2m > [22m[2mWarship multi-selection (MoveWarshipExecution)[2m > [22m[2mmoving multiple warships via array MoveWarshipExecution updates all patrol tiles
[22m[39m[GameImpl] Constructor total: 1ms

[90mstdout[2m | tests/WarshipMultiSelection.test.ts[2m > [22m[2mWarship multi-selection (MoveWarshipExecution)[2m > [22m[2mmoving multiple warships to different targets works independently
[22m[39m[GameImpl] Constructor total: 0ms

[90mstdout[2m | tests/WarshipMultiSelection.test.ts[2m > [22m[2mWarship multi-selection (MoveWarshipExecution)[2m > [22m[2menemy cannot move player's warships via MoveWarshipExecution
[22m[39m[GameImpl] Constructor total: 0ms

[90mstdout[2m | tests/WarshipMultiSelection.test.ts[2m > [22m[2mWarship multi-selection (MoveWarshipExecution)[2m > [22m[2mMoveWarshipExecution on destroyed warship does not throw
[22m[39m[GameImpl] Constructor total: 0ms

[90mstdout[2m | tests/WarshipMultiSelection.test.ts[2m > [22m[2mWarship multi-selection (MoveWarshipExecution)[2m > [22m[2mbatch move does not affect warships owned by other players
[22m[39m[GameImpl] Constructor total: 0ms

 [32mΓ£ô[39m tests/WarshipMultiSelection.test.ts[2m > [22mWarship multi-selection (MoveWarshipExecution)[2m > [22mmoving multiple warships via array MoveWarshipExecution updates all patrol tiles[32m 24[2mms[22m[39m
 [32mΓ£ô[39m tests/WarshipMultiSelection.test.ts[2m > [22mWarship multi-selection (MoveWarshipExecution)[2m > [22mmoving multiple warships to different targets works independently[32m 5[2mms[22m[39m
 [32mΓ£ô[39m tests/WarshipMultiSelection.test.ts[2m > [22mWarship multi-selection (MoveWarshipExecution)[2m > [22menemy cannot move player's warships via MoveWarshipExecution[32m 5[2mms[22m[39m
 [32mΓ£ô[39m tests/WarshipMultiSelection.test.ts[2m > [22mWarship multi-selection (MoveWarshipExecution)[2m > [22mMoveWarshipExecution on destroyed warship does not throw[32m 5[2mms[22m[39m
 [32mΓ£ô[39m tests/WarshipMultiSelection.test.ts[2m > [22mWarship multi-selection (MoveWarshipExecution)[2m > [22mbatch move does not affect warships owned by other players[32m 12[2mms[22m[39m
 [32mΓ£ô[39m tests/client/clan/ClanApiBans.test.ts[2m > [22mbanClanMember[2m > [22mreturns true on 204 success[32m 7[2mms[22m[39m
 [32mΓ£ô[39m tests/client/clan/ClanApiBans.test.ts[2m > [22mbanClanMember[2m > [22msends reason in request body when provided[32m 2[2mms[22m[39m
 [32mΓ£ô[39m tests/client/clan/ClanApiBans.test.ts[2m > [22mbanClanMember[2m > [22momits reason from request body when not provided[32m 2[2mms[22m[39m
 [32mΓ£ô[39m tests/client/clan/ClanApiBans.test.ts[2m > [22mbanClanMember[2m > [22mreturns error object on failure[32m 1[2mms[22m[39m
 [32mΓ£ô[39m tests/client/clan/ClanApiBans.test.ts[2m > [22mbanClanMember[2m > [22mreturns network error on fetch failure[32m 1[2mms[22m[39m
 [32mΓ£ô[39m tests/client/clan/ClanApiBans.test.ts[2m > [22munbanClanMember[2m > [22mreturns true on success[32m 1[2mms[22m[39m
 [32mΓ£ô[39m tests/client/clan/ClanApiBans.test.ts[2m > [22munbanClanMember[2m > [22mreturns error object on failure[32m 0[2mms[22m[39m
 [32mΓ£ô[39m tests/client/clan/ClanApiBans.test.ts[2m > [22munbanClanMember[2m > [22mreturns network error on fetch failure[32m 1[2mms[22m[39m
 [32mΓ£ô[39m tests/client/clan/ClanApiBans.test.ts[2m > [22mfetchClanBans[2m > [22mreturns parsed data on success[32m 4[2mms[22m[39m
 [32mΓ£ô[39m tests/client/clan/ClanApiBans.test.ts[2m > [22mfetchClanBans[2m > [22mpasses page and limit as query params[32m 1[2mms[22m[39m
 [32mΓ£ô[39m tests/client/clan/ClanApiBans.test.ts[2m > [22mfetchClanBans[2m > [22mreturns false on non-ok response[32m 1[2mms[22m[39m
 [32mΓ£ô[39m tests/client/clan/ClanApiBans.test.ts[2m > [22mfetchClanBans[2m > [22mreturns false when Zod validation fails[32m 10[2mms[22m[39m
 [32mΓ£ô[39m tests/client/clan/ClanApiBans.test.ts[2m > [22mfetchClanBans[2m > [22mreturns false on network error[32m 1[2mms[22m[39m
 [32mΓ£ô[39m tests/client/sound/SoundManager.test.ts[2m > [22mSoundManager[2m > [22mlazy-loads a sound effect once and reuses it[32m 22[2mms[22m[39m
 [32mΓ£ô[39m tests/client/sound/SoundManager.test.ts[2m > [22mSoundManager[2m > [22mplays a sound effect when PlaySoundEffectEvent is emitted[32m 2[2mms[22m[39m
 [32mΓ£ô[39m tests/client/sound/SoundManager.test.ts[2m > [22mSoundManager[2m > [22mapplies bootstrap volume from UserSettings to background music[32m 9[2mms[22m[39m
 [32mΓ£ô[39m tests/client/sound/SoundManager.test.ts[2m > [22mSoundManager[2m > [22mapplies current sfx volume to lazily-loaded sounds[32m 2[2mms[22m[39m
 [32mΓ£ô[39m tests/client/sound/SoundManager.test.ts[2m > [22mSoundManager[2m > [22mresponds to SetBackgroundMusicVolumeEvent[32m 1[2mms[22m[39m
 [32mΓ£ô[39m tests/client/sound/SoundManager.test.ts[2m > [22mSoundManager[2m > [22mresponds to SetSoundEffectsVolumeEvent[32m 1[2mms[22m[39m
 [32mΓ£ô[39m tests/client/sound/SoundManager.test.ts[2m > [22mSoundManager[2m > [22mclamps volume values between 0 and 1[32m 2[2mms[22m[39m
 [32mΓ£ô[39m tests/client/sound/SoundManager.test.ts[2m > [22mSoundManager[2m > [22mdispose() unsubscribes from EventBus so events no longer play sounds[32m 1[2mms[22m[39m
 [32mΓ£ô[39m tests/client/sound/SoundManager.test.ts[2m > [22mSoundManager[2m > [22mdispose() stops and unloads all loaded sound effects[32m 2[2mms[22m[39m
 [32mΓ£ô[39m tests/client/sound/SoundManager.test.ts[2m > [22mSoundManager[2m > [22mdispose() stops and unloads background music[32m 1[2mms[22m[39m
 [32mΓ£ô[39m tests/client/sound/SoundManager.test.ts[2m > [22mSoundManager[2m > [22mdoes not throw when playSoundEffect is called directly[32m 2[2mms[22m[39m
 [32mΓ£ô[39m tests/client/sound/SoundManager.test.ts[2m > [22mSoundManager[2m > [22mdoes not throw when playBackgroundMusic and stopBackgroundMusic are called[32m 1[2mms[22m[39m
 [32mΓ£ô[39m tests/client/sound/SoundManager.test.ts[2m > [22mSoundManager[2m > [22mswallows errors from Howler and does not propagate[32m 13[2mms[22m[39m
 [32mΓ£ô[39m tests/client/sound/SoundManager.test.ts[2m > [22mSound channel management[2m > [22mnew sound always plays even when at channel cap[32m 1[2mms[22m[39m
 [32mΓ£ô[39m tests/client/sound/SoundManager.test.ts[2m > [22mSound channel management[2m > [22mstops the oldest sound when at channel cap[32m 1[2mms[22m[39m
 [32mΓ£ô[39m tests/client/sound/SoundManager.test.ts[2m > [22mSound channel management[2m > [22mfrees a channel when a sound ends naturally[32m 1[2mms[22m[39m
 [32mΓ£ô[39m tests/client/sound/SoundManager.test.ts[2m > [22mSound channel management[2m > [22mallows up to MAX_CONCURRENT_SOUNDS without stopping any[32m 1[2mms[22m[39m
 [32mΓ£ô[39m tests/core/game/TrainStation.test.ts[2m > [22mTrainStation[2m > [22mhandles City stop[32m 7[2mms[22m[39m
 [32mΓ£ô[39m tests/core/game/TrainStation.test.ts[2m > [22mTrainStation[2m > [22mhandles allied trade[32m 2[2mms[22m[39m
 [32mΓ£ô[39m tests/core/game/TrainStation.test.ts[2m > [22mTrainStation[2m > [22mrecords external trade on the station owner[32m 2[2mms[22m[39m
 [32mΓ£ô[39m tests/core/game/TrainStation.test.ts[2m > [22mTrainStation[2m > [22mpasses tradeStopsVisited to trainGold[32m 3[2mms[22m[39m
 [32mΓ£ô[39m tests/core/game/TrainStation.test.ts[2m > [22mTrainStation[2m > [22mchecks trade availability (same owner)[32m 1[2mms[22m[39m
 [32mΓ£ô[39m tests/core/game/TrainStation.test.ts[2m > [22mTrainStation[2m > [22madds and retrieves neighbors[32m 2[2mms[22m[39m
 [32mΓ£ô[39m tests/core/game/TrainStation.test.ts[2m > [22mTrainStation[2m > [22mremoves neighboring rail[32m 2[2mms[22m[39m
 [32mΓ£ô[39m tests/core/game/TrainStation.test.ts[2m > [22mTrainStation[2m > [22massigns and retrieves cluster[32m 1[2mms[22m[39m
 [32mΓ£ô[39m tests/core/game/TrainStation.test.ts[2m > [22mTrainStation[2m > [22mreturns tile and active status[32m 2[2mms[22m[39m
 [32mΓ£ô[39m tests/core/game/TrainStation.test.ts[2m > [22mDefaultConfig.trainGold trade stop penalty[2m > [22mreturns full base gold within free window (stops 0-9)[32m 5[2mms[22m[39m
 [32mΓ£ô[39m tests/core/game/TrainStation.test.ts[2m > [22mDefaultConfig.trainGold trade stop penalty[2m > [22mreduces gold by 5k per stop after the free window[32m 4[2mms[22m[39m
 [32mΓ£ô[39m tests/core/game/TrainStation.test.ts[2m > [22mDefaultConfig.trainGold trade stop penalty[2m > [22mfloors at 5k when penalty exceeds base gold[32m 1[2mms[22m[39m
 [32mΓ£ô[39m tests/core/game/TrainStation.test.ts[2m > [22mDefaultConfig.trainGold trade stop penalty[2m > [22mfloors at 5k for ally base even with heavy penalty[32m 1[2mms[22m[39m
 [32mΓ£ô[39m tests/core/game/TrainStation.test.ts[2m > [22mDefaultConfig.trainGold trade stop penalty[2m > [22mally base gold reduces correctly after free window[32m 1[2mms[22m[39m
 [32mΓ£ô[39m tests/core/game/TrainStation.test.ts[2m > [22mDefaultConfig.trainGold trade stop penalty[2m > [22mother/team base gold reduces correctly after free window[32m 1[2mms[22m[39m
[90mstdout[2m | tests/ConquerGold.test.ts[2m > [22m[2mDefaultConfig.conquerGoldAmount[2m > [22m[2mreturns full gold for Bot
[22m[39m[GameImpl] Constructor total: 0ms

[90mstdout[2m | tests/ConquerGold.test.ts[2m > [22m[2mDefaultConfig.conquerGoldAmount[2m > [22m[2mreturns full gold for Nation
[22m[39m[GameImpl] Constructor total: 0ms

[90mstdout[2m | tests/ConquerGold.test.ts[2m > [22m[2mDefaultConfig.conquerGoldAmount[2m > [22m[2mreturns half gold for Human
[22m[39m[GameImpl] Constructor total: 0ms

[90mstdout[2m | tests/ConquerGold.test.ts[2m > [22m[2mConquest gold transfer[2m > [22m[2mconqueror receives 100% of gold when conquering a Bot
[22m[39m[GameImpl] Constructor total: 0ms

[90mstdout[2m | tests/economy/ConstructionGold.test.ts[2m > [22m[2mConstruction economy[2m > [22m[2mCity charges gold once and no refund thereafter (allow passive income)
[22m[39m[GameImpl] Constructor total: 1ms

[90mstdout[2m | tests/ConquerGold.test.ts[2m > [22m[2mConquest gold transfer[2m > [22m[2mconqueror receives 100% of gold when conquering a Nation
[22m[39m[GameImpl] Constructor total: 0ms

[90mstdout[2m | tests/ConquerGold.test.ts[2m > [22m[2mConquest gold transfer[2m > [22m[2mconqueror receives 50% of gold when conquering a Human who has attacked
[22m[39m[GameImpl] Constructor total: 0ms

[90mstdout[2m | tests/economy/ConstructionGold.test.ts[2m > [22m[2mConstruction economy[2m > [22m[2mMIRV gets more expensive with each launch
[22m[39m[GameImpl] Constructor total: 0ms

[90mstdout[2m | tests/ConquerGold.test.ts[2m > [22m[2mConquest gold transfer[2m > [22m[2mconqueror receives no gold when conquering a Human who never attacked
[22m[39m[GameImpl] Constructor total: 0ms

 [32mΓ£ô[39m tests/ConquerGold.test.ts[2m > [22mDefaultConfig.conquerGoldAmount[2m > [22mreturns full gold for Bot[32m 10[2mms[22m[39m
 [32mΓ£ô[39m tests/ConquerGold.test.ts[2m > [22mDefaultConfig.conquerGoldAmount[2m > [22mreturns full gold for Nation[32m 2[2mms[22m[39m
 [32mΓ£ô[39m tests/ConquerGold.test.ts[2m > [22mDefaultConfig.conquerGoldAmount[2m > [22mreturns half gold for Human[32m 2[2mms[22m[39m
 [32mΓ£ô[39m tests/ConquerGold.test.ts[2m > [22mConquest gold transfer[2m > [22mconqueror receives 100% of gold when conquering a Bot[32m 8[2mms[22m[39m
 [32mΓ£ô[39m tests/ConquerGold.test.ts[2m > [22mConquest gold transfer[2m > [22mconqueror receives 100% of gold when conquering a Nation[32m 4[2mms[22m[39m
 [32mΓ£ô[39m tests/ConquerGold.test.ts[2m > [22mConquest gold transfer[2m > [22mconqueror receives 50% of gold when conquering a Human who has attacked[32m 4[2mms[22m[39m
 [32mΓ£ô[39m tests/ConquerGold.test.ts[2m > [22mConquest gold transfer[2m > [22mconqueror receives no gold when conquering a Human who never attacked[32m 3[2mms[22m[39m
 [32mΓ£ô[39m tests/economy/ConstructionGold.test.ts[2m > [22mConstruction economy[2m > [22mCity charges gold once and no refund thereafter (allow passive income)[32m 25[2mms[22m[39m
 [32mΓ£ô[39m tests/economy/ConstructionGold.test.ts[2m > [22mConstruction economy[2m > [22mMIRV gets more expensive with each launch[32m 13[2mms[22m[39m
[90mstdout[2m | tests/EliminateNation.test.ts[2m > [22m[2mEliminateNationExecution[2m > [22m[2meliminates nation and removes its territory
[22m[39m[GameImpl] Constructor total: 2ms

[90mstdout[2m | tests/EliminateNation.test.ts[2m > [22m[2mEliminateNationExecution[2m > [22m[2mdoes nothing if target is not a Nation
[22m[39m[GameImpl] Constructor total: 0ms

[90mstdout[2m | tests/EliminateNation.test.ts[2m > [22m[2mEliminateNationExecution[2m > [22m[2mis idempotent - second elimination on same player does nothing
[22m[39m[GameImpl] Constructor total: 0ms

[90mstdout[2m | tests/EliminateNation.test.ts[2m > [22m[2mEliminateNationExecution[2m > [22m[2mdoes nothing if target player does not exist
[22m[39m[GameImpl] Constructor total: 0ms

 [32mΓ£ô[39m tests/EliminateNation.test.ts[2m > [22mEliminateNationExecution[2m > [22meliminates nation and removes its territory[32m 15[2mms[22m[39m
 [32mΓ£ô[39m tests/EliminateNation.test.ts[2m > [22mEliminateNationExecution[2m > [22mdoes nothing if target is not a Nation[32m 5[2mms[22m[39m
 [32mΓ£ô[39m tests/EliminateNation.test.ts[2m > [22mEliminateNationExecution[2m > [22mis idempotent - second elimination on same player does nothing[32m 5[2mms[22m[39m
 [32mΓ£ô[39m tests/EliminateNation.test.ts[2m > [22mEliminateNationExecution[2m > [22mdoes nothing if target player does not exist[32m 5[2mms[22m[39m
[90mstdout[2m | tests/core/executions/NukeExecution.test.ts[2m > [22m[2mNukeExecution[2m > [22m[2mnuke should destroy buildings and redraw out of range buildings
[22m[39m[GameImpl] Constructor total: 1ms

[90mstdout[2m | tests/AllianceExtensionExecution.test.ts[2m > [22m[2mAllianceExtensionExecution[2m > [22m[2mSuccessfully extends existing alliance between Humans
[22m[39m[GameImpl] Constructor total: 1ms

[90mstdout[2m | tests/AllianceExtensionExecution.test.ts[2m > [22m[2mAllianceExtensionExecution[2m > [22m[2mFails gracefully if no alliance exists
[22m[39m[GameImpl] Constructor total: 0ms

[90mstdout[2m | tests/AllianceExtensionExecution.test.ts[2m > [22m[2mAllianceExtensionExecution[2m > [22m[2mFails gracefully if no alliance exists
[22m[39m[AllianceExtensionExecution] Player player1 or player2 is not alive

[90mstdout[2m | tests/AllianceExtensionExecution.test.ts[2m > [22m[2mAllianceExtensionExecution[2m > [22m[2mSuccessfully extends existing alliance between Human and non-Human
[22m[39m[GameImpl] Constructor total: 1ms

[90mstdout[2m | tests/core/executions/NukeExecution.test.ts[2m > [22m[2mNukeExecution[2m > [22m[2mnuke should only be targetable near src and dst
[22m[39m[GameImpl] Constructor total: 0ms

[90mstdout[2m | tests/AllianceExtensionExecution.test.ts[2m > [22m[2mAllianceExtensionExecution[2m > [22m[2mSends message to other player when one player requests renewal
[22m[39m[GameImpl] Constructor total: 0ms

 [32mΓ£ô[39m tests/AllianceExtensionExecution.test.ts[2m > [22mAllianceExtensionExecution[2m > [22mSuccessfully extends existing alliance between Humans[32m 18[2mms[22m[39m
 [32mΓ£ô[39m tests/AllianceExtensionExecution.test.ts[2m > [22mAllianceExtensionExecution[2m > [22mFails gracefully if no alliance exists[32m 5[2mms[22m[39m
 [32mΓ£ô[39m tests/AllianceExtensionExecution.test.ts[2m > [22mAllianceExtensionExecution[2m > [22mSuccessfully extends existing alliance between Human and non-Human[32m 6[2mms[22m[39m
 [32mΓ£ô[39m tests/AllianceExtensionExecution.test.ts[2m > [22mAllianceExtensionExecution[2m > [22mSends message to other player when one player requests renewal[32m 7[2mms[22m[39m
[90mstdout[2m | tests/core/executions/NukeExecution.test.ts[2m > [22m[2mNukeExecution[2m > [22m[2mnuke should break alliances on launch
[22m[39m[GameImpl] Constructor total: 0ms

[90mstdout[2m | tests/core/executions/NukeExecution.test.ts[2m > [22m[2mNukeExecution[2m > [22m[2mnuke should break alliance when destroying ally's building even with few tiles
[22m[39m[GameImpl] Constructor total: 0ms

 [32mΓ£ô[39m tests/core/executions/NukeExecution.test.ts[2m > [22mNukeExecution[2m > [22mnuke should destroy buildings and redraw out of range buildings[32m 38[2mms[22m[39m
 [32mΓ£ô[39m tests/core/executions/NukeExecution.test.ts[2m > [22mNukeExecution[2m > [22mnuke should only be targetable near src and dst[32m 17[2mms[22m[39m
 [32mΓ£ô[39m tests/core/executions/NukeExecution.test.ts[2m > [22mNukeExecution[2m > [22mnuke should break alliances on launch[32m 11[2mms[22m[39m
 [32mΓ£ô[39m tests/core/executions/NukeExecution.test.ts[2m > [22mNukeExecution[2m > [22mnuke should break alliance when destroying ally's building even with few tiles[32m 7[2mms[22m[39m
 [32mΓ£ô[39m tests/core/game/RailNetwork.test.ts[2m > [22mStationManagerImpl[2m > [22madds and retrieves station[32m 4[2mms[22m[39m
 [32mΓ£ô[39m tests/core/game/RailNetwork.test.ts[2m > [22mStationManagerImpl[2m > [22mremoves station[32m 1[2mms[22m[39m
 [32mΓ£ô[39m tests/core/game/RailNetwork.test.ts[2m > [22mRailNetworkImpl[2m > [22mdoes not connect if path is empty or too long[32m 3[2mms[22m[39m
 [32mΓ£ô[39m tests/core/game/RailNetwork.test.ts[2m > [22mRailNetworkImpl[2m > [22mremoveStation removes all neighbor links[32m 1[2mms[22m[39m
 [32mΓ£ô[39m tests/core/game/RailNetwork.test.ts[2m > [22mRailNetworkImpl[2m > [22mconnectStation calls addStation and connects to nearby[32m 5[2mms[22m[39m
 [32mΓ£ô[39m tests/core/game/RailNetwork.test.ts[2m > [22mRailNetworkImpl[2m > [22mremoveStation does nothing if station not found[32m 1[2mms[22m[39m
 [32mΓ£ô[39m tests/core/game/RailNetwork.test.ts[2m > [22mRailNetworkImpl[2m > [22mremoveStation disconnects and removes from cluster if one neighbor[32m 2[2mms[22m[39m
 [32mΓ£ô[39m tests/core/game/RailNetwork.test.ts[2m > [22mRailNetworkImpl[2m > [22mfindStationsPath[32m 1[2mms[22m[39m
 [32mΓ£ô[39m tests/core/game/RailNetwork.test.ts[2m > [22mRailNetworkImpl[2m > [22mconnectToNearbyStations creates new cluster when no neighbors[32m 3[2mms[22m[39m
 [32mΓ£ô[39m tests/core/game/RailNetwork.test.ts[2m > [22mRailNetworkImpl[2m > [22mconnectToNearbyStations connects and merges clusters[32m 1[2mms[22m[39m
 [32mΓ£ô[39m tests/core/game/RailNetwork.test.ts[2m > [22mRailNetworkImpl[2m > [22mcomputeGhostRailPaths[2m > [22mreturns empty when snappable rails exist nearby[32m 1[2mms[22m[39m
 [32mΓ£ô[39m tests/core/game/RailNetwork.test.ts[2m > [22mRailNetworkImpl[2m > [22mcomputeGhostRailPaths[2m > [22mreturns empty when no nearby stations found[32m 1[2mms[22m[39m
 [32mΓ£ô[39m tests/core/game/RailNetwork.test.ts[2m > [22mRailNetworkImpl[2m > [22mcomputeGhostRailPaths[2m > [22mreturns paths to nearby stations within range[32m 1[2mms[22m[39m
 [32mΓ£ô[39m tests/core/game/RailNetwork.test.ts[2m > [22mRailNetworkImpl[2m > [22mcomputeGhostRailPaths[2m > [22mskips neighbors within min range[32m 1[2mms[22m[39m
 [32mΓ£ô[39m tests/core/game/RailNetwork.test.ts[2m > [22mRailNetworkImpl[2m > [22mcomputeGhostRailPaths[2m > [22mskips neighbors without train stations[32m 1[2mms[22m[39m
 [32mΓ£ô[39m tests/core/game/RailNetwork.test.ts[2m > [22mRailNetworkImpl[2m > [22mcomputeGhostRailPaths[2m > [22mskips paths that exceed max railroad size[32m 1[2mms[22m[39m
 [32mΓ£ô[39m tests/core/game/RailNetwork.test.ts[2m > [22mRailNetworkImpl[2m > [22mcomputeGhostRailPaths[2m > [22mlimits to at most 5 paths[32m 4[2mms[22m[39m
 [32mΓ£ô[39m tests/core/game/RailNetwork.test.ts[2m > [22mRailNetworkImpl[2m > [22mcomputeGhostRailPaths[2m > [22mskips stations reachable through already-connected stations[32m 1[2mms[22m[39m
 [32mΓ£ô[39m tests/NationStructureBehavior.test.ts[2m > [22mNationStructureBehavior.shouldUseConnectivityScore[2m > [22malways returns false for Easy (randomChance = 0)[32m 6[2mms[22m[39m
 [32mΓ£ô[39m tests/NationStructureBehavior.test.ts[2m > [22mNationStructureBehavior.shouldUseConnectivityScore[2m > [22mreturns true for Medium when nextInt < 60[32m 1[2mms[22m[39m
 [32mΓ£ô[39m tests/NationStructureBehavior.test.ts[2m > [22mNationStructureBehavior.shouldUseConnectivityScore[2m > [22mreturns false for Medium when nextInt === 60 (boundary)[32m 1[2mms[22m[39m
 [32mΓ£ô[39m tests/NationStructureBehavior.test.ts[2m > [22mNationStructureBehavior.shouldUseConnectivityScore[2m > [22mreturns true for Hard when nextInt < 75[32m 1[2mms[22m[39m
 [32mΓ£ô[39m tests/NationStructureBehavior.test.ts[2m > [22mNationStructureBehavior.shouldUseConnectivityScore[2m > [22mreturns false for Hard when nextInt === 75 (boundary)[32m 1[2mms[22m[39m
 [32mΓ£ô[39m tests/NationStructureBehavior.test.ts[2m > [22mNationStructureBehavior.shouldUseConnectivityScore[2m > [22malways returns true for Impossible (randomChance = 100)[32m 2[2mms[22m[39m
 [32mΓ£ô[39m tests/NationStructureBehavior.test.ts[2m > [22mNationStructureBehavior.buildReachableStations[2m > [22mincludes own registered units with self weight and correct cluster[32m 2[2mms[22m[39m
 [32mΓ£ô[39m tests/NationStructureBehavior.test.ts[2m > [22mNationStructureBehavior.buildReachableStations[2m > [22massigns null cluster when own unit is a station with no cluster[32m 1[2mms[22m[39m
 [32mΓ£ô[39m tests/NationStructureBehavior.test.ts[2m > [22mNationStructureBehavior.buildReachableStations[2m > [22mexcludes own units not registered in the station manager[32m 1[2mms[22m[39m
 [32mΓ£ô[39m tests/NationStructureBehavior.test.ts[2m > [22mNationStructureBehavior.buildReachableStations[2m > [22mexcludes bot neighbors[32m 1[2mms[22m[39m
 [32mΓ£ô[39m tests/NationStructureBehavior.test.ts[2m > [22mNationStructureBehavior.buildReachableStations[2m > [22mexcludes non-player neighbors[32m 1[2mms[22m[39m
 [32mΓ£ô[39m tests/NationStructureBehavior.test.ts[2m > [22mNationStructureBehavior.buildReachableStations[2m > [22mexcludes embargoed (canTrade = false) neighbors[32m 1[2mms[22m[39m
 [32mΓ£ô[39m tests/NationStructureBehavior.test.ts[2m > [22mNationStructureBehavior.buildReachableStations[2m > [22mincludes non-embargoed neutral neighbor with 'other' weight[32m 1[2mms[22m[39m
 [32mΓ£ô[39m tests/NationStructureBehavior.test.ts[2m > [22mNationStructureBehavior.buildReachableStations[2m > [22muses 'ally' weight for allied neighbor[32m 1[2mms[22m[39m
 [32mΓ£ô[39m tests/NationStructureBehavior.test.ts[2m > [22mNationStructureBehavior.buildReachableStations[2m > [22muses 'team' weight for team neighbor (team check precedes ally)[32m 1[2mms[22m[39m
 [32mΓ£ô[39m tests/NationStructureBehavior.test.ts[2m > [22mNationStructureBehavior.buildReachableStations[2m > [22mexcludes neighbor units not registered in the station manager[32m 1[2mms[22m[39m
 [32mΓ£ô[39m tests/NationStructureBehavior.test.ts[2m > [22mNationStructureBehavior.buildReachableStations[2m > [22mcollects own and neighbor units together[32m 2[2mms[22m[39m
 [32mΓ£ô[39m tests/NationStructureBehavior.test.ts[2m > [22mNationStructureBehavior.tryBuildDefensePost[2m > [22mreturns false on Easy regardless of ratio[32m 1[2mms[22m[39m
 [32mΓ£ô[39m tests/NationStructureBehavior.test.ts[2m > [22mNationStructureBehavior.tryBuildDefensePost[2m > [22mreturns false when there are no incoming attacks[32m 0[2mms[22m[39m
 [32mΓ£ô[39m tests/NationStructureBehavior.test.ts[2m > [22mNationStructureBehavior.tryBuildDefensePost[2m > [22mreturns false when only boat attacks are incoming[32m 0[2mms[22m[39m
 [32mΓ£ô[39m tests/NationStructureBehavior.test.ts[2m > [22mNationStructureBehavior.tryBuildDefensePost[2m > [22mreturns false when land-attack ratio is below 0.35[32m 0[2mms[22m[39m
 [32mΓ£ô[39m tests/NationStructureBehavior.test.ts[2m > [22mNationStructureBehavior.tryBuildDefensePost[2m > [22mreturns false when own troops are zero[32m 0[2mms[22m[39m
 [32mΓ£ô[39m tests/NationStructureBehavior.test.ts[2m > [22mNationStructureBehavior.tryBuildDefensePost[2m > [22mMedium: returns false when random.chance(2) fails (50% gate closed)[32m 0[2mms[22m[39m
 [32mΓ£ô[39m tests/NationStructureBehavior.test.ts[2m > [22mNationStructureBehavior.tryBuildDefensePost[2m > [22mMedium: 50% gate consumes only the chance(2) call[32m 1[2mms[22m[39m
 [32mΓ£ô[39m tests/NationStructureBehavior.test.ts[2m > [22mNationStructureBehavior.tryBuildDefensePost[2m > [22mHard: skips chance gate (no chance(2) consumed)[32m 1[2mms[22m[39m
 [32mΓ£ô[39m tests/NationStructureBehavior.test.ts[2m > [22mNationStructureBehavior.tryBuildDefensePost[2m > [22mHard: returns false once countDefensePostsNearFront reaches the allowed cap[32m 0[2mms[22m[39m
 [32mΓ£ô[39m tests/NationStructureBehavior.test.ts[2m > [22mNationStructureBehavior.tryBuildDefensePost[2m > [22mHard: returns false once countDefensePostsNearFront exceeds the allowed cap[32m 0[2mms[22m[39m
 [32mΓ£ô[39m tests/NationStructureBehavior.test.ts[2m > [22mNationStructureBehavior.tryBuildDefensePost[2m > [22mHard: dispatches a ConstructionExecution for DefensePost on successful build[32m 1[2mms[22m[39m
 [32mΓ£ô[39m tests/NationStructureBehavior.test.ts[2m > [22mNationStructureBehavior.tryBuildDefensePost[2m > [22mreturns false when player.gold() is below cost[32m 1[2mms[22m[39m
 [32mΓ£ô[39m tests/NationStructureBehavior.test.ts[2m > [22mNationStructureBehavior.tryBuildDefensePost[2m > [22mreturns false when no sampled tile passes canBuild[32m 1[2mms[22m[39m
 [32mΓ£ô[39m tests/NationStructureBehavior.test.ts[2m > [22mNationStructureBehavior.defensePostNeeded[2m > [22mreturns false on Easy[32m 0[2mms[22m[39m
 [32mΓ£ô[39m tests/NationStructureBehavior.test.ts[2m > [22mNationStructureBehavior.defensePostNeeded[2m > [22mreturns false when there are no incoming attacks[32m 0[2mms[22m[39m
 [32mΓ£ô[39m tests/NationStructureBehavior.test.ts[2m > [22mNationStructureBehavior.defensePostNeeded[2m > [22mreturns false when own troops are zero[32m 0[2mms[22m[39m
 [32mΓ£ô[39m tests/NationStructureBehavior.test.ts[2m > [22mNationStructureBehavior.defensePostNeeded[2m > [22mreturns false when ratio is below threshold (0.35)[32m 0[2mms[22m[39m
 [32mΓ£ô[39m tests/NationStructureBehavior.test.ts[2m > [22mNationStructureBehavior.defensePostNeeded[2m > [22mreturns true when ratio is exactly at threshold (0.35)[32m 0[2mms[22m[39m
 [32mΓ£ô[39m tests/NationStructureBehavior.test.ts[2m > [22mNationStructureBehavior.defensePostNeeded[2m > [22mreturns true when ratio is above threshold[32m 0[2mms[22m[39m
 [32mΓ£ô[39m tests/NationStructureBehavior.test.ts[2m > [22mNationStructureBehavior.defensePostNeeded[2m > [22mignores boat attacks (sourceTile != null)[32m 0[2mms[22m[39m
 [32mΓ£ô[39m tests/NationStructureBehavior.test.ts[2m > [22mNationStructureBehavior.defensePostNeeded[2m > [22msums troops across multiple land attacks for the ratio[32m 0[2mms[22m[39m
 [32mΓ£ô[39m tests/NationStructureBehavior.test.ts[2m > [22mNationStructureBehavior.sampleTilesNearFront[2m > [22mreturns [] when no front tiles are supplied[32m 0[2mms[22m[39m
 [32mΓ£ô[39m tests/NationStructureBehavior.test.ts[2m > [22mNationStructureBehavior.sampleTilesNearFront[2m > [22mrespects the requested sample size cap[32m 1[2mms[22m[39m
 [32mΓ£ô[39m tests/NationStructureBehavior.test.ts[2m > [22mNationStructureBehavior.sampleTilesNearFront[2m > [22mfilters out tiles where canBuild returns false (phase 1 rejects all ΓåÆ falls through to fallback)[32m 1[2mms[22m[39m
 [32mΓ£ô[39m tests/NationStructureBehavior.test.ts[2m > [22mNationStructureBehavior.sampleTilesNearFront[2m > [22mcalls canBuild with the supplied unitType[32m 2[2mms[22m[39m
 [32mΓ£ô[39m tests/NationStructureBehavior.test.ts[2m > [22mNationStructureBehavior.getAttackFrontTiles[2m > [22mreturns empty array for empty attack list[32m 0[2mms[22m[39m
 [32mΓ£ô[39m tests/NationStructureBehavior.test.ts[2m > [22mNationStructureBehavior.getAttackFrontTiles[2m > [22mincludes border tile whose neighbor is owned by an attacker[32m 0[2mms[22m[39m
 [32mΓ£ô[39m tests/NationStructureBehavior.test.ts[2m > [22mNationStructureBehavior.getAttackFrontTiles[2m > [22mexcludes border tiles not adjacent to any attacker[32m 1[2mms[22m[39m
 [32mΓ£ô[39m tests/NationStructureBehavior.test.ts[2m > [22mNationStructureBehavior.getAttackFrontTiles[2m > [22mhandles multiple attackers from separate attacks[32m 1[2mms[22m[39m
 [32mΓ£ô[39m tests/NationStructureBehavior.test.ts[2m > [22mNationStructureBehavior.getAttackFrontTiles[2m > [22mdoes not duplicate a border tile that has multiple attacker-owned neighbors[32m 0[2mms[22m[39m
 [32mΓ£ô[39m tests/NationStructureBehavior.test.ts[2m > [22mNationStructureBehavior.countDefensePostsNearFront[2m > [22mreturns 0 when there are no defense posts[32m 0[2mms[22m[39m
 [32mΓ£ô[39m tests/NationStructureBehavior.test.ts[2m > [22mNationStructureBehavior.countDefensePostsNearFront[2m > [22mreturns 0 when front tiles list is empty[32m 0[2mms[22m[39m
 [32mΓ£ô[39m tests/NationStructureBehavior.test.ts[2m > [22mNationStructureBehavior.countDefensePostsNearFront[2m > [22mcounts posts within 1.5 ├ù borderSpacing of any front tile[32m 0[2mms[22m[39m
 [32mΓ£ô[39m tests/NationStructureBehavior.test.ts[2m > [22mNationStructureBehavior.countDefensePostsNearFront[2m > [22mdoes not count posts outside 1.5 ├ù borderSpacing[32m 0[2mms[22m[39m
 [32mΓ£ô[39m tests/NationStructureBehavior.test.ts[2m > [22mNationStructureBehavior.countDefensePostsNearFront[2m > [22mcounts a post only once even if near multiple front tiles[32m 0[2mms[22m[39m
 [32mΓ£ô[39m tests/NationStructureBehavior.test.ts[2m > [22mNationStructureBehavior.countDefensePostsNearFront[2m > [22msums posts near different sections of the front[32m 0[2mms[22m[39m
 [32mΓ£ô[39m tests/NationStructureBehavior.test.ts[2m > [22mNationStructureBehavior.getOrBuildReachableStations[2m > [22mcalls buildReachableStations exactly once on first access[32m 1[2mms[22m[39m
 [32mΓ£ô[39m tests/NationStructureBehavior.test.ts[2m > [22mNationStructureBehavior.getOrBuildReachableStations[2m > [22mreturns the same array instance on repeated calls[32m 0[2mms[22m[39m
 [32mΓ£ô[39m tests/NationStructureBehavior.test.ts[2m > [22mNationStructureBehavior.getOrBuildReachableStations[2m > [22mdoes not call buildReachableStations a second time when cache is warm[32m 0[2mms[22m[39m
 [32mΓ£ô[39m tests/NationStructureBehavior.test.ts[2m > [22mNationStructureBehavior.getOrBuildReachableStations[2m > [22mrebuilds after the cache is reset to null[32m 0[2mms[22m[39m
 [32mΓ£ô[39m tests/client/graphics/ProgressBar.test.ts[2m > [22mProgressBar[2m > [22mshould initialize and draw the background[32m 14[2mms[22m[39m
 [32mΓ£ô[39m tests/client/graphics/ProgressBar.test.ts[2m > [22mProgressBar[2m > [22mshould set progress and draw the progress bar[32m 4[2mms[22m[39m
 [32mΓ£ô[39m tests/client/graphics/ProgressBar.test.ts[2m > [22mProgressBar[2m > [22mshould clamp progress between 0 and 1 on init[32m 2[2mms[22m[39m
 [32mΓ£ô[39m tests/client/graphics/ProgressBar.test.ts[2m > [22mProgressBar[2m > [22mshould handle empty colors array gracefully[32m 3[2mms[22m[39m
[90mstdout[2m | tests/core/pathfinding/PathFinding.Air.test.ts[2m > [22m[2mPathFinding.Air
[22m[39m[GameImpl] Constructor total: 0ms

 [32mΓ£ô[39m tests/core/pathfinding/PathFinding.Air.test.ts[2m > [22mPathFinding.Air[2m > [22mfindPath[2m > [22mreturns path between any two points (ignores terrain)[32m 4[2mms[22m[39m
 [32mΓ£ô[39m tests/core/pathfinding/PathFinding.Air.test.ts[2m > [22mPathFinding.Air[2m > [22mfindPath[2m > [22mthrows error for multiple start points[32m 1[2mms[22m[39m
 [32mΓ£ô[39m tests/core/pathfinding/PathFinding.Air.test.ts[2m > [22mPathFinding.Air[2m > [22mfindPath[2m > [22mreturns single-tile path when from equals to[32m 1[2mms[22m[39m
 [32mΓ£ô[39m tests/core/pathfinding/PathFinding.Air.test.ts[2m > [22mPathFinding.Air[2m > [22mpath validity[2m > [22mall consecutive tiles in path are adjacent (Manhattan distance 1)[32m 1[2mms[22m[39m
 [32mΓ£ô[39m tests/core/pathfinding/PathFinding.Air.test.ts[2m > [22mPathFinding.Air[2m > [22mpath validity[2m > [22mpath ends at exact destination[32m 1[2mms[22m[39m
 [32mΓ£ô[39m tests/core/pathfinding/PathFinding.Air.test.ts[2m > [22mPathFinding.Air[2m > [22mpath shapes[2m > [22mdiagonal path has equal X and Y movement[32m 1[2mms[22m[39m
 [32mΓ£ô[39m tests/core/pathfinding/PathFinding.Air.test.ts[2m > [22mPathFinding.Air[2m > [22mpath shapes[2m > [22mhorizontal path has only X movement[32m 0[2mms[22m[39m
 [32mΓ£ô[39m tests/core/pathfinding/PathFinding.Air.test.ts[2m > [22mPathFinding.Air[2m > [22mpath shapes[2m > [22mvertical path has only Y movement[32m 1[2mms[22m[39m
 [32mΓ£ô[39m tests/core/pathfinding/PathFinding.Air.test.ts[2m > [22mPathFinding.Air[2m > [22mpath shapes[2m > [22madjacent tiles produce minimal path[32m 1[2mms[22m[39m
 [32mΓ£ô[39m tests/NationNameLength.test.ts[2m > [22mMap manifests: nation name length constraint[2m > [22mAll nations' names must be Γëñ 27 characters[32m 60[2mms[22m[39m
 [32mΓ£ô[39m tests/client/Platform.test.ts[2m > [22mPlatform[2m > [22mdetects iOS before macOS for iPhone-like user agents[32m 7[2mms[22m[39m
 [32mΓ£ô[39m tests/client/Platform.test.ts[2m > [22mPlatform[2m > [22mdetects macOS for Macintosh user agents[32m 2[2mms[22m[39m
 [32mΓ£ô[39m tests/client/Platform.test.ts[2m > [22mPlatform[2m > [22mdetects iOS for iPad desktop-mode user agents with touch support[32m 1[2mms[22m[39m
 [32mΓ£ô[39m tests/client/Platform.test.ts[2m > [22mPlatform[2m > [22muses userAgentData platform when available[32m 1[2mms[22m[39m
 [32mΓ£ô[39m tests/client/Platform.test.ts[2m > [22mPlatform[2m > [22mnormalizes non-canonical userAgentData platform values[32m 3[2mms[22m[39m
 [32mΓ£ô[39m tests/client/Platform.test.ts[2m > [22mPlatform[2m > [22mreports viewport breakpoint helpers from window.innerWidth[32m 1[2mms[22m[39m
 [32mΓ£ô[39m tests/core/pathfinding/transformers/ShoreCoercingTransformer.test.ts[2m > [22mShoreCoercingTransformer[2m > [22mfindPath[2m > [22mpasses water tiles unchanged[32m 7[2mms[22m[39m
 [32mΓ£ô[39m tests/core/pathfinding/transformers/ShoreCoercingTransformer.test.ts[2m > [22mShoreCoercingTransformer[2m > [22mfindPath[2m > [22mcoerces shore start to water and prepends original[32m 1[2mms[22m[39m
 [32mΓ£ô[39m tests/core/pathfinding/transformers/ShoreCoercingTransformer.test.ts[2m > [22mShoreCoercingTransformer[2m > [22mfindPath[2m > [22mcoerces shore destination to water and appends original[32m 1[2mms[22m[39m
 [32mΓ£ô[39m tests/core/pathfinding/transformers/ShoreCoercingTransformer.test.ts[2m > [22mShoreCoercingTransformer[2m > [22mfindPath[2m > [22mcoerces both shore start and destination[32m 1[2mms[22m[39m
 [32mΓ£ô[39m tests/core/pathfinding/transformers/ShoreCoercingTransformer.test.ts[2m > [22mShoreCoercingTransformer[2m > [22mfindPath[2m > [22mreturns null when source has no water neighbor[32m 0[2mms[22m[39m
 [32mΓ£ô[39m tests/core/pathfinding/transformers/ShoreCoercingTransformer.test.ts[2m > [22mShoreCoercingTransformer[2m > [22mfindPath[2m > [22mreturns null when destination has no water neighbor[32m 0[2mms[22m[39m
 [32mΓ£ô[39m tests/core/pathfinding/transformers/ShoreCoercingTransformer.test.ts[2m > [22mShoreCoercingTransformer[2m > [22mfindPath[2m > [22mreturns null when inner pathfinder returns null[32m 0[2mms[22m[39m
 [32mΓ£ô[39m tests/core/pathfinding/transformers/ShoreCoercingTransformer.test.ts[2m > [22mShoreCoercingTransformer[2m > [22mfindPath[2m > [22mreturns null when inner pathfinder returns empty path[32m 1[2mms[22m[39m
 [32mΓ£ô[39m tests/core/pathfinding/transformers/ShoreCoercingTransformer.test.ts[2m > [22mShoreCoercingTransformer[2m > [22mfindPath[2m > [22mhandles multiple sources, filters invalid ones[32m 1[2mms[22m[39m
 [32mΓ£ô[39m tests/core/pathfinding/transformers/ShoreCoercingTransformer.test.ts[2m > [22mShoreCoercingTransformer[2m > [22mfindPath[2m > [22mreturns null when all sources are invalid[32m 1[2mms[22m[39m
 [32mΓ£ô[39m tests/core/pathfinding/transformers/ShoreCoercingTransformer.test.ts[2m > [22mShoreCoercingTransformer[2m > [22mdeterminism[2m > [22mshore with multiple water neighbors selects consistently[32m 1[2mms[22m[39m
 [32mΓ£ô[39m tests/core/pathfinding/transformers/ShoreCoercingTransformer.test.ts[2m > [22mShoreCoercingTransformer[2m > [22mdeterminism[2m > [22mcorner shore with water neighbors works correctly[32m 0[2mms[22m[39m
[90mstdout[2m | tests/Team.test.ts[2m > [22m[2mTeams[2m > [22m[2mbots are on the same team, but can attack each other
[22m[39m[GameImpl] Constructor total: 1ms

[90mstdout[2m | tests/Team.test.ts[2m > [22m[2mTeams[2m > [22m[2mhumans spawn on different teams
[22m[39m[GameImpl] Constructor total: 1ms

 [32mΓ£ô[39m tests/Team.test.ts[2m > [22mTeams[2m > [22mbots are on the same team, but can attack each other[32m 10[2mms[22m[39m
 [32mΓ£ô[39m tests/Team.test.ts[2m > [22mTeams[2m > [22mhumans spawn on different teams[32m 4[2mms[22m[39m
 [32mΓ£ô[39m tests/core/pathfinding/UniversalPathFinding.Parabola.test.ts[2m > [22mUniversalPathFinding.Parabola[2m > [22mfindPath[2m > [22mreturns parabolic arc between two points[32m 6[2mms[22m[39m
 [32mΓ£ô[39m tests/core/pathfinding/UniversalPathFinding.Parabola.test.ts[2m > [22mUniversalPathFinding.Parabola[2m > [22mfindPath[2m > [22mthrows error for multiple start points[32m 2[2mms[22m[39m
 [32mΓ£ô[39m tests/core/pathfinding/UniversalPathFinding.Parabola.test.ts[2m > [22mUniversalPathFinding.Parabola[2m > [22mfindPath[2m > [22mhandles same start and end point[32m 1[2mms[22m[39m
 [32mΓ£ô[39m tests/core/pathfinding/UniversalPathFinding.Parabola.test.ts[2m > [22mUniversalPathFinding.Parabola[2m > [22mfindPath[2m > [22mcreates arc across map[32m 1[2mms[22m[39m
 [32mΓ£ô[39m tests/core/pathfinding/UniversalPathFinding.Parabola.test.ts[2m > [22mUniversalPathFinding.Parabola[2m > [22mnext (stepping)[2m > [22mreturns NEXT with node when not at destination[32m 1[2mms[22m[39m
 [32mΓ£ô[39m tests/core/pathfinding/UniversalPathFinding.Parabola.test.ts[2m > [22mUniversalPathFinding.Parabola[2m > [22mnext (stepping)[2m > [22mrespects speed parameter (higher speed = further movement)[32m 2[2mms[22m[39m
 [32mΓ£ô[39m tests/core/pathfinding/UniversalPathFinding.Parabola.test.ts[2m > [22mUniversalPathFinding.Parabola[2m > [22moptions[2m > [22mincrement option affects path density[32m 1[2mms[22m[39m
 [32mΓ£ô[39m tests/core/pathfinding/UniversalPathFinding.Parabola.test.ts[2m > [22mUniversalPathFinding.Parabola[2m > [22moptions[2m > [22mdistanceBasedHeight option affects arc height[32m 1[2mms[22m[39m
 [32mΓ£ô[39m tests/core/pathfinding/UniversalPathFinding.Parabola.test.ts[2m > [22mUniversalPathFinding.Parabola[2m > [22moptions[2m > [22mdirectionUp option affects arc direction[32m 1[2mms[22m[39m
 [32mΓ£ô[39m tests/core/pathfinding/UniversalPathFinding.Parabola.test.ts[2m > [22mUniversalPathFinding.Parabola[2m > [22mcurrentIndex[2m > [22mreturns 0 when no curve[32m 0[2mms[22m[39m
 [32mΓ£ô[39m tests/core/pathfinding/UniversalPathFinding.Parabola.test.ts[2m > [22mUniversalPathFinding.Parabola[2m > [22mcurrentIndex[2m > [22mincrements as path is stepped[32m 3[2mms[22m[39m
 [32mΓ£ô[39m tests/core/pathfinding/UniversalPathFinding.Parabola.test.ts[2m > [22mUniversalPathFinding.Parabola[2m > [22mshort distances[2m > [22mcreates valid arc for distance < 50 (PARABOLA_MIN_HEIGHT)[32m 1[2mms[22m[39m
 [32mΓ£ô[39m tests/core/pathfinding/UniversalPathFinding.Parabola.test.ts[2m > [22mUniversalPathFinding.Parabola[2m > [22mshort distances[2m > [22mcreates valid path for adjacent tiles (distance=1)[32m 1[2mms[22m[39m
 [32mΓ£ô[39m tests/core/pathfinding/UniversalPathFinding.Parabola.test.ts[2m > [22mUniversalPathFinding.Parabola[2m > [22mshort distances[2m > [22mcreates valid path for very short distance (distance=5)[32m 0[2mms[22m[39m
 [32mΓ£ô[39m tests/core/pathfinding/UniversalPathFinding.Parabola.test.ts[2m > [22mUniversalPathFinding.Parabola[2m > [22mmap boundary clipping[2m > [22marc clipped at map top boundary (directionUp near y=0)[32m 1[2mms[22m[39m
 [32mΓ£ô[39m tests/core/pathfinding/UniversalPathFinding.Parabola.test.ts[2m > [22mUniversalPathFinding.Parabola[2m > [22mmap boundary clipping[2m > [22marc clipped at map bottom boundary (directionDown near y=max)[32m 1[2mms[22m[39m
 [32mΓ£ô[39m tests/client/JoinLobbyModal.test.ts[2m > [22mJoinLobbyModal server time offset[2m > [22mupdates serverTimeOffset from lobby serverTime[32m 7[2mms[22m[39m
 [32mΓ£ô[39m tests/client/JoinLobbyModal.test.ts[2m > [22mJoinLobbyModal server time offset[2m > [22mdoes not trigger join timeout early when local clock is ahead[32m 2[2mms[22m[39m
 [32mΓ£ô[39m tests/client/JoinLobbyModal.test.ts[2m > [22mJoinLobbyModal server time offset[2m > [22mtriggers join timeout once adjusted server time reaches lobbyStartAt[32m 13[2mms[22m[39m
 [32mΓ£ô[39m tests/client/graphics/layers/PlayerPanelKick.test.ts[2m > [22mPlayerPanel - kick player moderation[2m > [22mrenders moderation action only when allowed or already kicked[32m 7[2mms[22m[39m
 [32mΓ£ô[39m tests/client/graphics/layers/PlayerPanelKick.test.ts[2m > [22mPlayerPanel - kick player moderation[2m > [22mrenders moderation action when isAdmin=true even if not lobby creator[32m 1[2mms[22m[39m
 [32mΓ£ô[39m tests/client/graphics/layers/PlayerPanelKick.test.ts[2m > [22mPlayerPanel - kick player moderation[2m > [22mopens moderation modal and hides after a kick[32m 2[2mms[22m[39m
 [32mΓ£ô[39m tests/client/graphics/layers/PlayerPanelKick.test.ts[2m > [22mPlayerModerationModal - kick confirmation[2m > [22memits SendKickPlayerIntentEvent and dispatches kicked when confirmed[32m 3[2mms[22m[39m
 [32mΓ£ô[39m tests/client/graphics/layers/PlayerPanelKick.test.ts[2m > [22mPlayerModerationModal - kick confirmation[2m > [22mdoes not emit when confirmation is cancelled[32m 1[2mms[22m[39m
 [32mΓ£ô[39m tests/client/graphics/layers/PlayerPanelKick.test.ts[2m > [22mPlayerModerationModal - kick confirmation[2m > [22mcanKick[2m > [22madmin non-creator can kick a valid other player[32m 0[2mms[22m[39m
 [32mΓ£ô[39m tests/client/graphics/layers/PlayerPanelKick.test.ts[2m > [22mPlayerModerationModal - kick confirmation[2m > [22mcanKick[2m > [22mnon-admin non-creator cannot kick[32m 0[2mms[22m[39m
 [32mΓ£ô[39m tests/client/graphics/layers/PlayerPanelKick.test.ts[2m > [22mPlayerModerationModal - kick confirmation[2m > [22mcanKick[2m > [22madmin cannot kick themselves[32m 0[2mms[22m[39m
 [32mΓ£ô[39m tests/client/graphics/layers/PlayerPanelKick.test.ts[2m > [22mPlayerModerationModal - kick confirmation[2m > [22mcanKick[2m > [22mlobby creator can kick a valid other player[32m 1[2mms[22m[39m
[90mstdout[2m | tests/AllianceDonation.test.ts[2m > [22m[2mAlliance Donation[2m > [22m[2mCan donate gold after alliance formed by reply
[22m[39m[GameImpl] Constructor total: 1ms

[90mstdout[2m | tests/AllianceDonation.test.ts[2m > [22m[2mAlliance Donation[2m > [22m[2mCan donate troops after alliance formed by reply
[22m[39m[GameImpl] Constructor total: 0ms

[90mstdout[2m | tests/AllianceDonation.test.ts[2m > [22m[2mAlliance Donation[2m > [22m[2mCan donate gold after alliance formed by mutual request
[22m[39m[GameImpl] Constructor total: 0ms

[90mstdout[2m | tests/PortExecution.test.ts[2m > [22m[2mPortExecution[2m > [22m[2mDestination ports chances scale with level
[22m[39m[GameImpl] Constructor total: 6ms

[90mstdout[2m | tests/AllianceDonation.test.ts[2m > [22m[2mAlliance Donation[2m > [22m[2mCan donate troops after alliance formed by mutual request
[22m[39m[GameImpl] Constructor total: 0ms

[90mstdout[2m | tests/AllianceDonation.test.ts[2m > [22m[2mAlliance Donation[2m > [22m[2mCan donate immediately after accepting alliance (race condition)
[22m[39m[GameImpl] Constructor total: 0ms

[90mstdout[2m | tests/PortExecution.test.ts[2m > [22m[2mPortExecution[2m > [22m[2mTrade ship proximity bonus
[22m[39m[GameImpl] Constructor total: 0ms

[90mstdout[2m | tests/PortExecution.test.ts[2m > [22m[2mPortExecution[2m > [22m[2mTrade ship short range debuff
[22m[39m[GameImpl] Constructor total: 0ms

 [32mΓ£ô[39m tests/AllianceDonation.test.ts[2m > [22mAlliance Donation[2m > [22mCan donate gold after alliance formed by reply[32m 17[2mms[22m[39m
 [32mΓ£ô[39m tests/AllianceDonation.test.ts[2m > [22mAlliance Donation[2m > [22mCan donate troops after alliance formed by reply[32m 5[2mms[22m[39m
 [32mΓ£ô[39m tests/AllianceDonation.test.ts[2m > [22mAlliance Donation[2m > [22mCan donate gold after alliance formed by mutual request[32m 5[2mms[22m[39m
 [32mΓ£ô[39m tests/AllianceDonation.test.ts[2m > [22mAlliance Donation[2m > [22mCan donate troops after alliance formed by mutual request[32m 4[2mms[22m[39m
 [32mΓ£ô[39m tests/AllianceDonation.test.ts[2m > [22mAlliance Donation[2m > [22mCan donate immediately after accepting alliance (race condition)[32m 11[2mms[22m[39m
 [32mΓ£ô[39m tests/PortExecution.test.ts[2m > [22mPortExecution[2m > [22mDestination ports chances scale with level[32m 21[2mms[22m[39m
 [32mΓ£ô[39m tests/PortExecution.test.ts[2m > [22mPortExecution[2m > [22mTrade ship proximity bonus[32m 4[2mms[22m[39m
 [32mΓ£ô[39m tests/PortExecution.test.ts[2m > [22mPortExecution[2m > [22mTrade ship short range debuff[32m 4[2mms[22m[39m
 [32mΓ£ô[39m tests/client/graphics/UILayer.test.ts[2m > [22mUILayer[2m > [22mshould initialize and redraw canvas[32m 11[2mms[22m[39m
 [32mΓ£ô[39m tests/client/graphics/UILayer.test.ts[2m > [22mUILayer[2m > [22mshould handle unit selection event[32m 6[2mms[22m[39m
 [32mΓ£ô[39m tests/client/graphics/UILayer.test.ts[2m > [22mUILayer[2m > [22mshould add and clear health bars[32m 9[2mms[22m[39m
 [32mΓ£ô[39m tests/client/graphics/UILayer.test.ts[2m > [22mUILayer[2m > [22mshould remove health bars for inactive units[32m 3[2mms[22m[39m
 [32mΓ£ô[39m tests/client/graphics/UILayer.test.ts[2m > [22mUILayer[2m > [22mshould add loading bar for unit[32m 3[2mms[22m[39m
 [32mΓ£ô[39m tests/client/graphics/UILayer.test.ts[2m > [22mUILayer[2m > [22mshould remove loading bar for inactive unit[32m 3[2mms[22m[39m
 [32mΓ£ô[39m tests/client/graphics/UILayer.test.ts[2m > [22mUILayer[2m > [22mshould remove loading bar for a finished progress bar[32m 3[2mms[22m[39m
[90mstdout[2m | tests/core/game/GameImpl.test.ts[2m > [22m[2mGameImpl[2m > [22m[2mDon't become traitor when betraying inactive player
[22m[39m[GameImpl] Constructor total: 0ms

[90mstdout[2m | tests/core/game/GameImpl.test.ts[2m > [22m[2mGameImpl[2m > [22m[2mDo become traitor when betraying active player
[22m[39m[GameImpl] Constructor total: 0ms

 [32mΓ£ô[39m tests/core/game/GameImpl.test.ts[2m > [22mGameImpl[2m > [22mDon't become traitor when betraying inactive player[32m 28[2mms[22m[39m
 [32mΓ£ô[39m tests/core/game/GameImpl.test.ts[2m > [22mGameImpl[2m > [22mDo become traitor when betraying active player[32m 7[2mms[22m[39m
[90mstdout[2m | tests/core/executions/TradeShipExecution.test.ts[2m > [22m[2mTradeShipExecution[2m > [22m[2mshould initialize and tick without errors
[22m[39m[GameImpl] Constructor total: 0ms

[90mstdout[2m | tests/core/executions/TradeShipExecution.test.ts[2m > [22m[2mTradeShipExecution[2m > [22m[2mshould deactivate if tradeShip is not active
[22m[39m[GameImpl] Constructor total: 0ms

[90mstdout[2m | tests/core/executions/TradeShipExecution.test.ts[2m > [22m[2mTradeShipExecution[2m > [22m[2mshould delete ship if port owner changes to current owner
[22m[39m[GameImpl] Constructor total: 0ms

[90mstdout[2m | tests/core/executions/TradeShipExecution.test.ts[2m > [22m[2mTradeShipExecution[2m > [22m[2mshould pick another port if ship is captured
[22m[39m[GameImpl] Constructor total: 0ms

[90mstdout[2m | tests/core/executions/TradeShipExecution.test.ts[2m > [22m[2mTradeShipExecution[2m > [22m[2mshould complete trade and award gold
[22m[39m[GameImpl] Constructor total: 0ms

 [32mΓ£ô[39m tests/core/executions/TradeShipExecution.test.ts[2m > [22mTradeShipExecution[2m > [22mshould initialize and tick without errors[32m 15[2mms[22m[39m
 [32mΓ£ô[39m tests/core/executions/TradeShipExecution.test.ts[2m > [22mTradeShipExecution[2m > [22mshould deactivate if tradeShip is not active[32m 4[2mms[22m[39m
 [32mΓ£ô[39m tests/core/executions/TradeShipExecution.test.ts[2m > [22mTradeShipExecution[2m > [22mshould delete ship if port owner changes to current owner[32m 5[2mms[22m[39m
 [32mΓ£ô[39m tests/core/executions/TradeShipExecution.test.ts[2m > [22mTradeShipExecution[2m > [22mshould pick another port if ship is captured[32m 6[2mms[22m[39m
 [32mΓ£ô[39m tests/core/executions/TradeShipExecution.test.ts[2m > [22mTradeShipExecution[2m > [22mshould complete trade and award gold[32m 5[2mms[22m[39m
 [32mΓ£ô[39m tests/Colors.test.ts[2m > [22mColorAllocator[2m > [22mreturns a unique color for each new ID[32m 8[2mms[22m[39m
 [32mΓ£ô[39m tests/Colors.test.ts[2m > [22mColorAllocator[2m > [22mreturns the same color for the same ID[32m 1[2mms[22m[39m
 [32mΓ£ô[39m tests/Colors.test.ts[2m > [22mColorAllocator[2m > [22mfalls back when colors are exhausted[32m 2[2mms[22m[39m
 [32mΓ£ô[39m tests/Colors.test.ts[2m > [22mColorAllocator[2m > [22massignBotColor returns deterministic color from botColors[32m 1[2mms[22m[39m
 [32mΓ£ô[39m tests/Colors.test.ts[2m > [22mColorAllocator[2m > [22massignTeamColor returns the base color from the team[32m 5[2mms[22m[39m
 [32mΓ£ô[39m tests/Colors.test.ts[2m > [22mColorAllocator[2m > [22massignTeamPlayerColor always returns the same color for the same playerID[32m 1[2mms[22m[39m
 [32mΓ£ô[39m tests/Colors.test.ts[2m > [22mColorAllocator[2m > [22massignTeamPlayerColor returns a different color when the playerID is different[32m 1[2mms[22m[39m
 [32mΓ£ô[39m tests/Colors.test.ts[2m > [22mselectDistinctColor[2m > [22mreturns the most distant color[32m 1[2mms[22m[39m
 [32mΓ£ô[39m tests/TeamAssignment.test.ts[2m > [22massignTeams[2m > [22mshould assign players to teams when no clans are present[32m 5[2mms[22m[39m
 [32mΓ£ô[39m tests/TeamAssignment.test.ts[2m > [22massignTeams[2m > [22mshould keep clan members together on the same team[32m 1[2mms[22m[39m
 [32mΓ£ô[39m tests/TeamAssignment.test.ts[2m > [22massignTeams[2m > [22mshould handle mixed clan and non-clan players[32m 1[2mms[22m[39m
 [32mΓ£ô[39m tests/TeamAssignment.test.ts[2m > [22massignTeams[2m > [22mshould kick players when teams are full[32m 1[2mms[22m[39m
 [32mΓ£ô[39m tests/TeamAssignment.test.ts[2m > [22massignTeams[2m > [22mshould handle empty player list[32m 0[2mms[22m[39m
 [32mΓ£ô[39m tests/TeamAssignment.test.ts[2m > [22massignTeams[2m > [22mshould handle single player[32m 0[2mms[22m[39m
 [32mΓ£ô[39m tests/TeamAssignment.test.ts[2m > [22massignTeams[2m > [22mshould handle multiple clans with different sizes[32m 1[2mms[22m[39m
 [32mΓ£ô[39m tests/TeamAssignment.test.ts[2m > [22massignTeams[2m > [22mshould distribute players among a larger number of teams[32m 1[2mms[22m[39m
[90mstdout[2m | tests/server/KickPlayerAuthorization.test.ts
[22m[39mΓùç injected env (0) from .env // tip: Γîÿ enable debugging { debug: true }
No OTLP endpoint and credentials provided, remote logging disabled

 [32mΓ£ô[39m tests/server/KickPlayerAuthorization.test.ts[2m > [22mGameServer - kick_player authorization[2m > [22mlobby creator can kick another player with lobby_creator reason[32m 14[2mms[22m[39m
 [32mΓ£ô[39m tests/server/KickPlayerAuthorization.test.ts[2m > [22mGameServer - kick_player authorization[2m > [22madmin-flared player can kick another player with admin reason[32m 6[2mms[22m[39m
 [32mΓ£ô[39m tests/server/KickPlayerAuthorization.test.ts[2m > [22mGameServer - kick_player authorization[2m > [22mnon-creator non-admin cannot kick[32m 2[2mms[22m[39m
 [32mΓ£ô[39m tests/server/KickPlayerAuthorization.test.ts[2m > [22mGameServer - kick_player authorization[2m > [22mcannot kick yourself even as lobby creator[32m 1[2mms[22m[39m
 [32mΓ£ô[39m tests/AutoUpgrade.test.ts[2m > [22mAutoUpgrade Feature[2m > [22mAutoUpgradeEvent[2m > [22mshould create AutoUpgradeEvent with correct coordinates[32m 4[2mms[22m[39m
 [32mΓ£ô[39m tests/AutoUpgrade.test.ts[2m > [22mAutoUpgrade Feature[2m > [22mAutoUpgradeEvent[2m > [22mshould emit AutoUpgradeEvent when created[32m 6[2mms[22m[39m
 [32mΓ£ô[39m tests/AutoUpgrade.test.ts[2m > [22mAutoUpgrade Feature[2m > [22mAutoUpgradeEvent Integration[2m > [22mshould handle multiple AutoUpgradeEvents[32m 1[2mms[22m[39m
 [32mΓ£ô[39m tests/AutoUpgrade.test.ts[2m > [22mAutoUpgrade Feature[2m > [22mAutoUpgradeEvent Integration[2m > [22mshould handle AutoUpgradeEvent with zero coordinates[32m 1[2mms[22m[39m
 [32mΓ£ô[39m tests/AutoUpgrade.test.ts[2m > [22mAutoUpgrade Feature[2m > [22mAutoUpgradeEvent Integration[2m > [22mshould handle AutoUpgradeEvent with negative coordinates[32m 0[2mms[22m[39m
 [32mΓ£ô[39m tests/AutoUpgrade.test.ts[2m > [22mAutoUpgrade Feature[2m > [22mAutoUpgradeEvent Integration[2m > [22mshould handle AutoUpgradeEvent with decimal coordinates[32m 0[2mms[22m[39m
 [32mΓ£ô[39m tests/AutoUpgrade.test.ts[2m > [22mAutoUpgrade Feature[2m > [22mAutoUpgradeEvent Event Bus Integration[2m > [22mshould allow event listeners to subscribe to AutoUpgradeEvent[32m 1[2mms[22m[39m
 [32mΓ£ô[39m tests/AutoUpgrade.test.ts[2m > [22mAutoUpgrade Feature[2m > [22mAutoUpgradeEvent Event Bus Integration[2m > [22mshould allow multiple listeners for AutoUpgradeEvent[32m 1[2mms[22m[39m
 [32mΓ£ô[39m tests/AutoUpgrade.test.ts[2m > [22mAutoUpgrade Feature[2m > [22mAutoUpgradeEvent Event Bus Integration[2m > [22mshould not call unsubscribed listeners[32m 1[2mms[22m[39m
 [32mΓ£ô[39m tests/AutoUpgrade.test.ts[2m > [22mAutoUpgrade Feature[2m > [22mAutoUpgradeEvent Edge Cases[2m > [22mshould handle very large coordinates[32m 1[2mms[22m[39m
 [32mΓ£ô[39m tests/AutoUpgrade.test.ts[2m > [22mAutoUpgrade Feature[2m > [22mAutoUpgradeEvent Edge Cases[2m > [22mshould handle very small coordinates[32m 0[2mms[22m[39m
 [32mΓ£ô[39m tests/AutoUpgrade.test.ts[2m > [22mAutoUpgrade Feature[2m > [22mAutoUpgradeEvent Edge Cases[2m > [22mshould handle NaN coordinates[32m 1[2mms[22m[39m
 [32mΓ£ô[39m tests/AutoUpgrade.test.ts[2m > [22mAutoUpgrade Feature[2m > [22mAutoUpgradeEvent Edge Cases[2m > [22mshould handle Infinity coordinates[32m 0[2mms[22m[39m
 [32mΓ£ô[39m tests/AutoUpgrade.test.ts[2m > [22mAutoUpgrade Feature[2m > [22mAutoUpgradeEvent Serialization[2m > [22mshould maintain coordinate precision[32m 0[2mms[22m[39m
 [32mΓ£ô[39m tests/AutoUpgrade.test.ts[2m > [22mAutoUpgrade Feature[2m > [22mAutoUpgradeEvent Serialization[2m > [22mshould handle string conversion[32m 0[2mms[22m[39m
 [32mΓ£ô[39m tests/ResolveCosmetics.test.ts[2m > [22mresolveCosmetics[2m > [22mreturns empty array for null cosmetics[32m 4[2mms[22m[39m
 [32mΓ£ô[39m tests/ResolveCosmetics.test.ts[2m > [22mresolveCosmetics[2m > [22malways includes default pattern as first item, owned[32m 1[2mms[22m[39m
 [32mΓ£ô[39m tests/ResolveCosmetics.test.ts[2m > [22mresolveCosmetics[2m > [22mpatterns[2m > [22mexpands pattern ├ù colorPalettes + null palette[32m 4[2mms[22m[39m
 [32mΓ£ô[39m tests/ResolveCosmetics.test.ts[2m > [22mresolveCosmetics[2m > [22mpatterns[2m > [22mresolves color palette from cosmetics.colorPalettes[32m 1[2mms[22m[39m
 [32mΓ£ô[39m tests/ResolveCosmetics.test.ts[2m > [22mresolveCosmetics[2m > [22mpatterns[2m > [22mnull palette entry has null colorPalette[32m 0[2mms[22m[39m
 [32mΓ£ô[39m tests/ResolveCosmetics.test.ts[2m > [22mresolveCosmetics[2m > [22mpatterns[2m > [22mpattern with no colorPalettes produces single null-palette entry[32m 1[2mms[22m[39m
 [32mΓ£ô[39m tests/ResolveCosmetics.test.ts[2m > [22mresolveCosmetics[2m > [22mpatterns[2m > [22mpurchasable when user has no flares and product exists[32m 1[2mms[22m[39m
 [32mΓ£ô[39m tests/ResolveCosmetics.test.ts[2m > [22mresolveCosmetics[2m > [22mpatterns[2m > [22mowned when user has specific flare[32m 0[2mms[22m[39m
 [32mΓ£ô[39m tests/ResolveCosmetics.test.ts[2m > [22mresolveCosmetics[2m > [22mpatterns[2m > [22mowned when user has wildcard flare[32m 1[2mms[22m[39m
 [32mΓ£ô[39m tests/ResolveCosmetics.test.ts[2m > [22mresolveCosmetics[2m > [22mpatterns[2m > [22mblocked when affiliate code mismatch[32m 0[2mms[22m[39m
 [32mΓ£ô[39m tests/ResolveCosmetics.test.ts[2m > [22mresolveCosmetics[2m > [22mpatterns[2m > [22mpurchasable when affiliate code matches[32m 0[2mms[22m[39m
 [32mΓ£ô[39m tests/ResolveCosmetics.test.ts[2m > [22mresolveCosmetics[2m > [22mpatterns[2m > [22marchived palette is blocked unless owned[32m 0[2mms[22m[39m
 [32mΓ£ô[39m tests/ResolveCosmetics.test.ts[2m > [22mresolveCosmetics[2m > [22mpatterns[2m > [22marchived palette is owned when user has specific flare[32m 0[2mms[22m[39m
 [32mΓ£ô[39m tests/ResolveCosmetics.test.ts[2m > [22mresolveCosmetics[2m > [22mflags[2m > [22mincludes flags with correct key[32m 0[2mms[22m[39m
 [32mΓ£ô[39m tests/ResolveCosmetics.test.ts[2m > [22mresolveCosmetics[2m > [22mflags[2m > [22mpurchasable when not logged in and product exists[32m 0[2mms[22m[39m
 [32mΓ£ô[39m tests/ResolveCosmetics.test.ts[2m > [22mresolveCosmetics[2m > [22mflags[2m > [22mowned with wildcard flare[32m 0[2mms[22m[39m
 [32mΓ£ô[39m tests/ResolveCosmetics.test.ts[2m > [22mresolveCosmetics[2m > [22mflags[2m > [22mowned with specific flare[32m 0[2mms[22m[39m
 [32mΓ£ô[39m tests/ResolveCosmetics.test.ts[2m > [22mresolveCosmetics[2m > [22mflags[2m > [22mblocked with no product[32m 0[2mms[22m[39m
 [32mΓ£ô[39m tests/ResolveCosmetics.test.ts[2m > [22mresolveCosmetics[2m > [22mmixed cosmetics[2m > [22mreturns all types in order: default, patterns, flags[32m 1[2mms[22m[39m
 [32mΓ£ô[39m tests/core/game/Cluster.test.ts[2m > [22mCluster tests[2m > [22maddStation adds a station and sets cluster[32m 6[2mms[22m[39m
 [32mΓ£ô[39m tests/core/game/Cluster.test.ts[2m > [22mCluster tests[2m > [22mremoveStation removes station from cluster[32m 1[2mms[22m[39m
 [32mΓ£ô[39m tests/core/game/Cluster.test.ts[2m > [22mCluster tests[2m > [22maddStations adds multiple stations and sets cluster[32m 2[2mms[22m[39m
 [32mΓ£ô[39m tests/core/game/Cluster.test.ts[2m > [22mCluster tests[2m > [22mmerge combines stations from another cluster[32m 2[2mms[22m[39m
 [32mΓ£ô[39m tests/core/game/Cluster.test.ts[2m > [22mCluster tests[2m > [22mhas returns false for non-member stations[32m 1[2mms[22m[39m
 [32mΓ£ô[39m tests/client/clan/ClanApiSchemas.test.ts[2m > [22mClanInfoSchema[2m > [22maccepts valid data with ISO datetime createdAt[32m 7[2mms[22m[39m
 [32mΓ£ô[39m tests/client/clan/ClanApiSchemas.test.ts[2m > [22mClanInfoSchema[2m > [22mrejects non-ISO strings for createdAt[32m 2[2mms[22m[39m
 [32mΓ£ô[39m tests/client/clan/ClanApiSchemas.test.ts[2m > [22mClanInfoSchema[2m > [22maccepts data without optional createdAt[32m 0[2mms[22m[39m
 [32mΓ£ô[39m tests/client/clan/ClanApiSchemas.test.ts[2m > [22mClanInfoSchema[2m > [22maccepts data without optional memberCount[32m 0[2mms[22m[39m
 [32mΓ£ô[39m tests/client/clan/ClanApiSchemas.test.ts[2m > [22mClanInfoSchema[2m > [22maccepts data with neither createdAt nor memberCount[32m 0[2mms[22m[39m
 [32mΓ£ô[39m tests/client/clan/ClanApiSchemas.test.ts[2m > [22mClanMemberSchema[2m > [22maccepts a valid member with ISO datetime joinedAt[32m 3[2mms[22m[39m
 [32mΓ£ô[39m tests/client/clan/ClanApiSchemas.test.ts[2m > [22mClanMemberSchema[2m > [22mrejects a plain string for joinedAt[32m 1[2mms[22m[39m
 [32mΓ£ô[39m tests/client/clan/ClanApiSchemas.test.ts[2m > [22mClanMemberSchema[2m > [22mrejects null publicId[32m 1[2mms[22m[39m
 [32mΓ£ô[39m tests/client/clan/ClanApiSchemas.test.ts[2m > [22mClanMemberSchema[2m > [22maccepts stats with total/ffa/team/ranked/1v1 win-loss breakdown[32m 3[2mms[22m[39m
 [32mΓ£ô[39m tests/client/clan/ClanApiSchemas.test.ts[2m > [22mClanMemberSchema[2m > [22mtreats stats as optional for backwards compatibility[32m 1[2mms[22m[39m
 [32mΓ£ô[39m tests/client/clan/ClanApiSchemas.test.ts[2m > [22mClanMemberSchema[2m > [22mrejects stats missing a bucket[32m 2[2mms[22m[39m
 [32mΓ£ô[39m tests/client/clan/ClanApiSchemas.test.ts[2m > [22mClanJoinRequestSchema[2m > [22maccepts a valid join request with ISO datetime createdAt[32m 1[2mms[22m[39m
 [32mΓ£ô[39m tests/client/clan/ClanApiSchemas.test.ts[2m > [22mClanJoinRequestSchema[2m > [22mrejects a plain string for createdAt[32m 0[2mms[22m[39m
 [32mΓ£ô[39m tests/client/clan/ClanApiSchemas.test.ts[2m > [22mClanStatsSchema[2m > [22maccepts a valid clan tag (2-5 alphanumeric chars)[32m 3[2mms[22m[39m
 [32mΓ£ô[39m tests/client/clan/ClanApiSchemas.test.ts[2m > [22mClanStatsSchema[2m > [22mrejects tags that are too short[32m 1[2mms[22m[39m
 [32mΓ£ô[39m tests/client/clan/ClanApiSchemas.test.ts[2m > [22mClanStatsSchema[2m > [22mrejects tags that are too long[32m 0[2mms[22m[39m
 [32mΓ£ô[39m tests/client/clan/ClanApiSchemas.test.ts[2m > [22mClanStatsSchema[2m > [22mrejects tags with non-alphanumeric characters[32m 0[2mms[22m[39m
 [32mΓ£ô[39m tests/client/clan/ClanApiSchemas.test.ts[2m > [22mClanBanSchema[2m > [22maccepts a valid ban with reason[32m 1[2mms[22m[39m
 [32mΓ£ô[39m tests/client/clan/ClanApiSchemas.test.ts[2m > [22mClanBanSchema[2m > [22maccepts a ban with null reason[32m 0[2mms[22m[39m
 [32mΓ£ô[39m tests/client/clan/ClanApiSchemas.test.ts[2m > [22mClanBanSchema[2m > [22mrejects a ban with missing reason field[32m 1[2mms[22m[39m
 [32mΓ£ô[39m tests/client/clan/ClanApiSchemas.test.ts[2m > [22mClanBanSchema[2m > [22mrejects a non-ISO string for createdAt[32m 1[2mms[22m[39m
 [32mΓ£ô[39m tests/client/clan/ClanApiSchemas.test.ts[2m > [22mClanBanSchema[2m > [22mrejects null bannedBy[32m 0[2mms[22m[39m
 [32mΓ£ô[39m tests/StatsSchema.test.ts[2m > [22mStatsSchema[2m > [22mParse empty[32m 5[2mms[22m[39m
 [32mΓ£ô[39m tests/StatsSchema.test.ts[2m > [22mStatsSchema[2m > [22mParse partial[32m 3[2mms[22m[39m
 [32mΓ£ô[39m tests/StatsSchema.test.ts[2m > [22mStatsSchema[2m > [22mParse invalid[32m 2[2mms[22m[39m
 [32mΓ£ô[39m tests/StatsSchema.test.ts[2m > [22mStatsSchema[2m > [22mParse failure[32m 2[2mms[22m[39m
 [32mΓ£ô[39m tests/StatsSchema.test.ts[2m > [22mStatsSchema[2m > [22mnull array elements coerce to 0n (LEFT JOIN rows with no stats)[32m 1[2mms[22m[39m
 [32mΓ£ô[39m tests/StatsSchema.test.ts[2m > [22mPlayerStatsLeafSchema[2m > [22mnull stat values coerce to 0n[32m 1[2mms[22m[39m
 [32mΓ£ô[39m tests/StatsSchema.test.ts[2m > [22mPlayerStatsLeafSchema[2m > [22mmissing required field (wins) still fails ΓÇö undefined is not coerced[32m 1[2mms[22m[39m
 [32mΓ£ô[39m tests/server/ClientMsgRateLimiter.test.ts[2m > [22mClientMsgRateLimiter[2m > [22mintent messages[2m > [22mallows intents within limits[32m 5[2mms[22m[39m
 [32mΓ£ô[39m tests/server/ClientMsgRateLimiter.test.ts[2m > [22mClientMsgRateLimiter[2m > [22mintent messages[2m > [22mlimits when per-second count exceeded[32m 1[2mms[22m[39m
 [32mΓ£ô[39m tests/server/ClientMsgRateLimiter.test.ts[2m > [22mClientMsgRateLimiter[2m > [22mintent messages[2m > [22mrate limits are per client[32m 0[2mms[22m[39m
 [32mΓ£ô[39m tests/server/ClientMsgRateLimiter.test.ts[2m > [22mClientMsgRateLimiter[2m > [22mintent messages[2m > [22mallows intents up to MAX_INTENT_SIZE[32m 0[2mms[22m[39m
 [32mΓ£ô[39m tests/server/ClientMsgRateLimiter.test.ts[2m > [22mClientMsgRateLimiter[2m > [22mintent messages[2m > [22mkicks intents exceeding MAX_INTENT_SIZE[32m 0[2mms[22m[39m
 [32mΓ£ô[39m tests/server/ClientMsgRateLimiter.test.ts[2m > [22mClientMsgRateLimiter[2m > [22mnon-intent messages[2m > [22mdoes not rate-limit non-intent messages[32m 1[2mms[22m[39m
 [32mΓ£ô[39m tests/server/ClientMsgRateLimiter.test.ts[2m > [22mClientMsgRateLimiter[2m > [22mnon-intent messages[2m > [22mdoes not rate-limit ping messages[32m 1[2mms[22m[39m
 [32mΓ£ô[39m tests/server/ClientMsgRateLimiter.test.ts[2m > [22mClientMsgRateLimiter[2m > [22mtotal bytes limit[2m > [22mkicks when cumulative bytes reach 2MB[32m 0[2mms[22m[39m
 [32mΓ£ô[39m tests/server/ClientMsgRateLimiter.test.ts[2m > [22mClientMsgRateLimiter[2m > [22mtotal bytes limit[2m > [22mbyte tracking is per client[32m 1[2mms[22m[39m
 [32mΓ£ô[39m tests/server/ClientMsgRateLimiter.test.ts[2m > [22mClientMsgRateLimiter[2m > [22mtotal bytes limit[2m > [22mkicks on bytes regardless of message type[32m 0[2mms[22m[39m
 [32mΓ£ô[39m tests/AssetUrls.test.ts[2m > [22mAssetUrls[2m > [22mreturns hashed URLs for direct asset matches[32m 3[2mms[22m[39m
 [32mΓ£ô[39m tests/AssetUrls.test.ts[2m > [22mAssetUrls[2m > [22mfalls back to the unversioned path when manifest has no match[32m 1[2mms[22m[39m
 [32mΓ£ô[39m tests/AssetUrls.test.ts[2m > [22mAssetUrls[2m > [22mfalls back to the unversioned path for directory-like paths[32m 0[2mms[22m[39m
 [32mΓ£ô[39m tests/AssetUrls.test.ts[2m > [22mAssetUrls[2m > [22mrejects dot segments in asset paths[32m 2[2mms[22m[39m
 [32mΓ£ô[39m tests/AssetUrls.test.ts[2m > [22mAssetUrls[2m > [22mrejects empty asset paths[32m 1[2mms[22m[39m
 [32mΓ£ô[39m tests/AssetUrls.test.ts[2m > [22mAssetUrls[2m > [22mprefixes baseUrl onto hashed URLs when provided[32m 0[2mms[22m[39m
 [32mΓ£ô[39m tests/AssetUrls.test.ts[2m > [22mAssetUrls[2m > [22mpreserves direct URL when baseUrl is empty string[32m 0[2mms[22m[39m
 [32mΓ£ô[39m tests/AssetUrls.test.ts[2m > [22mAssetUrls[2m > [22mreturns absolute http(s) URLs unchanged and ignores baseUrl[32m 0[2mms[22m[39m
 [32mΓ£ô[39m tests/AssetUrls.test.ts[2m > [22mAssetUrls[2m > [22mdoes not prefix baseUrl on manifest misses[32m 1[2mms[22m[39m
 [32mΓ£ô[39m tests/AssetUrls.test.ts[2m > [22mAssetUrls[2m > [22mstrips trailing slashes on baseUrl to avoid double slash[32m 0[2mms[22m[39m
 [32mΓ£ô[39m tests/AssetUrls.test.ts[2m > [22mrewriteAssetsForCdn[2m > [22mrewrites src=/assets/ to EJS placeholder[32m 1[2mms[22m[39m
 [32mΓ£ô[39m tests/AssetUrls.test.ts[2m > [22mrewriteAssetsForCdn[2m > [22mrewrites href=/assets/ for modulepreload and stylesheet links[32m 0[2mms[22m[39m
 [32mΓ£ô[39m tests/AssetUrls.test.ts[2m > [22mrewriteAssetsForCdn[2m > [22msupports single-quoted attribute values[32m 0[2mms[22m[39m
 [32mΓ£ô[39m tests/AssetUrls.test.ts[2m > [22mrewriteAssetsForCdn[2m > [22mdoes not rewrite /_assets/ (underscore manifest paths)[32m 0[2mms[22m[39m
 [32mΓ£ô[39m tests/AssetUrls.test.ts[2m > [22mrewriteAssetsForCdn[2m > [22mdoes not rewrite already-absolute asset URLs[32m 0[2mms[22m[39m
 [32mΓ£ô[39m tests/AssetUrls.test.ts[2m > [22mrewriteAssetsForCdn[2m > [22mdoes not mangle /assets/ inside inline script string literals[32m 0[2mms[22m[39m
 [32mΓ£ô[39m tests/AssetUrls.test.ts[2m > [22mrewriteAssetsForCdn[2m > [22mdoes not match data-src or other custom attributes[32m 0[2mms[22m[39m
 [32mΓ£ô[39m tests/GameInfoRanking.test.ts[2m > [22mRanking class[2m > [22msummarizes players correctly[32m 5[2mms[22m[39m
 [32mΓ£ô[39m tests/GameInfoRanking.test.ts[2m > [22mRanking class[2m > [22mcorrectly identifies winner[32m 1[2mms[22m[39m
 [32mΓ£ô[39m tests/GameInfoRanking.test.ts[2m > [22mRanking class[2m > [22mrank by total gold[32m 2[2mms[22m[39m
 [32mΓ£ô[39m tests/GameInfoRanking.test.ts[2m > [22mRanking class[2m > [22mrank by stolen gold[32m 1[2mms[22m[39m
 [32mΓ£ô[39m tests/GameInfoRanking.test.ts[2m > [22mRanking class[2m > [22mrank by hydros[32m 0[2mms[22m[39m
 [32mΓ£ô[39m tests/GameInfoRanking.test.ts[2m > [22mRanking class[2m > [22mlifetime score is percentage of duration[32m 0[2mms[22m[39m
 [32mΓ£ô[39m tests/GameInfoRanking.test.ts[2m > [22mRanking class[2m > [22mlifetime score gives 100 when alive[32m 0[2mms[22m[39m
 [32mΓ£ô[39m tests/GameInfoRanking.test.ts[2m > [22mRanking class[2m > [22mwinners should be ahead of players with same score[32m 0[2mms[22m[39m
 [32mΓ£ô[39m tests/GameInfoRanking.test.ts[2m > [22mRanking class[2m > [22mgold scores work correctly[32m 1[2mms[22m[39m
 [32mΓ£ô[39m tests/core/pathfinding/PathFinderStepper.test.ts[2m > [22mPathFinderStepper[2m > [22mnext[2m > [22mreturns COMPLETE when at destination[32m 4[2mms[22m[39m
 [32mΓ£ô[39m tests/core/pathfinding/PathFinderStepper.test.ts[2m > [22mPathFinderStepper[2m > [22mnext[2m > [22mreturns NEXT with path nodes sequentially[32m 1[2mms[22m[39m
 [32mΓ£ô[39m tests/core/pathfinding/PathFinderStepper.test.ts[2m > [22mPathFinderStepper[2m > [22mnext[2m > [22mreturns NOT_FOUND when no path exists[32m 0[2mms[22m[39m
 [32mΓ£ô[39m tests/core/pathfinding/PathFinderStepper.test.ts[2m > [22mPathFinderStepper[2m > [22mnext[2m > [22mrecomputes path when moved off-path[32m 0[2mms[22m[39m
 [32mΓ£ô[39m tests/core/pathfinding/PathFinderStepper.test.ts[2m > [22mPathFinderStepper[2m > [22mnext[2m > [22mrecomputes path when destination changes[32m 0[2mms[22m[39m
 [32mΓ£ô[39m tests/core/pathfinding/PathFinderStepper.test.ts[2m > [22mPathFinderStepper[2m > [22minvalidate[2m > [22mclears cached path so next recomputes[32m 0[2mms[22m[39m
 [32mΓ£ô[39m tests/core/pathfinding/PathFinderStepper.test.ts[2m > [22mPathFinderStepper[2m > [22mfindPath[2m > [22mdelegates to inner finder[32m 1[2mms[22m[39m
 [32mΓ£ô[39m tests/core/pathfinding/PathFinderStepper.test.ts[2m > [22mPathFinderStepper[2m > [22mfindPath[2m > [22msupports multi-source[32m 0[2mms[22m[39m
 [32mΓ£ô[39m tests/core/pathfinding/PathFinderStepper.test.ts[2m > [22mPathFinderStepper[2m > [22mcustom equals[2m > [22muses custom equals function for position comparison[32m 1[2mms[22m[39m
[90mstdout[2m | tests/TerritoryCapture.test.ts[2m > [22m[2mTerritory management[2m > [22m[2mplayer owns the tile it spawns on
[22m[39m[GameImpl] Constructor total: 0ms

 [32mΓ£ô[39m tests/TerritoryCapture.test.ts[2m > [22mTerritory management[2m > [22mplayer owns the tile it spawns on[32m 27[2mms[22m[39m
[90mstdout[2m | tests/core/configuration/ConfigLoader.test.ts[2m > [22m[2mConfigLoader[2m > [22m[2muses runtime bootstrap config without fetching /api/env
[22m[39musing preprod server config

[90mstdout[2m | tests/core/configuration/ConfigLoader.test.ts[2m > [22m[2mConfigLoader[2m > [22m[2mmaps staging builds to the default game logic config
[22m[39musing default game logic config
using default game logic config

 [32mΓ£ô[39m tests/core/configuration/ConfigLoader.test.ts[2m > [22mConfigLoader[2m > [22muses runtime bootstrap config without fetching /api/env[32m 6[2mms[22m[39m
 [32mΓ£ô[39m tests/core/configuration/ConfigLoader.test.ts[2m > [22mConfigLoader[2m > [22mmaps staging builds to the default game logic config[32m 4[2mms[22m[39m
 [32mΓ£ô[39m tests/MessageTypeClasses.test.ts[2m > [22mgetMessageTypeClasses[2m > [22mshould return a valid CSS class for every MessageType[32m 9[2mms[22m[39m
 [32mΓ£ô[39m tests/MessageTypeClasses.test.ts[2m > [22mgetMessageTypeClasses[2m > [22mshould not trigger console.warn for any MessageType[32m 2[2mms[22m[39m
 [32mΓ£ô[39m tests/MessageTypeClasses.test.ts[2m > [22mgetMessageTypeClasses[2m > [22mshould return white color and warn for unknown message types[32m 2[2mms[22m[39m
 [32mΓ£ô[39m tests/FindAndUpgradeNearestBuilding.test.ts[2m > [22mfindAndUpgradeNearestBuilding[2m > [22mno SAM nearby[2m > [22mupgrades DefensePost when it is the only upgradeable building[32m 8[2mms[22m[39m
 [32mΓ£ô[39m tests/FindAndUpgradeNearestBuilding.test.ts[2m > [22mfindAndUpgradeNearestBuilding[2m > [22mno SAM nearby[2m > [22mdoes nothing when no buildings are upgradeable[32m 1[2mms[22m[39m
 [32mΓ£ô[39m tests/FindAndUpgradeNearestBuilding.test.ts[2m > [22mfindAndUpgradeNearestBuilding[2m > [22mSAM nearby ΓÇö the bug scenario[2m > [22mdoes NOT upgrade DefensePost when unaffordable SAM is closer to click[32m 7[2mms[22m[39m
 [32mΓ£ô[39m tests/FindAndUpgradeNearestBuilding.test.ts[2m > [22mfindAndUpgradeNearestBuilding[2m > [22mSAM nearby ΓÇö the bug scenario[2m > [22mDOES upgrade DefensePost when unaffordable SAM is farther than DefensePost[32m 3[2mms[22m[39m
 [32mΓ£ô[39m tests/FindAndUpgradeNearestBuilding.test.ts[2m > [22mfindAndUpgradeNearestBuilding[2m > [22mSAM nearby ΓÇö the bug scenario[2m > [22mdoes NOT upgrade Factory when unaffordable City is closer (Evan's scenario)[32m 1[2mms[22m[39m
 [32mΓ£ô[39m tests/FindAndUpgradeNearestBuilding.test.ts[2m > [22mfindAndUpgradeNearestBuilding[2m > [22mSAM nearby ΓÇö the bug scenario[2m > [22mupgrades SAM when it IS affordable[32m 1[2mms[22m[39m
 [32mΓ£ô[39m tests/FindAndUpgradeNearestBuilding.test.ts[2m > [22mfindAndUpgradeNearestBuilding[2m > [22mmultiple upgradeable buildings[2m > [22mpicks the closest upgradeable building when no SAM nearby[32m 1[2mms[22m[39m
 [32mΓ£ô[39m tests/FindAndUpgradeNearestBuilding.test.ts[2m > [22mfindAndUpgradeNearestBuilding[2m > [22mmultiple upgradeable buildings[2m > [22mupgrades SAM when both SAM and DefensePost are upgradeable and SAM is closer[32m 1[2mms[22m[39m
[90mstdout[2m | tests/core/pathfinding/PathFinding.Rail.test.ts[2m > [22m[2mPathFinding.Rail
[22m[39m[GameImpl] Constructor total: 0ms

 [32mΓ£ô[39m tests/core/pathfinding/PathFinding.Rail.test.ts[2m > [22mPathFinding.Rail[2m > [22mfindPath[2m > [22mfinds path on land tiles[32m 4[2mms[22m[39m
 [32mΓ£ô[39m tests/radialMenuElements.test.ts[2m > [22mRadialMenuElements ally break[2m > [22mshows break option with correct color when allied[32m 5[2mms[22m[39m
 [32mΓ£ô[39m tests/radialMenuElements.test.ts[2m > [22mRadialMenuElements ally break[2m > [22mshows break option with orange color when allied to traitor[32m 1[2mms[22m[39m
 [32mΓ£ô[39m tests/radialMenuElements.test.ts[2m > [22mRadialMenuElements ally break[2m > [22mshows boat button instead of break when allied to disconnected player[32m 1[2mms[22m[39m
 [32mΓ£ô[39m tests/radialMenuElements.test.ts[2m > [22mRadialMenuElements ally break[2m > [22mbreak action calls handleBreakAlliance and closes menu[32m 3[2mms[22m[39m
 [32mΓ£ô[39m tests/server/Archive.test.ts[2m > [22marchive() singleplayer flag sanitization[2m > [22mpreserves same-origin country flag paths[32m 5[2mms[22m[39m
 [32mΓ£ô[39m tests/server/Archive.test.ts[2m > [22marchive() singleplayer flag sanitization[2m > [22mpreserves manifest-resolved asset paths[32m 1[2mms[22m[39m
 [32mΓ£ô[39m tests/server/Archive.test.ts[2m > [22marchive() singleplayer flag sanitization[2m > [22mpreserves cosmetic flag URLs that are in the trusted set[32m 1[2mms[22m[39m
 [32mΓ£ô[39m tests/server/Archive.test.ts[2m > [22marchive() singleplayer flag sanitization[2m > [22mdrops attacker-controlled URLs not in the trusted set[32m 1[2mms[22m[39m
 [32mΓ£ô[39m tests/server/Archive.test.ts[2m > [22marchive() singleplayer flag sanitization[2m > [22mdrops http URLs regardless of case[32m 1[2mms[22m[39m
 [32mΓ£ô[39m tests/server/Archive.test.ts[2m > [22marchive() singleplayer flag sanitization[2m > [22mpreserves untouched player when no flag is set[32m 0[2mms[22m[39m
 [32mΓ£ô[39m tests/server/Archive.test.ts[2m > [22marchive() singleplayer flag sanitization[2m > [22mdrops absolute URLs even when the trusted set is omitted[32m 1[2mms[22m[39m
 [32mΓ£ô[39m tests/server/Archive.test.ts[2m > [22marchive() multiplayer paths skip sanitization[2m > [22mdoes not modify cosmetics for public games[32m 0[2mms[22m[39m
 [32mΓ£ô[39m tests/server/Archive.test.ts[2m > [22marchive() multiplayer paths skip sanitization[2m > [22mdoes not modify cosmetics for private games[32m 1[2mms[22m[39m
 [32mΓ£ô[39m tests/NameLayer.test.ts[2m > [22mPlayerIcons[2m > [22mcomputeAllianceClipPath[2m > [22mreturns full visibility (20% top cut) when alliance time is at 100%[32m 3[2mms[22m[39m
 [32mΓ£ô[39m tests/NameLayer.test.ts[2m > [22mPlayerIcons[2m > [22mcomputeAllianceClipPath[2m > [22mreturns maximum cut (82.40% top cut) when alliance time is at 0%[32m 0[2mms[22m[39m
 [32mΓ£ô[39m tests/NameLayer.test.ts[2m > [22mPlayerIcons[2m > [22mcomputeAllianceClipPath[2m > [22mreturns 51.20% top cut when alliance time is at 50%[32m 0[2mms[22m[39m
 [32mΓ£ô[39m tests/NameLayer.test.ts[2m > [22mPlayerIcons[2m > [22mcomputeAllianceClipPath[2m > [22mreturns 27.80% top cut when alliance time is at 87.5%[32m 0[2mms[22m[39m
 [32mΓ£ô[39m tests/NameLayer.test.ts[2m > [22mPlayerIcons[2m > [22mcomputeAllianceClipPath[2m > [22mreturns 74.60% top cut when alliance time is at 12.5%[32m 0[2mms[22m[39m
 [32mΓ£ô[39m tests/NameLayer.test.ts[2m > [22mPlayerIcons[2m > [22mcomputeAllianceClipPath[2m > [22mincludes -2px horizontal overscan to prevent subpixel gaps[32m 1[2mms[22m[39m
 [32mΓ£ô[39m tests/client/NewsMarkdown.test.ts[2m > [22mnormalizeNewsMarkdown[2m > [22mconverts openfront pull request URLs to short markdown links[32m 4[2mms[22m[39m
 [32mΓ£ô[39m tests/client/NewsMarkdown.test.ts[2m > [22mnormalizeNewsMarkdown[2m > [22mconverts openfront compare URLs to markdown links[32m 1[2mms[22m[39m
 [32mΓ£ô[39m tests/client/NewsMarkdown.test.ts[2m > [22mnormalizeNewsMarkdown[2m > [22mconverts github @mentions to profile links[32m 0[2mms[22m[39m
 [32mΓ£ô[39m tests/client/NewsMarkdown.test.ts[2m > [22mnormalizeNewsMarkdown[2m > [22mdoes not convert existing markdown-linked mentions[32m 1[2mms[22m[39m
 [32mΓ£ô[39m tests/client/NewsMarkdown.test.ts[2m > [22mnormalizeNewsMarkdown[2m > [22mdoes not convert email addresses[32m 0[2mms[22m[39m
 [32mΓ£ô[39m tests/server/PollingLoop.test.ts[2m > [22mPollingLoop[2m > [22mshould not start the next task until the previous one completes[32m 8[2mms[22m[39m
 [32mΓ£ô[39m tests/server/PollingLoop.test.ts[2m > [22mPollingLoop[2m > [22mshould continue polling even if a task fails[32m 2[2mms[22m[39m
 [32mΓ£ô[39m tests/core/pathfinding/transformers/MiniMapTransformer.test.ts[2m > [22mMiniMapTransformer[2m > [22mfindPath[2m > [22mconverts coordinates to minimap scale[32m 6[2mms[22m[39m
 [32mΓ£ô[39m tests/core/pathfinding/transformers/MiniMapTransformer.test.ts[2m > [22mMiniMapTransformer[2m > [22mfindPath[2m > [22mupscales minimap path back to full resolution[32m 1[2mms[22m[39m
 [32mΓ£ô[39m tests/core/pathfinding/transformers/MiniMapTransformer.test.ts[2m > [22mMiniMapTransformer[2m > [22mfindPath[2m > [22mreturns null when inner returns null[32m 0[2mms[22m[39m
 [32mΓ£ô[39m tests/core/pathfinding/transformers/MiniMapTransformer.test.ts[2m > [22mMiniMapTransformer[2m > [22mfindPath[2m > [22mreturns null when inner returns empty path[32m 0[2mms[22m[39m
 [32mΓ£ô[39m tests/core/pathfinding/transformers/MiniMapTransformer.test.ts[2m > [22mMiniMapTransformer[2m > [22mfindPath[2m > [22mhandles multiple sources[32m 1[2mms[22m[39m
 [32mΓ£ô[39m tests/core/pathfinding/transformers/MiniMapTransformer.test.ts[2m > [22mMiniMapTransformer[2m > [22mfindPath[2m > [22mfixes path extremes to match original from/to[32m 0[2mms[22m[39m
 [32mΓ£ô[39m tests/core/pathfinding/transformers/MiniMapTransformer.test.ts[2m > [22mMiniMapTransformer[2m > [22mcoordinate mapping[2m > [22mmaps main coords (0,0) to mini coords (0,0)[32m 1[2mms[22m[39m
 [32mΓ£ô[39m tests/core/pathfinding/transformers/MiniMapTransformer.test.ts[2m > [22mMiniMapTransformer[2m > [22mcoordinate mapping[2m > [22mmaps main coords (1,1) to mini coords (0,0) (floor division)[32m 0[2mms[22m[39m
 [32mΓ£ô[39m tests/core/pathfinding/transformers/MiniMapTransformer.test.ts[2m > [22mMiniMapTransformer[2m > [22mcoordinate mapping[2m > [22mmaps main coords (2,2) to mini coords (1,1)[32m 1[2mms[22m[39m
 [32mΓ£ô[39m tests/client/components/NewsBox.test.ts[2m > [22mNewsBox[2m > [22mgetVisibleNewsItems[2m > [22mreturns all items when none are dismissed[32m 5[2mms[22m[39m
 [32mΓ£ô[39m tests/client/components/NewsBox.test.ts[2m > [22mNewsBox[2m > [22mgetVisibleNewsItems[2m > [22mfilters out dismissed items[32m 1[2mms[22m[39m
 [32mΓ£ô[39m tests/client/components/NewsBox.test.ts[2m > [22mNewsBox[2m > [22mgetVisibleNewsItems[2m > [22mreturns empty when all items are dismissed[32m 7[2mms[22m[39m
 [32mΓ£ô[39m tests/client/components/NewsBox.test.ts[2m > [22mNewsBox[2m > [22mnews items structure[2m > [22meach item has required fields[32m 4[2mms[22m[39m
 [32mΓ£ô[39m tests/client/components/NewsBox.test.ts[2m > [22mNewsBox[2m > [22mnews items structure[2m > [22meach item has a unique id[32m 1[2mms[22m[39m
 [32mΓ£ô[39m tests/client/components/NewsBox.test.ts[2m > [22mNewsBox[2m > [22mnews items structure[2m > [22mcontains a tournament entry[32m 0[2mms[22m[39m
 [32mΓ£ô[39m tests/server/MasterLobbyServiceHealth.test.ts[2m > [22mMasterLobbyService.isHealthy[2m > [22munhealthy before any workers register[32m 4[2mms[22m[39m
 [32mΓ£ô[39m tests/server/MasterLobbyServiceHealth.test.ts[2m > [22mMasterLobbyService.isHealthy[2m > [22munhealthy when workers registered but not ready[32m 1[2mms[22m[39m
 [32mΓ£ô[39m tests/server/MasterLobbyServiceHealth.test.ts[2m > [22mMasterLobbyService.isHealthy[2m > [22munhealthy when only some workers are ready (server not started)[32m 2[2mms[22m[39m
 [32mΓ£ô[39m tests/server/MasterLobbyServiceHealth.test.ts[2m > [22mMasterLobbyService.isHealthy[2m > [22mhealthy once all workers are ready[32m 1[2mms[22m[39m
 [32mΓ£ô[39m tests/server/MasterLobbyServiceHealth.test.ts[2m > [22mMasterLobbyService.isHealthy[2m > [22mstays healthy after a single worker crash[32m 1[2mms[22m[39m
 [32mΓ£ô[39m tests/server/MasterLobbyServiceHealth.test.ts[2m > [22mMasterLobbyService.isHealthy[2m > [22mgoes unhealthy when too many workers crash[32m 1[2mms[22m[39m
 [32mΓ£ô[39m tests/server/MasterLobbyServiceHealth.test.ts[2m > [22mMasterLobbyService.isHealthy[2m > [22msingle-worker setup goes unhealthy on crash[32m 1[2mms[22m[39m
 [32mΓ£ô[39m tests/server/MasterLobbyServiceHealth.test.ts[2m > [22mMasterLobbyService.isHealthy[2m > [22modd worker count: threshold rounds up (3 workers)[32m 1[2mms[22m[39m
 [32mΓ£ô[39m tests/PlayerInfo.test.ts[2m > [22mPlayerInfo[2m > [22mclanTag from explicit clanTag parameter[2m > [22mshould set clanTag from clanTag parameter[32m 4[2mms[22m[39m
 [32mΓ£ô[39m tests/PlayerInfo.test.ts[2m > [22mPlayerInfo[2m > [22mclanTag from explicit clanTag parameter[2m > [22mshould preserve already-uppercase clan tag[32m 0[2mms[22m[39m
 [32mΓ£ô[39m tests/PlayerInfo.test.ts[2m > [22mPlayerInfo[2m > [22mclanTag from explicit clanTag parameter[2m > [22mshould set clan to null when clanTag is not provided[32m 0[2mms[22m[39m
 [32mΓ£ô[39m tests/PlayerInfo.test.ts[2m > [22mPlayerInfo[2m > [22mclanTag from explicit clanTag parameter[2m > [22mshould set clan to null when clanTag is null[32m 0[2mms[22m[39m
 [32mΓ£ô[39m tests/PlayerInfo.test.ts[2m > [22mPlayerInfo[2m > [22mclanTag from explicit clanTag parameter[2m > [22mshould set clan to null when clanTag is undefined[32m 0[2mms[22m[39m
 [32mΓ£ô[39m tests/PlayerInfo.test.ts[2m > [22mPlayerInfo[2m > [22mdisplayName[2m > [22mshould construct display name with clan tag[32m 0[2mms[22m[39m
 [32mΓ£ô[39m tests/PlayerInfo.test.ts[2m > [22mPlayerInfo[2m > [22mdisplayName[2m > [22mshould return just name when no clan tag[32m 0[2mms[22m[39m
 [32mΓ£ô[39m tests/PlayerInfo.test.ts[2m > [22mPlayerInfo[2m > [22mdisplayName[2m > [22mshould preserve clan tag casing in display name[32m 0[2mms[22m[39m
 [32mΓ£ô[39m tests/core/pathfinding/WaterComponents.test.ts[2m > [22mConnectedComponents[2m > [22mgetComponentId[2m > [22mreturns 0 before initialization[32m 4[2mms[22m[39m
 [32mΓ£ô[39m tests/core/pathfinding/WaterComponents.test.ts[2m > [22mConnectedComponents[2m > [22mgetComponentId[2m > [22mreturns same component ID for all water tiles in single connected area[32m 2[2mms[22m[39m
 [32mΓ£ô[39m tests/core/pathfinding/WaterComponents.test.ts[2m > [22mConnectedComponents[2m > [22mgetComponentId[2m > [22mreturns different component IDs for disconnected water areas[32m 3[2mms[22m[39m
 [32mΓ£ô[39m tests/core/pathfinding/WaterComponents.test.ts[2m > [22mConnectedComponents[2m > [22mgetComponentId[2m > [22mreturns LAND_MARKER for land tiles[32m 1[2mms[22m[39m
 [32mΓ£ô[39m tests/core/pathfinding/WaterComponents.test.ts[2m > [22mConnectedComponents[2m > [22mdeterminism[2m > [22mproduces same component IDs on repeated initialization[32m 1[2mms[22m[39m
 [32mΓ£ô[39m tests/core/pathfinding/WaterComponents.test.ts[2m > [22mConnectedComponents[2m > [22mdirect terrain access optimization[2m > [22mproduces same results with accessTerrainDirectly=false[32m 1[2mms[22m[39m
 [32mΓ£ô[39m tests/Censor.test.ts[2m > [22musername.ts functions[2m > [22mvalidateUsername[2m > [22mrejects non-string[32m 7[2mms[22m[39m
 [32mΓ£ô[39m tests/Censor.test.ts[2m > [22musername.ts functions[2m > [22mvalidateUsername[2m > [22mrejects too short[32m 1[2mms[22m[39m
 [32mΓ£ô[39m tests/Censor.test.ts[2m > [22musername.ts functions[2m > [22mvalidateUsername[2m > [22mrejects too long[32m 1[2mms[22m[39m
 [32mΓ£ô[39m tests/Censor.test.ts[2m > [22musername.ts functions[2m > [22mvalidateUsername[2m > [22mrejects invalid chars[32m 1[2mms[22m[39m
 [32mΓ£ô[39m tests/Censor.test.ts[2m > [22musername.ts functions[2m > [22mvalidateUsername[2m > [22maccepts valid ASCII names[32m 0[2mms[22m[39m
 [32mΓ£ô[39m tests/Censor.test.ts[2m > [22musername.ts functions[2m > [22mvalidateUsername[2m > [22maccepts allowed Unicode like ├╝[32m 0[2mms[22m[39m
 [32mΓ£ô[39m tests/Censor.test.ts[2m > [22musername.ts functions[2m > [22mvalidateClanTag[2m > [22maccepts empty clan tag[32m 0[2mms[22m[39m
 [32mΓ£ô[39m tests/Censor.test.ts[2m > [22musername.ts functions[2m > [22mvalidateClanTag[2m > [22mrejects too short clan tag[32m 0[2mms[22m[39m
 [32mΓ£ô[39m tests/Censor.test.ts[2m > [22musername.ts functions[2m > [22mvalidateClanTag[2m > [22mrejects invalid clan tag characters[32m 1[2mms[22m[39m
 [32mΓ£ô[39m tests/Censor.test.ts[2m > [22musername.ts functions[2m > [22mvalidateClanTag[2m > [22mrejects too long clan tag[32m 0[2mms[22m[39m
 [32mΓ£ô[39m tests/Censor.test.ts[2m > [22musername.ts functions[2m > [22mvalidateClanTag[2m > [22maccepts valid clan tag[32m 0[2mms[22m[39m
[90mstdout[2m | tests/server/GameLifecycle.test.ts
[22m[39mΓùç injected env (0) from .env // tip: Γîÿ override existing { override: true }
No OTLP endpoint and credentials provided, remote logging disabled

 [32mΓ£ô[39m tests/core/pathfinding/transformers/ComponentCheckTransformer.test.ts[2m > [22mComponentCheckTransformer[2m > [22mfindPath[2m > [22mdelegates when source and destination in same component[32m 5[2mms[22m[39m
 [32mΓ£ô[39m tests/core/pathfinding/transformers/ComponentCheckTransformer.test.ts[2m > [22mComponentCheckTransformer[2m > [22mfindPath[2m > [22mreturns null when source and destination in different components[32m 1[2mms[22m[39m
 [32mΓ£ô[39m tests/core/pathfinding/transformers/ComponentCheckTransformer.test.ts[2m > [22mComponentCheckTransformer[2m > [22mfindPath[2m > [22mfilters multiple sources to only valid ones[32m 1[2mms[22m[39m
 [32mΓ£ô[39m tests/core/pathfinding/transformers/ComponentCheckTransformer.test.ts[2m > [22mComponentCheckTransformer[2m > [22mfindPath[2m > [22mreturns null when no source in same component[32m 0[2mms[22m[39m
 [32mΓ£ô[39m tests/core/pathfinding/transformers/ComponentCheckTransformer.test.ts[2m > [22mComponentCheckTransformer[2m > [22mfindPath[2m > [22munwraps single valid source from array[32m 1[2mms[22m[39m
 [32mΓ£ô[39m tests/core/pathfinding/transformers/ComponentCheckTransformer.test.ts[2m > [22mComponentCheckTransformer[2m > [22mfindPath[2m > [22mhandles single source (not array)[32m 0[2mms[22m[39m
 [32mΓ£ô[39m tests/core/pathfinding/transformers/ComponentCheckTransformer.test.ts[2m > [22mComponentCheckTransformer[2m > [22mfindPath[2m > [22mpropagates null from inner pathfinder[32m 0[2mms[22m[39m
 [32mΓ£ô[39m tests/core/pathfinding/transformers/ComponentCheckTransformer.test.ts[2m > [22mComponentCheckTransformer[2m > [22mfindPath[2m > [22mpropagates path from inner pathfinder[32m 0[2mms[22m[39m
 [32mΓ£ô[39m tests/core/pathfinding/transformers/ComponentCheckTransformer.test.ts[2m > [22mComponentCheckTransformer[2m > [22medge cases[2m > [22mhandles empty source array[32m 1[2mms[22m[39m
 [32mΓ£ô[39m tests/core/pathfinding/transformers/ComponentCheckTransformer.test.ts[2m > [22mComponentCheckTransformer[2m > [22medge cases[2m > [22mworks with custom component function[32m 0[2mms[22m[39m
 [32mΓ£ô[39m tests/server/GameLifecycle.test.ts[2m > [22mGameLifecycle[2m > [22mshould not start turn interval if game has ended[32m 8[2mms[22m[39m
 [32mΓ£ô[39m tests/server/GameLifecycle.test.ts[2m > [22mGameLifecycle[2m > [22mshould clear turn interval and set _hasEnded on end()[32m 3[2mms[22m[39m
 [32mΓ£ô[39m tests/server/GameLifecycle.test.ts[2m > [22mGameLifecycle[2m > [22mshould be resilient to multiple end() calls[32m 2[2mms[22m[39m
 [32mΓ£ô[39m tests/server/NoStoreHeaders.test.ts[2m > [22mNoStoreHeaders[2m > [22msets explicit no-store headers[32m 3[2mms[22m[39m
 [32mΓ£ô[39m tests/client/graphics/layers/WinModal.test.ts[2m > [22mWinModal Requeue[2m > [22misRankedGame detection[2m > [22mshould detect ranked 1v1 game[32m 4[2mms[22m[39m
 [32mΓ£ô[39m tests/client/graphics/layers/WinModal.test.ts[2m > [22mWinModal Requeue[2m > [22misRankedGame detection[2m > [22mshould not detect non-ranked game[32m 1[2mms[22m[39m
 [32mΓ£ô[39m tests/client/graphics/layers/WinModal.test.ts[2m > [22mWinModal Requeue[2m > [22mrequeue navigation[2m > [22mshould navigate to /?requeue when requeue is triggered[32m 1[2mms[22m[39m
 [32mΓ£ô[39m tests/client/graphics/layers/WinModal.test.ts[2m > [22mWinModal Requeue[2m > [22mrequeue navigation[2m > [22mshould navigate to / when exit is triggered[32m 0[2mms[22m[39m
 [32mΓ£ô[39m tests/client/graphics/layers/WinModal.test.ts[2m > [22mWinModal Requeue[2m > [22mrequeue URL parameter handling[2m > [22mshould parse requeue parameter from URL[32m 1[2mms[22m[39m
 [32mΓ£ô[39m tests/client/graphics/layers/WinModal.test.ts[2m > [22mWinModal Requeue[2m > [22mrequeue URL parameter handling[2m > [22mshould not find requeue parameter when absent[32m 2[2mms[22m[39m
 [32mΓ£ô[39m tests/core/game/FetchGameMapLoader.test.ts[2m > [22mFetchGameMapLoader[2m > [22mresolves each map file through the provided path resolver[32m 5[2mms[22m[39m
 [32mΓ£ô[39m tests/client/graphics/layers/AttackingTroopsOverlay.test.ts[2m > [22mcomputeLabelScale[2m > [22mat the full-size threshold, rendered size is capped at the multiplier[32m 2[2mms[22m[39m
 [32mΓ£ô[39m tests/client/graphics/layers/AttackingTroopsOverlay.test.ts[2m > [22mcomputeLabelScale[2m > [22mabove the threshold, rendered size stays capped (counter-scales zoom)[32m 0[2mms[22m[39m
 [32mΓ£ô[39m tests/client/graphics/layers/AttackingTroopsOverlay.test.ts[2m > [22mcomputeLabelScale[2m > [22mat zoom = 0+, rendered size approaches the floor[32m 0[2mms[22m[39m
 [32mΓ£ô[39m tests/client/graphics/layers/AttackingTroopsOverlay.test.ts[2m > [22mcomputeLabelScale[2m > [22minterpolates linearly between floor and full-size threshold[32m 0[2mms[22m[39m
 [32mΓ£ô[39m tests/client/graphics/layers/AttackingTroopsOverlay.test.ts[2m > [22malignClusterOrder[2m > [22mpreserves order when direct mapping is closer[32m 0[2mms[22m[39m
 [32mΓ£ô[39m tests/client/graphics/layers/AttackingTroopsOverlay.test.ts[2m > [22malignClusterOrder[2m > [22mswaps when the worker reordered same-size clusters[32m 0[2mms[22m[39m
 [32mΓ£ô[39m tests/client/graphics/layers/AttackingTroopsOverlay.test.ts[2m > [22malignClusterOrder[2m > [22mdoes not swap on a tie (strict less-than)[32m 0[2mms[22m[39m
 [32mΓ£ô[39m tests/client/graphics/layers/AttackingTroopsOverlay.test.ts[2m > [22malignClusterOrder[2m > [22mno-op when fewer than two new positions[32m 0[2mms[22m[39m
 [32mΓ£ô[39m tests/client/graphics/layers/AttackingTroopsOverlay.test.ts[2m > [22malignClusterOrder[2m > [22mno-op when either previous slot is null (initial render)[32m 1[2mms[22m[39m
 [32mΓ£ô[39m tests/client/graphics/layers/AttackingTroopsOverlay.test.ts[2m > [22malignClusterOrder[2m > [22mno-op when more than two new positions (assumed cap)[32m 1[2mms[22m[39m
 [32mΓ£ô[39m tests/CosmeticRelationship.test.ts[2m > [22mcosmeticRelationship[2m > [22mreturns owned when user has wildcard flare[32m 2[2mms[22m[39m
 [32mΓ£ô[39m tests/CosmeticRelationship.test.ts[2m > [22mcosmeticRelationship[2m > [22mreturns owned when user has the specific flare[32m 0[2mms[22m[39m
 [32mΓ£ô[39m tests/CosmeticRelationship.test.ts[2m > [22mcosmeticRelationship[2m > [22mreturns blocked when no product and user does not own it[32m 0[2mms[22m[39m
 [32mΓ£ô[39m tests/CosmeticRelationship.test.ts[2m > [22mcosmeticRelationship[2m > [22mreturns blocked when affiliate codes do not match[32m 0[2mms[22m[39m
 [32mΓ£ô[39m tests/CosmeticRelationship.test.ts[2m > [22mcosmeticRelationship[2m > [22mreturns purchasable when product exists and affiliate matches[32m 0[2mms[22m[39m
 [32mΓ£ô[39m tests/CosmeticRelationship.test.ts[2m > [22mcosmeticRelationship[2m > [22mreturns purchasable when affiliate codes match[32m 0[2mms[22m[39m
 [32mΓ£ô[39m tests/CosmeticRelationship.test.ts[2m > [22mcosmeticRelationship[2m > [22mreturns blocked when user is not logged in and no product[32m 0[2mms[22m[39m
 [32mΓ£ô[39m tests/CosmeticRelationship.test.ts[2m > [22mcosmeticRelationship[2m > [22mreturns purchasable when user is not logged in but product exists[32m 0[2mms[22m[39m
 [32mΓ£ô[39m tests/CosmeticRelationship.test.ts[2m > [22mcosmeticRelationship[2m > [22mreturns purchasable when item has currency price and no product[32m 0[2mms[22m[39m
 [32mΓ£ô[39m tests/CosmeticRelationship.test.ts[2m > [22mcosmeticRelationship[2m > [22mreturns blocked when item has currency price but affiliate codes do not match[32m 0[2mms[22m[39m
 [32mΓ£ô[39m tests/CosmeticRelationship.test.ts[2m > [22mcosmeticRelationship[2m > [22mreturns owned when user has wildcard flare for patterns[32m 0[2mms[22m[39m
 [32mΓ£ô[39m tests/client/graphics/layers/EventDisplayAlliance.test.ts[2m > [22mEventsDisplay - alliance renewal cleanup (allianceID based)[2m > [22mremoves ONLY renewal events for the broken alliance[32m 2[2mms[22m[39m
 [32mΓ£ô[39m tests/client/graphics/layers/EventDisplayAlliance.test.ts[2m > [22mEventsDisplay - alliance renewal cleanup (allianceID based)[2m > [22mdoes NOT remove renewals just because the same player is involved[32m 0[2mms[22m[39m
 [32mΓ£ô[39m tests/client/graphics/layers/EventDisplayAlliance.test.ts[2m > [22mEventsDisplay - alliance renewal cleanup (allianceID based)[2m > [22mbreaking one alliance does not affect renewals between other players[32m 0[2mms[22m[39m
 [32mΓ£ô[39m tests/client/graphics/layers/EventDisplayAlliance.test.ts[2m > [22mEventsDisplay - alliance renewal cleanup (allianceID based)[2m > [22monAllianceExtensionEvent removes renewal when playerID matches myPlayer[32m 0[2mms[22m[39m
 [32mΓ£ô[39m tests/client/graphics/layers/EventDisplayAlliance.test.ts[2m > [22mEventsDisplay - alliance renewal cleanup (allianceID based)[2m > [22monAllianceExtensionEvent keeps renewal when playerID does not match myPlayer[32m 0[2mms[22m[39m
 [32mΓ£ô[39m tests/client/graphics/layers/EventDisplayAlliance.test.ts[2m > [22mEventsDisplay - alliance renewal cleanup (allianceID based)[2m > [22monAllianceExtensionEvent keeps renewal when myPlayer is null[32m 0[2mms[22m[39m
 [32mΓ£ô[39m tests/client/graphics/layers/EventDisplayAlliance.test.ts[2m > [22mEventsDisplay - alliance renewal cleanup (allianceID based)[2m > [22mdoes not affect non-RENEW_ALLIANCE events[32m 0[2mms[22m[39m
 [32mΓ£ô[39m tests/server/StaticAssetCache.test.ts[2m > [22mStaticAssetCache[2m > [22mmarks Vite asset namespace as immutable[32m 2[2mms[22m[39m
 [32mΓ£ô[39m tests/server/StaticAssetCache.test.ts[2m > [22mStaticAssetCache[2m > [22mmarks custom hashed asset namespace as immutable[32m 0[2mms[22m[39m
 [32mΓ£ô[39m tests/server/StaticAssetCache.test.ts[2m > [22mStaticAssetCache[2m > [22mdoes not mark other paths as immutable[32m 0[2mms[22m[39m
 [32mΓ£ô[39m tests/client/graphics/layers/StructureIconsLayer.test.ts[2m > [22mStructureIconsLayer ghost preservation (locked nuke / Enter confirm)[2m > [22mshouldPreserveGhostAfterBuild[2m > [22mreturns true for AtomBomb so ghost is not cleared after placement[32m 2[2mms[22m[39m
 [32mΓ£ô[39m tests/client/graphics/layers/StructureIconsLayer.test.ts[2m > [22mStructureIconsLayer ghost preservation (locked nuke / Enter confirm)[2m > [22mshouldPreserveGhostAfterBuild[2m > [22mreturns true for HydrogenBomb so ghost is not cleared after placement[32m 0[2mms[22m[39m
 [32mΓ£ô[39m tests/client/graphics/layers/StructureIconsLayer.test.ts[2m > [22mStructureIconsLayer ghost preservation (locked nuke / Enter confirm)[2m > [22mshouldPreserveGhostAfterBuild[2m > [22mreturns false for City so ghost is cleared after placement[32m 0[2mms[22m[39m
 [32mΓ£ô[39m tests/client/graphics/layers/StructureIconsLayer.test.ts[2m > [22mStructureIconsLayer ghost preservation (locked nuke / Enter confirm)[2m > [22mshouldPreserveGhostAfterBuild[2m > [22mreturns false for Factory so ghost is cleared after placement[32m 0[2mms[22m[39m
 [32mΓ£ô[39m tests/client/graphics/layers/StructureIconsLayer.test.ts[2m > [22mStructureIconsLayer ghost preservation (locked nuke / Enter confirm)[2m > [22mshouldPreserveGhostAfterBuild[2m > [22mreturns false for other buildable types (Port, DefensePost, MissileSilo, SAMLauncher, Warship, MIRV)[32m 0[2mms[22m[39m

[2m Test Files [22m [1m[31m1 failed[39m[22m[2m | [22m[1m[32m105 passed[39m[22m[90m (106)[39m
[2m      Tests [22m [1m[31m2 failed[39m[22m[2m | [22m[1m[32m1041 passed[39m[22m[90m (1043)[39m
[2m   Start at [22m 07:41:01
[2m   Duration [22m 28.32s[2m (transform 32.11s, setup 8.61s, import 92.83s, tests 12.45s, environment 342.83s)[22m

